dump dir: surrogate_dumps
loaded 4 capture(s): prenorm_h_001_surrogate1.bin shape=[1, 1, 4096], prenorm_h_002_surrogate2.bin shape=[1, 4, 4096], prenorm_h_003_surrogate3.bin shape=[1, 4, 4096], prenorm_h_004_surrogate4d.bin shape=[1, 3, 4, 4096]
prenorm mode: real HyperHead + RMSNorm loaded with 0731 weights
heads built (BF16 + mxfp8); head_weight.bf16 md5 verified

--- prenorm_h_001_surrogate1.bin shape=[1, 1, 4096] mode=postnorm ---
{
 "rows": 1,
 "logit_err_max": 13.0,
 "logit_err_mean": 1.5877443552017212,
 "logit_err_rms": 2.0207698345184326,
 "flips": 0,
 "flip_rate": 0.0,
 "margin_p10": 8.0,
 "margin_p50": 8.0,
 "margin_p90": 8.0,
 "flips_by_margin_band": [
  {
   "band": "<1.44",
   "n": 0,
   "flips": 0,
   "flip_rate": null
  },
  {
   "band": "1.44-3.62",
   "n": 0,
   "flips": 0,
   "flip_rate": null
  },
  {
   "band": ">3.62",
   "n": 1,
   "flips": 0,
   "flip_rate": 0.0
  }
 ],
 "top5_overlap": 1.0,
 "name": "prenorm_h_001_surrogate1.bin",
 "shape": [
  1,
  1,
  4096
 ],
 "input_mode": "postnorm",
 "mbatch": null
}

--- prenorm_h_002_surrogate2.bin shape=[1, 4, 4096] mode=postnorm ---
{
 "rows": 4,
 "logit_err_max": 18.5,
 "logit_err_mean": 1.5911928415298462,
 "logit_err_rms": 2.025181293487549,
 "flips": 0,
 "flip_rate": 0.0,
 "margin_p10": 9.899999618530273,
 "margin_p50": 33.5,
 "margin_p90": 87.19999694824219,
 "flips_by_margin_band": [
  {
   "band": "<1.44",
   "n": 0,
   "flips": 0,
   "flip_rate": null
  },
  {
   "band": "1.44-3.62",
   "n": 0,
   "flips": 0,
   "flip_rate": null
  },
  {
   "band": ">3.62",
   "n": 4,
   "flips": 0,
   "flip_rate": 0.0
  }
 ],
 "top5_overlap": 0.8500000000000001,
 "name": "prenorm_h_002_surrogate2.bin",
 "shape": [
  1,
  4,
  4096
 ],
 "input_mode": "postnorm",
 "mbatch": {
  "native_L": 4,
  "argmax_flips_vs_M1": 0,
  "flip_rate": 0.0
 }
}

--- prenorm_h_003_surrogate3.bin shape=[1, 4, 4096] mode=postnorm ---
{
 "rows": 4,
 "logit_err_max": 18.0625,
 "logit_err_mean": 1.6036642789840698,
 "logit_err_rms": 2.0398166179656982,
 "flips": 0,
 "flip_rate": 0.0,
 "margin_p10": 3.9000000953674316,
 "margin_p50": 9.5,
 "margin_p90": 27.0,
 "flips_by_margin_band": [
  {
   "band": "<1.44",
   "n": 0,
   "flips": 0,
   "flip_rate": null
  },
  {
   "band": "1.44-3.62",
   "n": 1,
   "flips": 0,
   "flip_rate": 0.0
  },
  {
   "band": ">3.62",
   "n": 3,
   "flips": 0,
   "flip_rate": 0.0
  }
 ],
 "top5_overlap": 0.9,
 "name": "prenorm_h_003_surrogate3.bin",
 "shape": [
  1,
  4,
  4096
 ],
 "input_mode": "postnorm",
 "mbatch": {
  "native_L": 4,
  "argmax_flips_vs_M1": 0,
  "flip_rate": 0.0
 }
}

--- prenorm_h_004_surrogate4d.bin shape=[1, 3, 4, 4096] mode=prenorm ---
{
 "rows": 3,
 "logit_err_max": 1.59375,
 "logit_err_mean": 0.16154292225837708,
 "logit_err_rms": 0.20524367690086365,
 "flips": 1,
 "flip_rate": 0.3333333333333333,
 "margin_p10": 0.22499999403953552,
 "margin_p50": 0.625,
 "margin_p90": 1.0750000476837158,
 "flips_by_margin_band": [
  {
   "band": "<1.44",
   "n": 3,
   "flips": 1,
   "flip_rate": 0.3333333333333333
  },
  {
   "band": "1.44-3.62",
   "n": 0,
   "flips": 0,
   "flip_rate": null
  },
  {
   "band": ">3.62",
   "n": 0,
   "flips": 0,
   "flip_rate": null
  }
 ],
 "top5_overlap": 0.8666666666666667,
 "name": "prenorm_h_004_surrogate4d.bin",
 "shape": [
  1,
  3,
  4,
  4096
 ],
 "input_mode": "prenorm",
 "mbatch": {
  "native_L": 3,
  "argmax_flips_vs_M1": 0,
  "flip_rate": 0.0
 }
}

==============================================================
REAL-H REPLAY SUMMARY (machine-readable)
==============================================================
{"dump_dir": "surrogate_dumps", "n_captures": 4, "input_modes": ["postnorm", "prenorm"], "pooled": {"rows": 12, "logit_err_max": 18.5, "logit_err_mean": 1.2376501560211182, "logit_err_rms": 1.7620710134506226, "flips": 1, "flip_rate": 0.08333333333333333, "margin_p10": 0.6812499761581421, "margin_p50": 7.0, "margin_p90": 46.5, "flips_by_margin_band": [{"band": "<1.44", "n": 3, "flips": 1, "flip_rate": 0.3333333333333333}, {"band": "1.44-3.62", "n": 1, "flips": 0, "flip_rate": 0.0}, {"band": ">3.62", "n": 8, "flips": 0, "flip_rate": 0.0}], "top5_overlap": 0.8833333333333334}, "per_capture": [{"rows": 1, "logit_err_max": 13.0, "logit_err_mean": 1.5877443552017212, "logit_err_rms": 2.0207698345184326, "flips": 0, "flip_rate": 0.0, "margin_p10": 8.0, "margin_p50": 8.0, "margin_p90": 8.0, "flips_by_margin_band": [{"band": "<1.44", "n": 0, "flips": 0, "flip_rate": null}, {"band": "1.44-3.62", "n": 0, "flips": 0, "flip_rate": null}, {"band": ">3.62", "n": 1, "flips": 0, "flip_rate": 0.0}], "top5_overlap": 1.0, "name": "prenorm_h_001_surrogate1.bin", "shape": [1, 1, 4096], "input_mode": "postnorm", "mbatch": null}, {"rows": 4, "logit_err_max": 18.5, "logit_err_mean": 1.5911928415298462, "logit_err_rms": 2.025181293487549, "flips": 0, "flip_rate": 0.0, "margin_p10": 9.899999618530273, "margin_p50": 33.5, "margin_p90": 87.19999694824219, "flips_by_margin_band": [{"band": "<1.44", "n": 0, "flips": 0, "flip_rate": null}, {"band": "1.44-3.62", "n": 0, "flips": 0, "flip_rate": null}, {"band": ">3.62", "n": 4, "flips": 0, "flip_rate": 0.0}], "top5_overlap": 0.8500000000000001, "name": "prenorm_h_002_surrogate2.bin", "shape": [1, 4, 4096], "input_mode": "postnorm", "mbatch": {"native_L": 4, "argmax_flips_vs_M1": 0, "flip_rate": 0.0}}, {"rows": 4, "logit_err_max": 18.0625, "logit_err_mean": 1.6036642789840698, "logit_err_rms": 2.0398166179656982, "flips": 0, "flip_rate": 0.0, "margin_p10": 3.9000000953674316, "margin_p50": 9.5, "margin_p90": 27.0, "flips_by_margin_band": [{"band": "<1.44", "n": 0, "flips": 0, "flip_rate": null}, {"band": "1.44-3.62", "n": 1, "flips": 0, "flip_rate": 0.0}, {"band": ">3.62", "n": 3, "flips": 0, "flip_rate": 0.0}], "top5_overlap": 0.9, "name": "prenorm_h_003_surrogate3.bin", "shape": [1, 4, 4096], "input_mode": "postnorm", "mbatch": {"native_L": 4, "argmax_flips_vs_M1": 0, "flip_rate": 0.0}}, {"rows": 3, "logit_err_max": 1.59375, "logit_err_mean": 0.16154292225837708, "logit_err_rms": 0.20524367690086365, "flips": 1, "flip_rate": 0.3333333333333333, "margin_p10": 0.22499999403953552, "margin_p50": 0.625, "margin_p90": 1.0750000476837158, "flips_by_margin_band": [{"band": "<1.44", "n": 3, "flips": 1, "flip_rate": 0.3333333333333333}, {"band": "1.44-3.62", "n": 0, "flips": 0, "flip_rate": null}, {"band": ">3.62", "n": 0, "flips": 0, "flip_rate": null}], "top5_overlap": 0.8666666666666667, "name": "prenorm_h_004_surrogate4d.bin", "shape": [1, 3, 4, 4096], "input_mode": "prenorm", "mbatch": {"native_L": 3, "argmax_flips_vs_M1": 0, "flip_rate": 0.0}}]}
==============================================================
EXIT=0
