[jaccl-v2] rank=0 standing pool armed (8 recvs, sz=2)
[p47 r0] jaccl up world=2
[jaccl-v2] ENTER rank=0 call_id=1 total_bytes=16 sz=2 num_chunks=1 small=1
[jaccl-v2] EXIT rank=0 call_id=1 rounds=0
[p47 r0] all_sum ok
[jaccl-v2] ENTER rank=0 call_id=2 total_bytes=4 sz=2 num_chunks=1 small=1
[jaccl-v2] EXIT rank=0 call_id=2 rounds=0
[p47 r0] built in 57.4s active=105.9GB peak=105.9GB
[p47 r0] prompt 23 tokens
[Event::wait] slow wait: elapsed=3.0s signaled=0 target=1 (polling; self-abort at 20000ms)
[jaccl-v2] ENTER rank=0 call_id=3 total_bytes=327680 sz=2 num_chunks=21 small=0
[jaccl-v2] EXIT rank=0 call_id=3 rounds=1
[jaccl-v2] ENTER rank=0 call_id=4 total_bytes=327680 sz=2 num_chunks=21 small=0
[wait_for_one] slow: elapsed=3.1s n_active=11 (polling; self-abort at 20000ms)
[METAL] Command buffer execution failed: Caused GPU Timeout Error (00000002:kIOGPUCommandBufferCallbackErrorTimeout)
[METAL] Command buffer execution failed: Caused GPU Timeout Error (00000002:kIOGPUCommandBufferCallbackErrorTimeout)
[METAL] Command buffer execution failed: Caused GPU Timeout Error (00000002:kIOGPUCommandBufferCallbackErrorTimeout)
[METAL] Command buffer execution failed: Caused GPU Timeout Error (00000002:kIOGPUCommandBufferCallbackErrorTimeout)
[METAL] Command buffer execution failed: Caused GPU Timeout Error (00000002:kIOGPUCommandBufferCallbackErrorTimeout)
[METAL] Command buffer execution failed: Caused GPU Timeout Error (00000002:kIOGPUCommandBufferCallbackErrorTimeout)
[METAL] Command buffer execution failed: Caused GPU Timeout Error (00000002:kIOGPUCommandBufferCallbackErrorTimeout)
[METAL] Command buffer execution failed: Caused GPU Timeout Error (00000002:kIOGPUCommandBufferCallbackErrorTimeout)
[METAL] Command buffer execution failed: Caused GPU Timeout Error (00000002:kIOGPUCommandBufferCallbackErrorTimeout)
[METAL] Command buffer execution failed: Caused GPU Timeout Error (00000002:kIOGPUCommandBufferCallbackErrorTimeout)
[METAL] Command buffer execution failed: Caused GPU Timeout Error (00000002:kIOGPUCommandBufferCallbackErrorTimeout)
[METAL] Command buffer execution failed: Caused GPU Timeout Error (00000002:kIOGPUCommandBufferCallbackErrorTimeout)
[METAL] Command buffer execution failed: Caused GPU Timeout Error (00000002:kIOGPUCommandBufferCallbackErrorTimeout)
[METAL] Command buffer execution failed: Caused GPU Timeout Error (00000002:kIOGPUCommandBufferCallbackErrorTimeout)
[METAL] Command buffer execution failed: Caused GPU Timeout Error (00000002:kIOGPUCommandBufferCallbackErrorTimeout)
[METAL] Command buffer execution failed: Caused GPU Timeout Error (00000002:kIOGPUCommandBufferCallbackErrorTimeout)
[METAL] Command buffer execution failed: Caused GPU Timeout Error (00000002:kIOGPUCommandBufferCallbackErrorTimeout)
[METAL] Command buffer execution failed: Caused GPU Timeout Error (00000002:kIOGPUCommandBufferCallbackErrorTimeout)
[METAL] Command buffer execution failed: Caused GPU Timeout Error (00000002:kIOGPUCommandBufferCallbackErrorTimeout)
[METAL] Command buffer execution failed: Caused GPU Timeout Error (00000002:kIOGPUCommandBufferCallbackErrorTimeout)
[METAL] Command buffer execution failed: Caused GPU Timeout Error (00000002:kIOGPUCommandBufferCallbackErrorTimeout)
[METAL] Command buffer execution failed: Caused GPU Timeout Error (00000002:kIOGPUCommandBufferCallbackErrorTimeout)
[METAL] Command buffer execution failed: Caused GPU Timeout Error (00000002:kIOGPUCommandBufferCallbackErrorTimeout)
[METAL] Command buffer execution failed: Caused GPU Timeout Error (00000002:kIOGPUCommandBufferCallbackErrorTimeout)
[METAL] Command buffer execution failed: Caused GPU Timeout Error (00000002:kIOGPUCommandBufferCallbackErrorTimeout)
[METAL] Command buffer execution failed: Caused GPU Timeout Error (00000002:kIOGPUCommandBufferCallbackErrorTimeout)
[METAL] Command buffer execution failed: Caused GPU Timeout Error (00000002:kIOGPUCommandBufferCallbackErrorTimeout)
[METAL] Command buffer execution failed: Caused GPU Timeout Error (00000002:kIOGPUCommandBufferCallbackErrorTimeout)
[METAL] Command buffer execution failed: Caused GPU Timeout Error (00000002:kIOGPUCommandBufferCallbackErrorTimeout)
[METAL] Command buffer execution failed: Caused GPU Timeout Error (00000002:kIOGPUCommandBufferCallbackErrorTimeout)
[METAL] Command buffer execution failed: Caused GPU Timeout Error (00000002:kIOGPUCommandBufferCallbackErrorTimeout)
[METAL] Command buffer execution failed: Caused GPU Timeout Error (00000002:kIOGPUCommandBufferCallbackErrorTimeout)
[METAL] Command buffer execution failed: Caused GPU Timeout Error (00000002:kIOGPUCommandBufferCallbackErrorTimeout)
[METAL] Command buffer execution failed: Caused GPU Timeout Error (00000002:kIOGPUCommandBufferCallbackErrorTimeout)
[METAL] Command buffer execution failed: Caused GPU Timeout Error (00000002:kIOGPUCommandBufferCallbackErrorTimeout)
[METAL] Command buffer execution failed: Caused GPU Timeout Error (00000002:kIOGPUCommandBufferCallbackErrorTimeout)
[METAL] Command buffer execution failed: Caused GPU Timeout Error (00000002:kIOGPUCommandBufferCallbackErrorTimeout)
[METAL] Command buffer execution failed: Caused GPU Timeout Error (00000002:kIOGPUCommandBufferCallbackErrorTimeout)
[METAL] Command buffer execution failed: Caused GPU Timeout Error (00000002:kIOGPUCommandBufferCallbackErrorTimeout)
[METAL] Command buffer execution failed: Caused GPU Timeout Error (00000002:kIOGPUCommandBufferCallbackErrorTimeout)
[METAL] Command buffer execution failed: Caused GPU Timeout Error (00000002:kIOGPUCommandBufferCallbackErrorTimeout)
[METAL] Command buffer execution failed: Caused GPU Timeout Error (00000002:kIOGPUCommandBufferCallbackErrorTimeout)
[METAL] Command buffer execution failed: Caused GPU Timeout Error (00000002:kIOGPUCommandBufferCallbackErrorTimeout)
[METAL] Command buffer execution failed: Caused GPU Timeout Error (00000002:kIOGPUCommandBufferCallbackErrorTimeout)
[METAL] Command buffer execution failed: Caused GPU Timeout Error (00000002:kIOGPUCommandBufferCallbackErrorTimeout)
[METAL] Command buffer execution failed: Caused GPU Timeout Error (00000002:kIOGPUCommandBufferCallbackErrorTimeout)
[METAL] Command buffer execution failed: Caused GPU Timeout Error (00000002:kIOGPUCommandBufferCallbackErrorTimeout)
[METAL] Command buffer execution failed: Caused GPU Timeout Error (00000002:kIOGPUCommandBufferCallbackErrorTimeout)
[METAL] Command buffer execution failed: Caused GPU Timeout Error (00000002:kIOGPUCommandBufferCallbackErrorTimeout)
[METAL] Command buffer execution failed: Caused GPU Timeout Error (00000002:kIOGPUCommandBufferCallbackErrorTimeout)
[METAL] Command buffer execution failed: Caused GPU Timeout Error (00000002:kIOGPUCommandBufferCallbackErrorTimeout)
[METAL] Command buffer execution failed: Caused GPU Timeout Error (00000002:kIOGPUCommandBufferCallbackErrorTimeout)
[METAL] Command buffer execution failed: Caused GPU Timeout Error (00000002:kIOGPUCommandBufferCallbackErrorTimeout)
[METAL] Command buffer execution failed: Caused GPU Timeout Error (00000002:kIOGPUCommandBufferCallbackErrorTimeout)
[METAL] Command buffer execution failed: Caused GPU Timeout Error (00000002:kIOGPUCommandBufferCallbackErrorTimeout)
[METAL] Command buffer execution failed: Caused GPU Timeout Error (00000002:kIOGPUCommandBufferCallbackErrorTimeout)
[METAL] Command buffer execution failed: Caused GPU Timeout Error (00000002:kIOGPUCommandBufferCallbackErrorTimeout)
[METAL] Command buffer execution failed: Caused GPU Timeout Error (00000002:kIOGPUCommandBufferCallbackErrorTimeout)
[METAL] Command buffer execution failed: Caused GPU Timeout Error (00000002:kIOGPUCommandBufferCallbackErrorTimeout)
[METAL] Command buffer execution failed: Caused GPU Timeout Error (00000002:kIOGPUCommandBufferCallbackErrorTimeout)
[METAL] Command buffer execution failed: Caused GPU Timeout Error (00000002:kIOGPUCommandBufferCallbackErrorTimeout)
[METAL] Command buffer execution failed: Caused GPU Timeout Error (00000002:kIOGPUCommandBufferCallbackErrorTimeout)
[METAL] Command buffer execution failed: Caused GPU Timeout Error (00000002:kIOGPUCommandBufferCallbackErrorTimeout)
[METAL] Command buffer execution failed: Caused GPU Timeout Error (00000002:kIOGPUCommandBufferCallbackErrorTimeout)
[METAL] Command buffer execution failed: Caused GPU Timeout Error (00000002:kIOGPUCommandBufferCallbackErrorTimeout)
[METAL] Command buffer execution failed: Caused GPU Timeout Error (00000002:kIOGPUCommandBufferCallbackErrorTimeout)
[METAL] Command buffer execution failed: Caused GPU Timeout Error (00000002:kIOGPUCommandBufferCallbackErrorTimeout)
[METAL] Command buffer execution failed: Caused GPU Timeout Error (00000002:kIOGPUCommandBufferCallbackErrorTimeout)
[METAL] Command buffer execution failed: Caused GPU Timeout Error (00000002:kIOGPUCommandBufferCallbackErrorTimeout)
[METAL] Command buffer execution failed: Caused GPU Timeout Error (00000002:kIOGPUCommandBufferCallbackErrorTimeout)
[METAL] Command buffer execution failed: Caused GPU Timeout Error (00000002:kIOGPUCommandBufferCallbackErrorTimeout)
[METAL] Command buffer execution failed: Caused GPU Timeout Error (00000002:kIOGPUCommandBufferCallbackErrorTimeout)
[METAL] Command buffer execution failed: Caused GPU Timeout Error (00000002:kIOGPUCommandBufferCallbackErrorTimeout)
[METAL] Command buffer execution failed: Caused GPU Timeout Error (00000002:kIOGPUCommandBufferCallbackErrorTimeout)
[METAL] Command buffer execution failed: Caused GPU Timeout Error (00000002:kIOGPUCommandBufferCallbackErrorTimeout)
[METAL] Command buffer execution failed: Caused GPU Timeout Error (00000002:kIOGPUCommandBufferCallbackErrorTimeout)
[METAL] Command buffer execution failed: Caused GPU Timeout Error (00000002:kIOGPUCommandBufferCallbackErrorTimeout)
[METAL] Command buffer execution failed: Caused GPU Timeout Error (00000002:kIOGPUCommandBufferCallbackErrorTimeout)
[METAL] Command buffer execution failed: Caused GPU Timeout Error (00000002:kIOGPUCommandBufferCallbackErrorTimeout)
[METAL] Command buffer execution failed: Caused GPU Timeout Error (00000002:kIOGPUCommandBufferCallbackErrorTimeout)
[METAL] Command buffer execution failed: Caused GPU Timeout Error (00000002:kIOGPUCommandBufferCallbackErrorTimeout)
[METAL] Command buffer execution failed: Caused GPU Timeout Error (00000002:kIOGPUCommandBufferCallbackErrorTimeout)
[METAL] Command buffer execution failed: Caused GPU Timeout Error (00000002:kIOGPUCommandBufferCallbackErrorTimeout)
[METAL] Command buffer execution failed: Caused GPU Timeout Error (00000002:kIOGPUCommandBufferCallbackErrorTimeout)
[METAL] Command buffer execution failed: Caused GPU Timeout Error (00000002:kIOGPUCommandBufferCallbackErrorTimeout)
[METAL] Command buffer execution failed: Caused GPU Timeout Error (00000002:kIOGPUCommandBufferCallbackErrorTimeout)
[METAL] Command buffer execution failed: Caused GPU Timeout Error (00000002:kIOGPUCommandBufferCallbackErrorTimeout)
[METAL] Command buffer execution failed: Caused GPU Timeout Error (00000002:kIOGPUCommandBufferCallbackErrorTimeout)
[METAL] Command buffer execution failed: Caused GPU Timeout Error (00000002:kIOGPUCommandBufferCallbackErrorTimeout)
[METAL] Command buffer execution failed: Caused GPU Timeout Error (00000002:kIOGPUCommandBufferCallbackErrorTimeout)
[METAL] Command buffer execution failed: Caused GPU Timeout Error (00000002:kIOGPUCommandBufferCallbackErrorTimeout)
[METAL] Command buffer execution failed: Caused GPU Timeout Error (00000002:kIOGPUCommandBufferCallbackErrorTimeout)
[METAL] Command buffer execution failed: Caused GPU Timeout Error (00000002:kIOGPUCommandBufferCallbackErrorTimeout)
[METAL] Command buffer execution failed: Caused GPU Timeout Error (00000002:kIOGPUCommandBufferCallbackErrorTimeout)
[METAL] Command buffer execution failed: Caused GPU Timeout Error (00000002:kIOGPUCommandBufferCallbackErrorTimeout)
[METAL] Command buffer execution failed: Caused GPU Timeout Error (00000002:kIOGPUCommandBufferCallbackErrorTimeout)
[METAL] Command buffer execution failed: Caused GPU Timeout Error (00000002:kIOGPUCommandBufferCallbackErrorTimeout)
[METAL] Command buffer execution failed: Caused GPU Timeout Error (00000002:kIOGPUCommandBufferCallbackErrorTimeout)
[METAL] Command buffer execution failed: Caused GPU Timeout Error (00000002:kIOGPUCommandBufferCallbackErrorTimeout)
[METAL] Command buffer execution failed: Caused GPU Timeout Error (00000002:kIOGPUCommandBufferCallbackErrorTimeout)
[METAL] Command buffer execution failed: Caused GPU Timeout Error (00000002:kIOGPUCommandBufferCallbackErrorTimeout)
[METAL] Command buffer execution failed: Caused GPU Timeout Error (00000002:kIOGPUCommandBufferCallbackErrorTimeout)
[METAL] Command buffer execution failed: Caused GPU Timeout Error (00000002:kIOGPUCommandBufferCallbackErrorTimeout)
[METAL] Command buffer execution failed: Caused GPU Timeout Error (00000002:kIOGPUCommandBufferCallbackErrorTimeout)
[METAL] Command buffer execution failed: Caused GPU Timeout Error (00000002:kIOGPUCommandBufferCallbackErrorTimeout)
[METAL] Command buffer execution failed: Caused GPU Timeout Error (00000002:kIOGPUCommandBufferCallbackErrorTimeout)
[METAL] Command buffer execution failed: Caused GPU Timeout Error (00000002:kIOGPUCommandBufferCallbackErrorTimeout)
[jaccl-v2] DEADLINE rank=0 call_id=4 all_recv=0/21 chunks_posted=12 small=0 peer_in_call=0
Traceback (most recent call last):
  File "/Users/adam.durham/p47_tp2_decode.py", line 83, in <module>
    run(ids[:16], 4)
    ~~~^^^^^^^^^^^^^
  File "/Users/adam.durham/p47_tp2_decode.py", line 67, in run
    mx.eval(nxt)
    ~~~~~~~^^^^^
RuntimeError: [eval] a primitive threw during eval AND a stream worker thread reported a fault. Both are reported below; the stream fault is usually the root cause (e.g. a JACCL RDMA collective error whose corrupt output made a downstream primitive fail).
  (1) stream worker fault: St13runtime_error: [jaccl] reliable_all_reduce_v2 deadline — clean re-place
  (2) primitive failure:   St13runtime_error: [METAL] Command buffer execution failed: Caused GPU Timeout Error (00000002:kIOGPUCommandBufferCallbackErrorTimeout)
IOConnectUnmapMemory failed: kr=0xe00002c2
IOConnectUnmapMemory failed: kr=0xe00002c2
IOConnectUnmapMemory failed: kr=0xe00002c2
IOConnectUnmapMemory failed: kr=0xe00002c2
