2026-08-08 18:19:27.238 | WARNING  | exo.worker.engines.mlx.pp_speculation:pp_dspark_decode_loop:3322 - [PP DSpark OUTLIER R1 n=0] cycle took 1641.7ms (>1000ms threshold) -- batch_xchg=1.2ms r0_fwd=0.0ms r1_verify_wait=0.0ms r1_verify_fwd=1556.2ms draft=83.1ms trim_xchg=0.5ms
2026-08-08 18:19:28.724 | WARNING  | exo.worker.engines.mlx.pp_speculation:pp_dspark_decode_loop:3322 - [PP DSpark OUTLIER R1 n=1] cycle took 1485.7ms (>1000ms threshold) -- batch_xchg=1.1ms r0_fwd=0.0ms r1_verify_wait=0.0ms r1_verify_fwd=1397.9ms draft=85.4ms trim_xchg=0.5ms
2026-08-08 18:19:30.360 | WARNING  | exo.worker.engines.mlx.pp_speculation:pp_dspark_decode_loop:3322 - [PP DSpark OUTLIER R1 n=3] cycle took 1635.3ms (>1000ms threshold) -- batch_xchg=1.1ms r0_fwd=0.0ms r1_verify_wait=0.0ms r1_verify_fwd=1542.1ms draft=90.9ms trim_xchg=0.5ms
2026-08-08 18:19:31.981 | WARNING  | exo.worker.engines.mlx.pp_speculation:pp_dspark_decode_loop:3322 - [PP DSpark OUTLIER R1 n=6] cycle took 1621.2ms (>1000ms threshold) -- batch_xchg=1.2ms r0_fwd=0.0ms r1_verify_wait=0.0ms r1_verify_fwd=1530.3ms draft=88.6ms trim_xchg=0.5ms
2026-08-08 18:19:33.592 | WARNING  | exo.worker.engines.mlx.pp_speculation:pp_dspark_decode_loop:3322 - [PP DSpark OUTLIER R1 n=8] cycle took 1610.4ms (>1000ms threshold) -- batch_xchg=1.4ms r0_fwd=0.0ms r1_verify_wait=0.0ms r1_verify_fwd=1518.3ms draft=89.6ms trim_xchg=0.5ms
2026-08-08 18:19:35.241 | WARNING  | exo.worker.engines.mlx.pp_speculation:pp_dspark_decode_loop:3322 - [PP DSpark OUTLIER R1 n=11] cycle took 1649.2ms (>1000ms threshold) -- batch_xchg=1.1ms r0_fwd=0.0ms r1_verify_wait=0.0ms r1_verify_fwd=1562.5ms draft=84.4ms trim_xchg=0.5ms
2026-08-08 18:19:36.806 | WARNING  | exo.worker.engines.mlx.pp_speculation:pp_dspark_decode_loop:3322 - [PP DSpark OUTLIER R1 n=12] cycle took 1564.5ms (>1000ms threshold) -- batch_xchg=1.1ms r0_fwd=0.0ms r1_verify_wait=0.0ms r1_verify_fwd=1472.2ms draft=90.1ms trim_xchg=0.5ms
2026-08-08 18:19:38.393 | WARNING  | exo.worker.engines.mlx.pp_speculation:pp_dspark_decode_loop:3322 - [PP DSpark OUTLIER R1 n=15] cycle took 1586.3ms (>1000ms threshold) -- batch_xchg=1.1ms r0_fwd=0.0ms r1_verify_wait=0.0ms r1_verify_fwd=1497.9ms draft=86.2ms trim_xchg=0.6ms
2026-08-08 18:19:40.040 | WARNING  | exo.worker.engines.mlx.pp_speculation:pp_dspark_decode_loop:3322 - [PP DSpark OUTLIER R1 n=18] cycle took 1647.3ms (>1000ms threshold) -- batch_xchg=1.2ms r0_fwd=0.0ms r1_verify_wait=0.0ms r1_verify_fwd=1562.3ms draft=82.7ms trim_xchg=0.5ms
2026-08-08 18:19:41.551 | WARNING  | exo.worker.engines.mlx.pp_speculation:pp_dspark_decode_loop:3322 - [PP DSpark OUTLIER R1 n=21] cycle took 1510.7ms (>1000ms threshold) -- batch_xchg=1.1ms r0_fwd=0.0ms r1_verify_wait=0.0ms r1_verify_fwd=1420.1ms draft=88.4ms trim_xchg=0.5ms
2026-08-08 18:19:43.158 | WARNING  | exo.worker.engines.mlx.pp_speculation:pp_dspark_decode_loop:3322 - [PP DSpark OUTLIER R1 n=24] cycle took 1606.7ms (>1000ms threshold) -- batch_xchg=1.1ms r0_fwd=0.0ms r1_verify_wait=0.0ms r1_verify_fwd=1517.9ms draft=86.5ms trim_xchg=0.5ms
2026-08-08 18:19:44.816 | WARNING  | exo.worker.engines.mlx.pp_speculation:pp_dspark_decode_loop:3322 - [PP DSpark OUTLIER R1 n=27] cycle took 1657.6ms (>1000ms threshold) -- batch_xchg=1.2ms r0_fwd=0.0ms r1_verify_wait=0.0ms r1_verify_fwd=1573.6ms draft=81.7ms trim_xchg=0.7ms
2026-08-08 18:19:46.355 | WARNING  | exo.worker.engines.mlx.pp_speculation:pp_dspark_decode_loop:3322 - [PP DSpark OUTLIER R1 n=30] cycle took 1539.0ms (>1000ms threshold) -- batch_xchg=1.2ms r0_fwd=0.0ms r1_verify_wait=0.0ms r1_verify_fwd=1453.5ms draft=83.2ms trim_xchg=0.6ms
2026-08-08 18:19:48.014 | WARNING  | exo.worker.engines.mlx.pp_speculation:pp_dspark_decode_loop:3322 - [PP DSpark OUTLIER R1 n=33] cycle took 1657.9ms (>1000ms threshold) -- batch_xchg=1.3ms r0_fwd=0.0ms r1_verify_wait=0.0ms r1_verify_fwd=1567.8ms draft=87.7ms trim_xchg=0.5ms
2026-08-08 18:19:49.676 | WARNING  | exo.worker.engines.mlx.pp_speculation:pp_dspark_decode_loop:3322 - [PP DSpark OUTLIER R1 n=36] cycle took 1661.8ms (>1000ms threshold) -- batch_xchg=1.1ms r0_fwd=0.0ms r1_verify_wait=0.0ms r1_verify_fwd=1569.4ms draft=90.2ms trim_xchg=0.7ms
2026-08-08 18:19:51.220 | WARNING  | exo.worker.engines.mlx.pp_speculation:pp_dspark_decode_loop:3322 - [PP DSpark OUTLIER R1 n=39] cycle took 1544.1ms (>1000ms threshold) -- batch_xchg=1.2ms r0_fwd=0.0ms r1_verify_wait=0.0ms r1_verify_fwd=1453.6ms draft=88.2ms trim_xchg=0.5ms
2026-08-08 18:19:52.919 | WARNING  | exo.worker.engines.mlx.pp_speculation:pp_dspark_decode_loop:3322 - [PP DSpark OUTLIER R1 n=41] cycle took 1698.8ms (>1000ms threshold) -- batch_xchg=1.1ms r0_fwd=0.0ms r1_verify_wait=0.0ms r1_verify_fwd=1612.9ms draft=83.5ms trim_xchg=0.5ms
2026-08-08 18:19:54.485 | WARNING  | exo.worker.engines.mlx.pp_speculation:pp_dspark_decode_loop:3322 - [PP DSpark OUTLIER R1 n=42] cycle took 1565.2ms (>1000ms threshold) -- batch_xchg=1.1ms r0_fwd=0.0ms r1_verify_wait=0.0ms r1_verify_fwd=1478.7ms draft=84.2ms trim_xchg=0.7ms
2026-08-08 18:19:55.979 | WARNING  | exo.worker.engines.mlx.pp_speculation:pp_dspark_decode_loop:3322 - [PP DSpark OUTLIER R1 n=44] cycle took 1494.1ms (>1000ms threshold) -- batch_xchg=1.2ms r0_fwd=0.0ms r1_verify_wait=0.0ms r1_verify_fwd=1406.5ms draft=85.2ms trim_xchg=0.5ms
2026-08-08 18:19:57.603 | WARNING  | exo.worker.engines.mlx.pp_speculation:pp_dspark_decode_loop:3322 - [PP DSpark OUTLIER R1 n=45] cycle took 1624.1ms (>1000ms threshold) -- batch_xchg=1.2ms r0_fwd=0.0ms r1_verify_wait=0.0ms r1_verify_fwd=1535.3ms draft=86.4ms trim_xchg=0.5ms
2026-08-08 18:19:59.242 | WARNING  | exo.worker.engines.mlx.pp_speculation:pp_dspark_decode_loop:3322 - [PP DSpark OUTLIER R1 n=48] cycle took 1638.1ms (>1000ms threshold) -- batch_xchg=1.2ms r0_fwd=0.0ms r1_verify_wait=0.0ms r1_verify_fwd=1552.7ms draft=83.0ms trim_xchg=0.5ms
2026-08-08 18:20:00.837 | WARNING  | exo.worker.engines.mlx.pp_speculation:pp_dspark_decode_loop:3322 - [PP DSpark OUTLIER R1 n=51] cycle took 1594.9ms (>1000ms threshold) -- batch_xchg=1.1ms r0_fwd=0.0ms r1_verify_wait=0.0ms r1_verify_fwd=1507.7ms draft=85.1ms trim_xchg=0.4ms
2026-08-08 18:20:02.490 | WARNING  | exo.worker.engines.mlx.pp_speculation:pp_dspark_decode_loop:3322 - [PP DSpark OUTLIER R1 n=54] cycle took 1652.7ms (>1000ms threshold) -- batch_xchg=1.2ms r0_fwd=0.0ms r1_verify_wait=0.0ms r1_verify_fwd=1567.6ms draft=82.7ms trim_xchg=0.7ms
2026-08-08 18:20:02.490 | DEBUG    | exo.worker.engines.mlx.pp_speculation:pp_dspark_decode_loop:3382 - PP DSpark: 34/48 drafted tokens accepted (71%), block_size=5
2026-08-08 18:20:02.490 | DEBUG    | exo.worker.engines.mlx.pp_speculation:pp_dspark_decode_loop:3395 - PP DSpark per-position accept histogram: pos0=19/23 (83%), pos1=15/19 (79%), pos2=n/a, pos3=n/a, pos4=n/a
2026-08-08 18:20:02.490 | DEBUG    | exo.worker.engines.mlx.pp_speculation:pp_dspark_decode_loop:3404 - PP DSpark tree-verify feasibility (rank-2 hit rate at rejected positions): pos0=3/4 (75%), pos1=4/4 (100%), pos2=n/a, pos3=n/a, pos4=n/a
2026-08-08 18:24:09.238 | INFO     | exo.worker.engines.mlx.pp_batched_decode_glue:register_prefill_session:678 - [PREFILL_REGISTER_R0] request_id=1 chunk_index=0
2026-08-08 18:24:11.098 | INFO     | exo.worker.engines.mlx.pp_batched_decode_glue:tick:1094 - [PREFILL_ADVANCE_SEND] chunk_index=0 advance_seq=1 remaining_before_send=11 just_handed_off=True
2026-08-08 18:24:11.108 | INFO     | exo.worker.engines.mlx.pp_batched_decode_glue:tick:1094 - [PREFILL_ADVANCE_SEND] chunk_index=0 advance_seq=2 remaining_before_send=10 just_handed_off=False
2026-08-08 18:24:11.412 | INFO     | exo.worker.engines.mlx.pp_batched_decode_glue:tick:1094 - [PREFILL_ADVANCE_SEND] chunk_index=0 advance_seq=3 remaining_before_send=9 just_handed_off=False
2026-08-08 18:24:11.593 | INFO     | exo.worker.engines.mlx.pp_batched_decode_glue:tick:1094 - [PREFILL_ADVANCE_SEND] chunk_index=0 advance_seq=4 remaining_before_send=8 just_handed_off=False
2026-08-08 18:24:11.750 | INFO     | exo.worker.engines.mlx.pp_batched_decode_glue:tick:1094 - [PREFILL_ADVANCE_SEND] chunk_index=0 advance_seq=5 remaining_before_send=7 just_handed_off=False
2026-08-08 18:24:11.911 | INFO     | exo.worker.engines.mlx.pp_batched_decode_glue:tick:1094 - [PREFILL_ADVANCE_SEND] chunk_index=0 advance_seq=6 remaining_before_send=6 just_handed_off=False
2026-08-08 18:24:12.071 | INFO     | exo.worker.engines.mlx.pp_batched_decode_glue:tick:1094 - [PREFILL_ADVANCE_SEND] chunk_index=0 advance_seq=7 remaining_before_send=5 just_handed_off=False
2026-08-08 18:24:12.232 | INFO     | exo.worker.engines.mlx.pp_batched_decode_glue:tick:1094 - [PREFILL_ADVANCE_SEND] chunk_index=0 advance_seq=8 remaining_before_send=4 just_handed_off=False
2026-08-08 18:24:12.399 | INFO     | exo.worker.engines.mlx.pp_batched_decode_glue:tick:1094 - [PREFILL_ADVANCE_SEND] chunk_index=0 advance_seq=9 remaining_before_send=3 just_handed_off=False
2026-08-08 18:24:12.561 | INFO     | exo.worker.engines.mlx.pp_batched_decode_glue:tick:1094 - [PREFILL_ADVANCE_SEND] chunk_index=0 advance_seq=10 remaining_before_send=2 just_handed_off=False
2026-08-08 18:24:12.721 | INFO     | exo.worker.engines.mlx.pp_batched_decode_glue:tick:1094 - [PREFILL_ADVANCE_SEND] chunk_index=0 advance_seq=11 remaining_before_send=1 just_handed_off=False
