=== 4 layers, window=128, ratios=[0, 0, 2, 2] ===

prompt: 16 ids

=== one-shot vs chunked prefill ===
  one-shot (16)       -> first=  73364  next4=[73364, 124703, 123670, 424, 31724]

  DIFF chunks=[1, 1, 1, 1, 1, 1, 1, 1, 1, 1, 1, 1, 1, 1, 1, 1] first=  73364  next4=[73364, 124703, 123670, 31732, 112848]
  DIFF chunks=[1, 1, 1, 1, 1, 1, 1, 1, 1, 1, 1, 1, 1, 1, 1, 1] first=  73364  next4=[73364, 124703, 123670, 31732, 112848]
  DIFF chunks=[2, 2, 2, 2, 2, 2, 2, 2]         first=  93293  next4=[93293, 63915, 28179, 129275, 25057]
  DIFF chunks=[1, 2, 2, 2, 2, 2, 2, 2, 1]      first=  73364  next4=[73364, 124703, 123670, 74648, 125761]
  DIFF chunks=[3, 3, 3, 3, 3, 1]               first=  93293  next4=[93293, 63915, 28179, 129275, 25057]
  OK  chunks=[1, 3, 3, 3, 3, 3]               first=  73364  next4=[73364, 124703, 123670, 424, 31724]
  DIFF chunks=[4, 4, 4, 4]                     first=  93293  next4=[93293, 63915, 28179, 129275, 25057]
  OK  chunks=[1, 4, 4, 4, 3]                  first=  73364  next4=[73364, 124703, 123670, 424, 31724]
  DIFF chunks=[6, 6, 4]                        first=  93293  next4=[93293, 63915, 28179, 129275, 25057]
  OK  chunks=[1, 6, 6, 3]                     first=  73364  next4=[73364, 124703, 123670, 424, 31724]
  DIFF chunks=[8, 8]                           first=  93293  next4=[93293, 63915, 28179, 129275, 25057]
  OK  chunks=[1, 8, 7]                        first=  73364  next4=[73364, 124703, 123670, 424, 31724]

=== VERDICT ===
  chunked prefill DIVERGES from one-shot  --> this is a PRE-EXISTING
  port bug that the speculative verify forward is the first to hit.
  Fix this before any acceptance-rate work; speculative decode cannot
  match greedy until a multi-token chunk computes the same thing.

CHUNK-EQUIV-DONE
EXIT=0
