=== 4 layers, window=128, ratios=[0, 0, 2, 2], kv_src=(2,), index_src=(2,) ===

=== run A: one-shot ===
  argmax = 73364

=== run B: chunks of 2 ===
  argmax = 93293

=== 1. logits (final position) ===
  max abs diff = 2.2759   mean = 0.3481

=== 2. per-layer tap hidden (final position) ===
  layer     norm A     norm B     max|d|        rel
      0     0.9922     0.9883    0.00781  7.874e-03   <-- first divergence
      1     0.6367     0.6289    0.00928  1.457e-02
      2     0.7422     0.7383    0.03064  4.128e-02
      3     0.7656     0.7578    0.05225  6.824e-02

=== 3. layer-2 comp_kv (pooled groups) ===
  layer 2: ratio=2 groups_compared=8 max|d|=0.343750
           carry kv_state max|d| = 0.000000
           index_k max|d| = 0.250000
  layer 3: no comp_kv

=== 4. window ring (layer 2) ===
  win_kv max|d| = 0.250000

=== VERDICT ===
  first divergent layer: 0
  ratios: [0, 0, 2, 2]
  -> ratio 0 means a pure-window layer (no compressor, no indexer)

LOCALIZE-DONE
EXIT=0
