trace: layers=[0, 1, 2, 3] positions=746 picks/layer=4476
expert bytes: native 18.80 MB | EXL3 13.32 MB | SSD 6.5 GB/s

CALIBRATION plain cap=256: steady 6.96 cold/tok (130.8 MB/tok, 49.7 tok/s) | from-empty 9.38 cold/tok
p8e reference:              steady 8.70 cold/tok (162.7 MB/tok, 39.9 tok/s) | from-empty 11.70

=== cap=64 experts/layer  (rank budget: native 24.1 GB / EXL3 17.0 GB) ===
  mode          cold/tok  nat MB/tok  nat tok/s  exl MB/tok  exl tok/s
  plain            27.50       517.1       12.6       366.2       17.7
  spec a=0%        27.37       514.6       12.6       364.5       17.8
  spec a=25%       27.04       508.2       12.8       360.0       18.1
  spec a=50%       26.68       501.6       13.0       355.3       18.3
  spec a=100%      26.50       498.2       13.0       352.9       18.4

=== cap=128 experts/layer  (rank budget: native 48.1 GB / EXL3 34.1 GB) ===
  mode          cold/tok  nat MB/tok  nat tok/s  exl MB/tok  exl tok/s
  plain            16.00       300.8       21.6       213.0       30.5
  spec a=0%        15.84       297.7       21.8       210.9       30.8
  spec a=25%       15.77       296.5       21.9       210.0       31.0
  spec a=50%       15.69       295.0       22.0       208.9       31.1
  spec a=100%      15.77       296.4       21.9       209.9       31.0

=== cap=192 experts/layer  (rank budget: native 72.2 GB / EXL3 51.1 GB) ===
  mode          cold/tok  nat MB/tok  nat tok/s  exl MB/tok  exl tok/s
  plain            10.33       194.3       33.5       137.6       47.2
  spec a=0%        10.14       190.6       34.1       135.0       48.2
  spec a=25%       10.11       190.1       34.2       134.7       48.3
  spec a=50%       10.08       189.4       34.3       134.2       48.4
  spec a=100%      10.29       193.4       33.6       137.0       47.5

=== cap=256 experts/layer  (rank budget: native 96.3 GB / EXL3 68.2 GB) ===
  mode          cold/tok  nat MB/tok  nat tok/s  exl MB/tok  exl tok/s
  plain             6.96       130.8       49.7        92.7       70.1
  spec a=0%         6.72       126.3       51.5        89.5       72.6
  spec a=25%        6.71       126.1       51.5        89.3       72.8
  spec a=50%        6.71       126.2       51.5        89.4       72.7
  spec a=100%       6.91       129.9       50.0        92.0       70.7

=== cap=320 experts/layer  (rank budget: native 120.3 GB / EXL3 85.2 GB) ===
  mode          cold/tok  nat MB/tok  nat tok/s  exl MB/tok  exl tok/s
  plain             5.77       108.5       59.9        76.8       84.6
  spec a=0%         5.55       104.3       62.3        73.9       88.0
  spec a=25%        5.55       104.3       62.3        73.9       88.0
  spec a=50%        5.53       104.0       62.5        73.7       88.2
  spec a=100%       5.76       108.2       60.1        76.7       84.8

=== cap=384 experts/layer  (rank budget: native 144.4 GB / EXL3 102.3 GB) ===
  mode          cold/tok  nat MB/tok  nat tok/s  exl MB/tok  exl tok/s
  plain             5.61       105.4       61.7        74.6       87.1
  spec a=0%         5.38       101.2       64.3        71.6       90.7
  spec a=25%        5.39       101.3       64.2        71.8       90.6
  spec a=50%        5.38       101.2       64.3        71.6       90.7
  spec a=100%       5.61       105.5       61.6        74.7       87.0

DONE
