=== p23b soak2 begin 2026-09-28 01:17:09 node=Adams-Mac-Studio-M4-2 seconds=2340 depth=8
[build] 15360 expert fetches, 13.32 MB/fetch, working set 196.0 GB
[fds] 38
[SOAKBEGIN 1790576230.560]
[soak] t=   60s rate=8407848.96 GB/s cum= 522340.2 GB
[soak] t=  120s rate=8962947.07 GB/s cum=1036162.9 GB
[soak] t=  180s rate=8474382.34 GB/s cum=1569255.5 GB
[soak] t=  240s rate=9144496.13 GB/s cum=2101744.0 GB
[soak] t=  300s rate=8554409.47 GB/s cum=2635825.4 GB
[soak] t=  360s rate=8616652.80 GB/s cum=3164199.7 GB
[soak] t=  420s rate=8350207.49 GB/s cum=3684928.8 GB
[soak] t=  480s rate=8745429.50 GB/s cum=4197548.1 GB
[soak] t=  540s rate=8834081.28 GB/s cum=4710028.3 GB
[soak] t=  600s rate=8483140.61 GB/s cum=5239383.2 GB
[soak] t=  660s rate=9397848.58 GB/s cum=5748078.7 GB
[soak] t=  720s rate=8883009.02 GB/s cum=6281565.4 GB
[soak] t=  780s rate=8709594.62 GB/s cum=6815659.2 GB
[soak] t=  840s rate=9277919.23 GB/s cum=7350327.3 GB
[soak] t=  900s rate=9006916.61 GB/s cum=7883115.0 GB
[soak] t=  960s rate=9109151.23 GB/s cum=8418075.1 GB
[soak] t= 1020s rate=9131314.18 GB/s cum=8952164.9 GB
[soak] t= 1080s rate=8625010.18 GB/s cum=9481542.3 GB
[soak] t= 1140s rate=9029302.27 GB/s cum=9984877.2 GB
[soak] t= 1200s rate=8949453.31 GB/s cum=10492293.0 GB
[soak] t= 1260s rate=8469914.11 GB/s cum=11018502.9 GB
[soak] t= 1320s rate=8505348.10 GB/s cum=11440468.7 GB
[soak] t= 1380s rate=4083995.14 GB/s cum=11863206.0 GB
[soak] t= 1440s rate=4172780.54 GB/s cum=12219750.7 GB
[soak] t= 1500s rate=7094074.37 GB/s cum=12614930.9 GB
[soak] t= 1560s rate=3906468.86 GB/s cum=12933928.3 GB
[soak] t= 1620s rate=3924297.22 GB/s cum=13315799.9 GB
[soak] t= 1680s rate=4283817.98 GB/s cum=13688345.5 GB
[soak] t= 1740s rate=8447751.17 GB/s cum=14098174.6 GB
[soak] t= 1800s rate=8727378.43 GB/s cum=14545668.4 GB
[soak] t= 1860s rate=8789443.58 GB/s cum=15046567.6 GB
[soak] t= 1920s rate=8878362.62 GB/s cum=15525177.2 GB
[soak] t= 1980s rate=9637440.00 GB/s cum=16060117.4 GB
[soak] t= 2040s rate=9233415.17 GB/s cum=16593582.5 GB
[soak] t= 2100s rate=8647618.56 GB/s cum=17126377.0 GB
[soak] t= 2160s rate=9255756.29 GB/s cum=17658505.1 GB
[soak] t= 2220s rate=9451110.91 GB/s cum=18191436.3 GB
[soak] t= 2280s rate=9313620.48 GB/s cum=18724942.3 GB
[soak] t= 2340s rate=8527867.39 GB/s cum=19257431.0 GB
[SOAKEND 1790578570.576]
[total] 2340.0 s, 19257.5 GB, process-level 8.23 GB/s (UPPER BOUND - iostat is truth)
[series] p10=4283728.90 p50=8745162.24 p90=9158123.52 GB/s (n=2311)
=== p23b soak2 done 2026-09-28 01:56:10 ===
