[ 2026-09-03 19:14:35.608 | [33m[1mWARNING [0m | exo.worker.runner.supervisor:<lambda>:184 ] [33m[1mRunner stderr: *** ALLSUM IDENTITY PROBE ACTIVE — output is NUMERICALLY WRONG; timing probe only; unset EXO_DSV4_ALLSUM_IDENTITY_PROBE ***[0m
[ 2026-09-03 19:14:35.608 | [33m[1mWARNING [0m | exo.worker.runner.supervisor:<lambda>:184 ] [33m[1mRunner stderr: [fence-gate-diag] n=1 FENCE_ASYNC=True engine=False cache=False cache_registered=True B=1 MAX_B=1 L=13[0m
[ 2026-09-03 19:14:35.633 | [33m[1mWARNING [0m | exo.worker.runner.supervisor:<lambda>:184 ] [33m[1mRunner stderr: [fence-gate-diag] n=2 FENCE_ASYNC=True engine=False cache=False cache_registered=True B=1 MAX_B=1 L=13[0m
[ 2026-09-03 19:14:35.646 | [33m[1mWARNING [0m | exo.worker.runner.supervisor:<lambda>:184 ] [33m[1mRunner stderr: [fence-gate-diag] n=3 FENCE_ASYNC=True engine=False cache=False cache_registered=True B=1 MAX_B=1 L=13[0m
[ 2026-09-03 19:14:35.663 | [33m[1mWARNING [0m | exo.worker.runner.supervisor:<lambda>:184 ] [33m[1mRunner stderr: [fence-gate-diag] n=4 FENCE_ASYNC=True engine=False cache=False cache_registered=True B=1 MAX_B=1 L=13[0m
[ 2026-09-03 19:14:35.676 | [33m[1mWARNING [0m | exo.worker.runner.supervisor:<lambda>:184 ] [33m[1mRunner stderr: [fence-gate-diag] n=5 FENCE_ASYNC=True engine=False cache=False cache_registered=True B=1 MAX_B=1 L=13[0m
[ 2026-09-03 19:14:35.689 | [33m[1mWARNING [0m | exo.worker.runner.supervisor:<lambda>:184 ] [33m[1mRunner stderr: [fence-gate-diag] n=6 FENCE_ASYNC=True engine=False cache=False cache_registered=True B=1 MAX_B=1 L=13[0m
[ 2026-09-03 19:14:35.702 | [33m[1mWARNING [0m | exo.worker.runner.supervisor:<lambda>:184 ] [33m[1mRunner stderr: [fence-gate-diag] n=7 FENCE_ASYNC=True engine=False cache=False cache_registered=True B=1 MAX_B=1 L=13[0m
[ 2026-09-03 19:14:35.716 | [33m[1mWARNING [0m | exo.worker.runner.supervisor:<lambda>:184 ] [33m[1mRunner stderr: [fence-gate-diag] n=8 FENCE_ASYNC=True engine=False cache=False cache_registered=True B=1 MAX_B=1 L=13[0m
[ 2026-09-03 19:14:35.729 | [33m[1mWARNING [0m | exo.worker.runner.supervisor:<lambda>:184 ] [33m[1mRunner stderr: [fence-gate-diag] n=9 FENCE_ASYNC=True engine=False cache=False cache_registered=True B=1 MAX_B=1 L=13[0m
[ 2026-09-03 19:14:35.743 | [33m[1mWARNING [0m | exo.worker.runner.supervisor:<lambda>:184 ] [33m[1mRunner stderr: [fence-gate-diag] n=10 FENCE_ASYNC=True engine=False cache=False cache_registered=True B=1 MAX_B=1 L=13[0m
[ 2026-09-03 19:14:35.756 | [33m[1mWARNING [0m | exo.worker.runner.supervisor:<lambda>:184 ] [33m[1mRunner stderr: [fence-gate-diag] n=11 FENCE_ASYNC=True engine=False cache=False cache_registered=True B=1 MAX_B=1 L=13[0m
[ 2026-09-03 19:14:35.774 | [33m[1mWARNING [0m | exo.worker.runner.supervisor:<lambda>:184 ] [33m[1mRunner stderr: [fence-gate-diag] n=12 FENCE_ASYNC=True engine=False cache=False cache_registered=True B=1 MAX_B=1 L=13[0m
[ 2026-09-03 19:14:35.788 | [33m[1mWARNING [0m | exo.worker.runner.supervisor:<lambda>:184 ] [33m[1mRunner stderr: [fence-gate-diag] n=13 FENCE_ASYNC=True engine=False cache=False cache_registered=True B=1 MAX_B=1 L=13[0m
[ 2026-09-03 19:14:35.802 | [33m[1mWARNING [0m | exo.worker.runner.supervisor:<lambda>:184 ] [33m[1mRunner stderr: [fence-gate-diag] n=14 FENCE_ASYNC=True engine=False cache=False cache_registered=True B=1 MAX_B=1 L=13[0m
[ 2026-09-03 19:14:35.821 | [33m[1mWARNING [0m | exo.worker.runner.supervisor:<lambda>:184 ] [33m[1mRunner stderr: [fence-gate-diag] n=15 FENCE_ASYNC=True engine=False cache=False cache_registered=True B=1 MAX_B=1 L=13[0m
[ 2026-09-03 19:14:35.836 | [33m[1mWARNING [0m | exo.worker.runner.supervisor:<lambda>:184 ] [33m[1mRunner stderr: [fence-gate-diag] n=16 FENCE_ASYNC=True engine=False cache=False cache_registered=True B=1 MAX_B=1 L=13[0m
[ 2026-09-03 19:14:35.849 | [33m[1mWARNING [0m | exo.worker.runner.supervisor:<lambda>:184 ] [33m[1mRunner stderr: [fence-gate-diag] n=17 FENCE_ASYNC=True engine=False cache=False cache_registered=True B=1 MAX_B=1 L=13[0m
[ 2026-09-03 19:14:35.868 | [33m[1mWARNING [0m | exo.worker.runner.supervisor:<lambda>:184 ] [33m[1mRunner stderr: [fence-gate-diag] n=18 FENCE_ASYNC=True engine=False cache=False cache_registered=True B=1 MAX_B=1 L=13[0m
[ 2026-09-03 19:14:35.881 | [33m[1mWARNING [0m | exo.worker.runner.supervisor:<lambda>:184 ] [33m[1mRunner stderr: [fence-gate-diag] n=19 FENCE_ASYNC=True engine=False cache=False cache_registered=True B=1 MAX_B=1 L=13[0m
[ 2026-09-03 19:14:35.895 | [33m[1mWARNING [0m | exo.worker.runner.supervisor:<lambda>:184 ] [33m[1mRunner stderr: [fence-gate-diag] n=20 FENCE_ASYNC=True engine=False cache=False cache_registered=True B=1 MAX_B=1 L=13[0m
[ 2026-09-03 19:14:36.031 | [33m[1mWARNING [0m | exo.worker.runner.supervisor:<lambda>:184 ] [33m[1mRunner stderr: [fence-gate-diag] n=21 FENCE_ASYNC=True engine=False cache=False cache_registered=True B=1 MAX_B=1 L=13[0m
[ 2026-09-03 19:14:36.206 | [33m[1mWARNING [0m | exo.worker.runner.supervisor:<lambda>:184 ] [33m[1mRunner stderr: [fence-gate-diag] n=22 FENCE_ASYNC=True engine=False cache=False cache_registered=True B=1 MAX_B=1 L=13[0m
[ 2026-09-03 19:14:36.398 | [33m[1mWARNING [0m | exo.worker.runner.supervisor:<lambda>:184 ] [33m[1mRunner stderr: [fence-gate-diag] n=23 FENCE_ASYNC=True engine=False cache=False cache_registered=True B=1 MAX_B=1 L=13[0m
[ 2026-09-03 19:14:36.593 | [33m[1mWARNING [0m | exo.worker.runner.supervisor:<lambda>:184 ] [33m[1mRunner stderr: [fence-gate-diag] n=24 FENCE_ASYNC=True engine=False cache=False cache_registered=True B=1 MAX_B=1 L=13[0m
[ 2026-09-03 19:14:36.812 | [33m[1mWARNING [0m | exo.worker.runner.supervisor:<lambda>:184 ] [33m[1mRunner stderr: [fence-gate-diag] n=25 FENCE_ASYNC=True engine=False cache=False cache_registered=True B=1 MAX_B=1 L=13[0m
[ 2026-09-03 19:14:37.074 | [33m[1mWARNING [0m | exo.worker.runner.supervisor:<lambda>:184 ] [33m[1mRunner stderr: [fence-gate-diag] n=26 FENCE_ASYNC=True engine=False cache=False cache_registered=True B=1 MAX_B=1 L=13[0m
[ 2026-09-03 19:14:37.273 | [33m[1mWARNING [0m | exo.worker.runner.supervisor:<lambda>:184 ] [33m[1mRunner stderr: [fence-gate-diag] n=27 FENCE_ASYNC=True engine=False cache=False cache_registered=True B=1 MAX_B=1 L=13[0m
[ 2026-09-03 19:14:37.484 | [33m[1mWARNING [0m | exo.worker.runner.supervisor:<lambda>:184 ] [33m[1mRunner stderr: [fence-gate-diag] n=28 FENCE_ASYNC=True engine=False cache=False cache_registered=True B=1 MAX_B=1 L=13[0m
[ 2026-09-03 19:14:37.696 | [33m[1mWARNING [0m | exo.worker.runner.supervisor:<lambda>:184 ] [33m[1mRunner stderr: [fence-gate-diag] n=29 FENCE_ASYNC=True engine=False cache=False cache_registered=True B=1 MAX_B=1 L=13[0m
[ 2026-09-03 19:14:37.903 | [33m[1mWARNING [0m | exo.worker.runner.supervisor:<lambda>:184 ] [33m[1mRunner stderr: [fence-gate-diag] n=30 FENCE_ASYNC=True engine=False cache=False cache_registered=True B=1 MAX_B=1 L=13[0m
[ 2026-09-03 19:14:41.081 | [33m[1mWARNING [0m | exo.worker.runner.supervisor:<lambda>:184 ] [33m[1mRunner stderr: [fence-gate-diag] n=200 FENCE_ASYNC=True engine=False cache=False cache_registered=True B=1 MAX_B=1 L=1[0m
[ 2026-09-03 19:14:41.260 | [33m[1mWARNING [0m | exo.worker.runner.supervisor:<lambda>:184 ] [33m[1mRunner stderr: [fence-gate-diag] n=400 FENCE_ASYNC=True engine=False cache=False cache_registered=True B=1 MAX_B=1 L=1[0m
[ 2026-09-03 19:14:41.439 | [33m[1mWARNING [0m | exo.worker.runner.supervisor:<lambda>:184 ] [33m[1mRunner stderr: [fence-gate-diag] n=600 FENCE_ASYNC=True engine=False cache=False cache_registered=True B=1 MAX_B=1 L=1[0m
[ 2026-09-03 19:14:41.621 | [33m[1mWARNING [0m | exo.worker.runner.supervisor:<lambda>:184 ] [33m[1mRunner stderr: [fence-gate-diag] n=800 FENCE_ASYNC=True engine=False cache=False cache_registered=True B=1 MAX_B=1 L=1[0m
[ 2026-09-03 19:14:41.802 | [33m[1mWARNING [0m | exo.worker.runner.supervisor:<lambda>:184 ] [33m[1mRunner stderr: [fence-gate-diag] n=1000 FENCE_ASYNC=True engine=False cache=False cache_registered=True B=1 MAX_B=1 L=1[0m
[ 2026-09-03 19:14:41.982 | [33m[1mWARNING [0m | exo.worker.runner.supervisor:<lambda>:184 ] [33m[1mRunner stderr: [fence-gate-diag] n=1200 FENCE_ASYNC=True engine=False cache=False cache_registered=True B=1 MAX_B=1 L=1[0m
[ 2026-09-03 19:14:42.165 | [33m[1mWARNING [0m | exo.worker.runner.supervisor:<lambda>:184 ] [33m[1mRunner stderr: [fence-gate-diag] n=1400 FENCE_ASYNC=True engine=False cache=False cache_registered=True B=1 MAX_B=1 L=1[0m
[ 2026-09-03 19:14:42.346 | [33m[1mWARNING [0m | exo.worker.runner.supervisor:<lambda>:184 ] [33m[1mRunner stderr: [fence-gate-diag] n=1600 FENCE_ASYNC=True engine=False cache=False cache_registered=True B=1 MAX_B=1 L=1[0m
[ 2026-09-03 19:14:42.526 | [33m[1mWARNING [0m | exo.worker.runner.supervisor:<lambda>:184 ] [33m[1mRunner stderr: [fence-gate-diag] n=1800 FENCE_ASYNC=True engine=False cache=False cache_registered=True B=1 MAX_B=1 L=1[0m
[ 2026-09-03 19:14:42.707 | [33m[1mWARNING [0m | exo.worker.runner.supervisor:<lambda>:184 ] [33m[1mRunner stderr: [fence-gate-diag] n=2000 FENCE_ASYNC=True engine=False cache=False cache_registered=True B=1 MAX_B=1 L=1[0m
[ 2026-09-03 19:14:42.889 | [33m[1mWARNING [0m | exo.worker.runner.supervisor:<lambda>:184 ] [33m[1mRunner stderr: [fence-gate-diag] n=2200 FENCE_ASYNC=True engine=False cache=False cache_registered=True B=1 MAX_B=1 L=1[0m
[ 2026-09-03 19:14:52.277 | [33m[1mWARNING [0m | exo.worker.runner.supervisor:<lambda>:184 ] [33m[1mRunner stderr: [fence-gate-diag] SETTER key=engine ok=False tid=8662072128 ctx_now={'engine': False, 'cache': False}[0m
[ 2026-09-03 19:14:56.233 | [33m[1mWARNING [0m | exo.worker.runner.supervisor:<lambda>:184 ] [33m[1mRunner stderr: [fence-gate-diag] n=2400 FENCE_ASYNC=True engine=False cache=False cache_registered=True B=1 MAX_B=1 L=2013[0m
[ 2026-09-03 19:14:58.235 | [33m[1mWARNING [0m | exo.worker.runner.supervisor:<lambda>:184 ] [33m[1mRunner stderr: [fence-gate-diag] SETTER key=cache ok=False tid=8662072128 ctx_now={'engine': False, 'cache': False}[0m
[ 2026-09-03 19:14:58.610 | [33m[1mWARNING [0m | exo.worker.runner.supervisor:<lambda>:184 ] [33m[1mRunner stderr: [fence-gate-diag] SETTER key=cache ok=False tid=8662072128 ctx_now={'engine': False, 'cache': False}[0m
[ 2026-09-03 19:14:58.610 | [33m[1mWARNING [0m | exo.worker.runner.supervisor:<lambda>:184 ] [33m[1mRunner stderr: [fence-gate-diag] SETTER key=cache ok=True tid=8662072128 ctx_now={'engine': False, 'cache': True}[0m
[ 2026-09-03 19:14:58.650 | [33m[1mWARNING [0m | exo.worker.runner.supervisor:<lambda>:184 ] [33m[1mRunner stderr: [fence-gate-diag] SETTER key=engine ok=True tid=8662072128 ctx_now={'engine': True, 'cache': True}[0m
[ 2026-09-03 19:14:58.786 | [33m[1mWARNING [0m | exo.worker.runner.supervisor:<lambda>:184 ] [33m[1mRunner stderr: [fence-gate-diag] SETTER key=cache ok=True tid=8662072128 ctx_now={'engine': True, 'cache': True}[0m
[ 2026-09-03 19:14:58.921 | [33m[1mWARNING [0m | exo.worker.runner.supervisor:<lambda>:184 ] [33m[1mRunner stderr: [fence-gate-diag] SETTER key=cache ok=True tid=8662072128 ctx_now={'engine': True, 'cache': True}[0m
[ 2026-09-03 19:14:58.971 | [33m[1mWARNING [0m | exo.worker.runner.supervisor:<lambda>:184 ] [33m[1mRunner stderr: [fence-gate-diag] SETTER key=cache ok=False tid=8662072128 ctx_now={'engine': True, 'cache': False}[0m
[ 2026-09-03 19:14:58.972 | [33m[1mWARNING [0m | exo.worker.runner.supervisor:<lambda>:184 ] [33m[1mRunner stderr: [fence-gate-diag] SETTER key=cache ok=True tid=8662072128 ctx_now={'engine': True, 'cache': True}[0m
[ 2026-09-03 19:14:58.975 | [33m[1mWARNING [0m | exo.worker.runner.supervisor:<lambda>:184 ] [33m[1mRunner stderr: [fence-gate-diag] SETTER key=cache ok=True tid=8662072128 ctx_now={'engine': True, 'cache': True}[0m
[ 2026-09-03 19:14:59.029 | [33m[1mWARNING [0m | exo.worker.runner.supervisor:<lambda>:184 ] [33m[1mRunner stderr: [fence-gate-diag] SETTER key=cache ok=True tid=8662072128 ctx_now={'engine': True, 'cache': True}[0m
[ 2026-09-03 19:14:59.111 | [33m[1mWARNING [0m | exo.worker.runner.supervisor:<lambda>:184 ] [33m[1mRunner stderr: [fence-gate-diag] SETTER key=cache ok=True tid=8662072128 ctx_now={'engine': True, 'cache': True}[0m
[ 2026-09-03 19:14:59.179 | [33m[1mWARNING [0m | exo.worker.runner.supervisor:<lambda>:184 ] [33m[1mRunner stderr: [fence-gate-diag] SETTER key=cache ok=True tid=8662072128 ctx_now={'engine': True, 'cache': True}[0m
[ 2026-09-03 19:14:59.248 | [33m[1mWARNING [0m | exo.worker.runner.supervisor:<lambda>:184 ] [33m[1mRunner stderr: [fence-gate-diag] SETTER key=cache ok=True tid=8662072128 ctx_now={'engine': True, 'cache': True}[0m
[ 2026-09-03 19:14:59.328 | [33m[1mWARNING [0m | exo.worker.runner.supervisor:<lambda>:184 ] [33m[1mRunner stderr: [fence-gate-diag] SETTER key=cache ok=True tid=8662072128 ctx_now={'engine': True, 'cache': True}[0m
[ 2026-09-03 19:14:59.411 | [33m[1mWARNING [0m | exo.worker.runner.supervisor:<lambda>:184 ] [33m[1mRunner stderr: [fence-gate-diag] SETTER key=cache ok=True tid=8662072128 ctx_now={'engine': True, 'cache': True}[0m
[ 2026-09-03 19:14:59.493 | [33m[1mWARNING [0m | exo.worker.runner.supervisor:<lambda>:184 ] [33m[1mRunner stderr: [fence-gate-diag] SETTER key=cache ok=True tid=8662072128 ctx_now={'engine': True, 'cache': True}[0m
[ 2026-09-03 19:14:59.584 | [33m[1mWARNING [0m | exo.worker.runner.supervisor:<lambda>:184 ] [33m[1mRunner stderr: [fence-gate-diag] SETTER key=cache ok=True tid=8662072128 ctx_now={'engine': True, 'cache': True}[0m
[ 2026-09-03 19:14:59.675 | [33m[1mWARNING [0m | exo.worker.runner.supervisor:<lambda>:184 ] [33m[1mRunner stderr: [fence-gate-diag] SETTER key=cache ok=True tid=8662072128 ctx_now={'engine': True, 'cache': True}[0m
[ 2026-09-03 19:14:59.768 | [33m[1mWARNING [0m | exo.worker.runner.supervisor:<lambda>:184 ] [33m[1mRunner stderr: [BG_DECODE_PROBE pid=67502] step=16 wall_ms=68.92 gpu_ms=55.01 gpu_pct=79.8[0m
[ 2026-09-03 19:14:59.769 | [33m[1mWARNING [0m | exo.worker.runner.supervisor:<lambda>:184 ] [33m[1mRunner stderr: [fence-gate-diag] SETTER key=cache ok=True tid=8662072128 ctx_now={'engine': True, 'cache': True}[0m
[ 2026-09-03 19:14:59.856 | [33m[1mWARNING [0m | exo.worker.runner.supervisor:<lambda>:184 ] [33m[1mRunner stderr: [fence-gate-diag] SETTER key=cache ok=True tid=8662072128 ctx_now={'engine': True, 'cache': True}[0m
[ 2026-09-03 19:14:59.942 | [33m[1mWARNING [0m | exo.worker.runner.supervisor:<lambda>:184 ] [33m[1mRunner stderr: [fence-gate-diag] SETTER key=cache ok=True tid=8662072128 ctx_now={'engine': True, 'cache': True}[0m
[ 2026-09-03 19:15:00.028 | [33m[1mWARNING [0m | exo.worker.runner.supervisor:<lambda>:184 ] [33m[1mRunner stderr: [fence-gate-diag] SETTER key=cache ok=True tid=8662072128 ctx_now={'engine': True, 'cache': True}[0m
[ 2026-09-03 19:15:00.116 | [33m[1mWARNING [0m | exo.worker.runner.supervisor:<lambda>:184 ] [33m[1mRunner stderr: [fence-gate-diag] SETTER key=cache ok=True tid=8662072128 ctx_now={'engine': True, 'cache': True}[0m
[ 2026-09-03 19:15:00.202 | [33m[1mWARNING [0m | exo.worker.runner.supervisor:<lambda>:184 ] [33m[1mRunner stderr: [fence-gate-diag] SETTER key=cache ok=True tid=8662072128 ctx_now={'engine': True, 'cache': True}[0m
[ 2026-09-03 19:15:00.289 | [33m[1mWARNING [0m | exo.worker.runner.supervisor:<lambda>:184 ] [33m[1mRunner stderr: [fence-gate-diag] SETTER key=cache ok=True tid=8662072128 ctx_now={'engine': True, 'cache': True}[0m
[ 2026-09-03 19:15:00.373 | [33m[1mWARNING [0m | exo.worker.runner.supervisor:<lambda>:184 ] [33m[1mRunner stderr: [fence-gate-diag] SETTER key=engine ok=False tid=8662072128 ctx_now={'engine': False, 'cache': True}[0m
[ 2026-09-03 19:15:00.751 | [33m[1mWARNING [0m | exo.worker.runner.supervisor:<lambda>:184 ] [33m[1mRunner stderr: [fence-gate-diag] SETTER key=engine ok=False tid=8662072128 ctx_now={'engine': False, 'cache': True}[0m
[ 2026-09-03 19:15:01.048 | [33m[1mWARNING [0m | exo.worker.runner.supervisor:<lambda>:184 ] [33m[1mRunner stderr: [fence-gate-diag] SETTER key=cache ok=False tid=8662072128 ctx_now={'engine': False, 'cache': False}[0m
[ 2026-09-03 19:15:01.071 | [33m[1mWARNING [0m | exo.worker.runner.supervisor:<lambda>:184 ] [33m[1mRunner stderr: [fence-gate-diag] SETTER key=cache ok=False tid=8662072128 ctx_now={'engine': False, 'cache': False}[0m
[ 2026-09-03 19:15:01.071 | [33m[1mWARNING [0m | exo.worker.runner.supervisor:<lambda>:184 ] [33m[1mRunner stderr: [fence-gate-diag] SETTER key=cache ok=True tid=8662072128 ctx_now={'engine': False, 'cache': True}[0m
[ 2026-09-03 19:15:01.107 | [33m[1mWARNING [0m | exo.worker.runner.supervisor:<lambda>:184 ] [33m[1mRunner stderr: [fence-gate-diag] SETTER key=engine ok=True tid=8662072128 ctx_now={'engine': True, 'cache': True}[0m
[ 2026-09-03 19:15:01.206 | [33m[1mWARNING [0m | exo.worker.runner.supervisor:<lambda>:184 ] [33m[1mRunner stderr: [fence-gate-diag] SETTER key=cache ok=True tid=8662072128 ctx_now={'engine': True, 'cache': True}[0m
[ 2026-09-03 19:15:01.259 | [33m[1mWARNING [0m | exo.worker.runner.supervisor:<lambda>:184 ] [33m[1mRunner stderr: [fence-gate-diag] SETTER key=cache ok=True tid=8662072128 ctx_now={'engine': True, 'cache': True}[0m
[ 2026-09-03 19:15:01.309 | [33m[1mWARNING [0m | exo.worker.runner.supervisor:<lambda>:184 ] [33m[1mRunner stderr: [fence-gate-diag] SETTER key=cache ok=False tid=8662072128 ctx_now={'engine': True, 'cache': False}[0m
[ 2026-09-03 19:15:01.310 | [33m[1mWARNING [0m | exo.worker.runner.supervisor:<lambda>:184 ] [33m[1mRunner stderr: [fence-gate-diag] SETTER key=cache ok=True tid=8662072128 ctx_now={'engine': True, 'cache': True}[0m
[ 2026-09-03 19:15:01.313 | [33m[1mWARNING [0m | exo.worker.runner.supervisor:<lambda>:184 ] [33m[1mRunner stderr: [fence-gate-diag] SETTER key=cache ok=True tid=8662072128 ctx_now={'engine': True, 'cache': True}[0m
[ 2026-09-03 19:15:01.369 | [33m[1mWARNING [0m | exo.worker.runner.supervisor:<lambda>:184 ] [33m[1mRunner stderr: [fence-gate-diag] SETTER key=cache ok=True tid=8662072128 ctx_now={'engine': True, 'cache': True}[0m
[ 2026-09-03 19:15:01.451 | [33m[1mWARNING [0m | exo.worker.runner.supervisor:<lambda>:184 ] [33m[1mRunner stderr: [fence-gate-diag] SETTER key=cache ok=True tid=8662072128 ctx_now={'engine': True, 'cache': True}[0m
[ 2026-09-03 19:15:01.520 | [33m[1mWARNING [0m | exo.worker.runner.supervisor:<lambda>:184 ] [33m[1mRunner stderr: [fence-gate-diag] SETTER key=cache ok=True tid=8662072128 ctx_now={'engine': True, 'cache': True}[0m
[ 2026-09-03 19:15:01.586 | [33m[1mWARNING [0m | exo.worker.runner.supervisor:<lambda>:184 ] [33m[1mRunner stderr: [BG_DECODE_PROBE pid=67502] step=32 wall_ms=113.62 gpu_ms=64.75 gpu_pct=57.0[0m
[ 2026-09-03 19:15:01.588 | [33m[1mWARNING [0m | exo.worker.runner.supervisor:<lambda>:184 ] [33m[1mRunner stderr: [fence-gate-diag] SETTER key=cache ok=True tid=8662072128 ctx_now={'engine': True, 'cache': True}[0m
[ 2026-09-03 19:15:01.670 | [33m[1mWARNING [0m | exo.worker.runner.supervisor:<lambda>:184 ] [33m[1mRunner stderr: [fence-gate-diag] SETTER key=cache ok=True tid=8662072128 ctx_now={'engine': True, 'cache': True}[0m
[ 2026-09-03 19:15:01.752 | [33m[1mWARNING [0m | exo.worker.runner.supervisor:<lambda>:184 ] [33m[1mRunner stderr: [fence-gate-diag] SETTER key=cache ok=True tid=8662072128 ctx_now={'engine': True, 'cache': True}[0m
[ 2026-09-03 19:15:01.834 | [33m[1mWARNING [0m | exo.worker.runner.supervisor:<lambda>:184 ] [33m[1mRunner stderr: [fence-gate-diag] SETTER key=cache ok=True tid=8662072128 ctx_now={'engine': True, 'cache': True}[0m
[ 2026-09-03 19:15:01.917 | [33m[1mWARNING [0m | exo.worker.runner.supervisor:<lambda>:184 ] [33m[1mRunner stderr: [fence-gate-diag] SETTER key=cache ok=True tid=8662072128 ctx_now={'engine': True, 'cache': True}[0m
[ 2026-09-03 19:15:02.007 | [33m[1mWARNING [0m | exo.worker.runner.supervisor:<lambda>:184 ] [33m[1mRunner stderr: [fence-gate-diag] SETTER key=cache ok=True tid=8662072128 ctx_now={'engine': True, 'cache': True}[0m
[ 2026-09-03 19:15:02.099 | [33m[1mWARNING [0m | exo.worker.runner.supervisor:<lambda>:184 ] [33m[1mRunner stderr: [fence-gate-diag] SETTER key=cache ok=True tid=8662072128 ctx_now={'engine': True, 'cache': True}[0m
[ 2026-09-03 19:15:02.185 | [33m[1mWARNING [0m | exo.worker.runner.supervisor:<lambda>:184 ] [33m[1mRunner stderr: [fence-gate-diag] SETTER key=cache ok=True tid=8662072128 ctx_now={'engine': True, 'cache': True}[0m
[ 2026-09-03 19:15:02.272 | [33m[1mWARNING [0m | exo.worker.runner.supervisor:<lambda>:184 ] [33m[1mRunner stderr: [fence-gate-diag] SETTER key=cache ok=True tid=8662072128 ctx_now={'engine': True, 'cache': True}[0m
[ 2026-09-03 19:15:02.359 | [33m[1mWARNING [0m | exo.worker.runner.supervisor:<lambda>:184 ] [33m[1mRunner stderr: [fence-gate-diag] SETTER key=cache ok=True tid=8662072128 ctx_now={'engine': True, 'cache': True}[0m
[ 2026-09-03 19:15:02.445 | [33m[1mWARNING [0m | exo.worker.runner.supervisor:<lambda>:184 ] [33m[1mRunner stderr: [fence-gate-diag] SETTER key=cache ok=True tid=8662072128 ctx_now={'engine': True, 'cache': True}[0m
[ 2026-09-03 19:15:02.531 | [33m[1mWARNING [0m | exo.worker.runner.supervisor:<lambda>:184 ] [33m[1mRunner stderr: [fence-gate-diag] SETTER key=cache ok=True tid=8662072128 ctx_now={'engine': True, 'cache': True}[0m
[ 2026-09-03 19:15:02.617 | [33m[1mWARNING [0m | exo.worker.runner.supervisor:<lambda>:184 ] [33m[1mRunner stderr: [fence-gate-diag] SETTER key=cache ok=True tid=8662072128 ctx_now={'engine': True, 'cache': True}[0m
[ 2026-09-03 19:15:02.700 | [33m[1mWARNING [0m | exo.worker.runner.supervisor:<lambda>:184 ] [33m[1mRunner stderr: [fence-gate-diag] SETTER key=engine ok=False tid=8662072128 ctx_now={'engine': False, 'cache': True}[0m
[ 2026-09-03 19:15:03.074 | [33m[1mWARNING [0m | exo.worker.runner.supervisor:<lambda>:184 ] [33m[1mRunner stderr: [fence-gate-diag] SETTER key=engine ok=False tid=8662072128 ctx_now={'engine': False, 'cache': True}[0m
[ 2026-09-03 19:15:03.239 | [33m[1mWARNING [0m | exo.worker.runner.supervisor:<lambda>:184 ] [33m[1mRunner stderr: [fence-gate-diag] n=2600 FENCE_ASYNC=True engine=False cache=True cache_registered=True B=1 MAX_B=1 L=1[0m
[ 2026-09-03 19:15:03.379 | [33m[1mWARNING [0m | exo.worker.runner.supervisor:<lambda>:184 ] [33m[1mRunner stderr: [fence-gate-diag] SETTER key=cache ok=False tid=8662072128 ctx_now={'engine': False, 'cache': False}[0m
[ 2026-09-03 19:15:03.401 | [33m[1mWARNING [0m | exo.worker.runner.supervisor:<lambda>:184 ] [33m[1mRunner stderr: [fence-gate-diag] SETTER key=cache ok=False tid=8662072128 ctx_now={'engine': False, 'cache': False}[0m
[ 2026-09-03 19:15:03.401 | [33m[1mWARNING [0m | exo.worker.runner.supervisor:<lambda>:184 ] [33m[1mRunner stderr: [fence-gate-diag] SETTER key=cache ok=True tid=8662072128 ctx_now={'engine': False, 'cache': True}[0m
[ 2026-09-03 19:15:03.437 | [33m[1mWARNING [0m | exo.worker.runner.supervisor:<lambda>:184 ] [33m[1mRunner stderr: [fence-gate-diag] SETTER key=engine ok=True tid=8662072128 ctx_now={'engine': True, 'cache': True}[0m
[ 2026-09-03 19:15:03.540 | [33m[1mWARNING [0m | exo.worker.runner.supervisor:<lambda>:184 ] [33m[1mRunner stderr: [BG_DECODE_PROBE pid=67502] step=48 wall_ms=122.10 gpu_ms=72.90 gpu_pct=59.7[0m
[ 2026-09-03 19:15:03.541 | [33m[1mWARNING [0m | exo.worker.runner.supervisor:<lambda>:184 ] [33m[1mRunner stderr: [fence-gate-diag] SETTER key=cache ok=True tid=8662072128 ctx_now={'engine': True, 'cache': True}[0m
[ 2026-09-03 19:15:03.594 | [33m[1mWARNING [0m | exo.worker.runner.supervisor:<lambda>:184 ] [33m[1mRunner stderr: [fence-gate-diag] SETTER key=cache ok=True tid=8662072128 ctx_now={'engine': True, 'cache': True}[0m
[ 2026-09-03 19:15:03.644 | [33m[1mWARNING [0m | exo.worker.runner.supervisor:<lambda>:184 ] [33m[1mRunner stderr: [fence-gate-diag] SETTER key=cache ok=False tid=8662072128 ctx_now={'engine': True, 'cache': False}[0m
[ 2026-09-03 19:15:03.645 | [33m[1mWARNING [0m | exo.worker.runner.supervisor:<lambda>:184 ] [33m[1mRunner stderr: [fence-gate-diag] SETTER key=cache ok=True tid=8662072128 ctx_now={'engine': True, 'cache': True}[0m
[ 2026-09-03 19:15:03.648 | [33m[1mWARNING [0m | exo.worker.runner.supervisor:<lambda>:184 ] [33m[1mRunner stderr: [fence-gate-diag] SETTER key=cache ok=True tid=8662072128 ctx_now={'engine': True, 'cache': True}[0m
[ 2026-09-03 19:15:03.703 | [33m[1mWARNING [0m | exo.worker.runner.supervisor:<lambda>:184 ] [33m[1mRunner stderr: [fence-gate-diag] SETTER key=cache ok=True tid=8662072128 ctx_now={'engine': True, 'cache': True}[0m
[ 2026-09-03 19:15:03.785 | [33m[1mWARNING [0m | exo.worker.runner.supervisor:<lambda>:184 ] [33m[1mRunner stderr: [fence-gate-diag] SETTER key=cache ok=True tid=8662072128 ctx_now={'engine': True, 'cache': True}[0m
[ 2026-09-03 19:15:03.852 | [33m[1mWARNING [0m | exo.worker.runner.supervisor:<lambda>:184 ] [33m[1mRunner stderr: [fence-gate-diag] SETTER key=cache ok=True tid=8662072128 ctx_now={'engine': True, 'cache': True}[0m
[ 2026-09-03 19:15:03.920 | [33m[1mWARNING [0m | exo.worker.runner.supervisor:<lambda>:184 ] [33m[1mRunner stderr: [fence-gate-diag] SETTER key=cache ok=True tid=8662072128 ctx_now={'engine': True, 'cache': True}[0m
[ 2026-09-03 19:15:04.001 | [33m[1mWARNING [0m | exo.worker.runner.supervisor:<lambda>:184 ] [33m[1mRunner stderr: [fence-gate-diag] SETTER key=cache ok=True tid=8662072128 ctx_now={'engine': True, 'cache': True}[0m
[ 2026-09-03 19:15:04.083 | [33m[1mWARNING [0m | exo.worker.runner.supervisor:<lambda>:184 ] [33m[1mRunner stderr: [fence-gate-diag] SETTER key=cache ok=True tid=8662072128 ctx_now={'engine': True, 'cache': True}[0m
[ 2026-09-03 19:15:04.163 | [33m[1mWARNING [0m | exo.worker.runner.supervisor:<lambda>:184 ] [33m[1mRunner stderr: [fence-gate-diag] SETTER key=cache ok=True tid=8662072128 ctx_now={'engine': True, 'cache': True}[0m
[ 2026-09-03 19:15:04.245 | [33m[1mWARNING [0m | exo.worker.runner.supervisor:<lambda>:184 ] [33m[1mRunner stderr: [fence-gate-diag] SETTER key=cache ok=True tid=8662072128 ctx_now={'engine': True, 'cache': True}[0m
[ 2026-09-03 19:15:04.336 | [33m[1mWARNING [0m | exo.worker.runner.supervisor:<lambda>:184 ] [33m[1mRunner stderr: [fence-gate-diag] SETTER key=cache ok=True tid=8662072128 ctx_now={'engine': True, 'cache': True}[0m
[ 2026-09-03 19:15:04.429 | [33m[1mWARNING [0m | exo.worker.runner.supervisor:<lambda>:184 ] [33m[1mRunner stderr: [fence-gate-diag] SETTER key=cache ok=True tid=8662072128 ctx_now={'engine': True, 'cache': True}[0m
[ 2026-09-03 19:15:04.515 | [33m[1mWARNING [0m | exo.worker.runner.supervisor:<lambda>:184 ] [33m[1mRunner stderr: [fence-gate-diag] SETTER key=cache ok=True tid=8662072128 ctx_now={'engine': True, 'cache': True}[0m
[ 2026-09-03 19:15:04.602 | [33m[1mWARNING [0m | exo.worker.runner.supervisor:<lambda>:184 ] [33m[1mRunner stderr: [fence-gate-diag] SETTER key=cache ok=True tid=8662072128 ctx_now={'engine': True, 'cache': True}[0m
[ 2026-09-03 19:15:04.686 | [33m[1mWARNING [0m | exo.worker.runner.supervisor:<lambda>:184 ] [33m[1mRunner stderr: [fence-gate-diag] SETTER key=cache ok=True tid=8662072128 ctx_now={'engine': True, 'cache': True}[0m
[ 2026-09-03 19:15:04.771 | [33m[1mWARNING [0m | exo.worker.runner.supervisor:<lambda>:184 ] [33m[1mRunner stderr: [BG_DECODE_PROBE pid=67502] step=64 wall_ms=76.97 gpu_ms=70.06 gpu_pct=91.0[0m
[ 2026-09-03 19:15:04.772 | [33m[1mWARNING [0m | exo.worker.runner.supervisor:<lambda>:184 ] [33m[1mRunner stderr: [fence-gate-diag] SETTER key=cache ok=True tid=8662072128 ctx_now={'engine': True, 'cache': True}[0m
[ 2026-09-03 19:15:04.859 | [33m[1mWARNING [0m | exo.worker.runner.supervisor:<lambda>:184 ] [33m[1mRunner stderr: [fence-gate-diag] SETTER key=cache ok=True tid=8662072128 ctx_now={'engine': True, 'cache': True}[0m
[ 2026-09-03 19:15:04.945 | [33m[1mWARNING [0m | exo.worker.runner.supervisor:<lambda>:184 ] [33m[1mRunner stderr: [fence-gate-diag] SETTER key=cache ok=True tid=8662072128 ctx_now={'engine': True, 'cache': True}[0m
[ 2026-09-03 19:15:05.029 | [33m[1mWARNING [0m | exo.worker.runner.supervisor:<lambda>:184 ] [33m[1mRunner stderr: [fence-gate-diag] SETTER key=engine ok=False tid=8662072128 ctx_now={'engine': False, 'cache': True}[0m
[ 2026-09-03 19:15:05.402 | [33m[1mWARNING [0m | exo.worker.runner.supervisor:<lambda>:184 ] [33m[1mRunner stderr: [fence-gate-diag] SETTER key=engine ok=False tid=8662072128 ctx_now={'engine': False, 'cache': True}[0m
[ 2026-09-03 19:15:05.711 | [33m[1mWARNING [0m | exo.worker.runner.supervisor:<lambda>:184 ] [33m[1mRunner stderr: [fence-gate-diag] SETTER key=cache ok=False tid=8662072128 ctx_now={'engine': False, 'cache': False}[0m
[ 2026-09-03 19:15:05.733 | [33m[1mWARNING [0m | exo.worker.runner.supervisor:<lambda>:184 ] [33m[1mRunner stderr: [fence-gate-diag] SETTER key=cache ok=False tid=8662072128 ctx_now={'engine': False, 'cache': False}[0m
[ 2026-09-03 19:15:05.733 | [33m[1mWARNING [0m | exo.worker.runner.supervisor:<lambda>:184 ] [33m[1mRunner stderr: [fence-gate-diag] SETTER key=cache ok=True tid=8662072128 ctx_now={'engine': False, 'cache': True}[0m
[ 2026-09-03 19:15:05.769 | [33m[1mWARNING [0m | exo.worker.runner.supervisor:<lambda>:184 ] [33m[1mRunner stderr: [fence-gate-diag] SETTER key=engine ok=True tid=8662072128 ctx_now={'engine': True, 'cache': True}[0m
[ 2026-09-03 19:15:05.872 | [33m[1mWARNING [0m | exo.worker.runner.supervisor:<lambda>:184 ] [33m[1mRunner stderr: [fence-gate-diag] SETTER key=cache ok=True tid=8662072128 ctx_now={'engine': True, 'cache': True}[0m
[ 2026-09-03 19:15:05.925 | [33m[1mWARNING [0m | exo.worker.runner.supervisor:<lambda>:184 ] [33m[1mRunner stderr: [fence-gate-diag] SETTER key=cache ok=True tid=8662072128 ctx_now={'engine': True, 'cache': True}[0m
[ 2026-09-03 19:15:05.976 | [33m[1mWARNING [0m | exo.worker.runner.supervisor:<lambda>:184 ] [33m[1mRunner stderr: [fence-gate-diag] SETTER key=cache ok=False tid=8662072128 ctx_now={'engine': True, 'cache': False}[0m
[ 2026-09-03 19:15:05.977 | [33m[1mWARNING [0m | exo.worker.runner.supervisor:<lambda>:184 ] [33m[1mRunner stderr: [fence-gate-diag] SETTER key=cache ok=True tid=8662072128 ctx_now={'engine': True, 'cache': True}[0m
[ 2026-09-03 19:15:05.980 | [33m[1mWARNING [0m | exo.worker.runner.supervisor:<lambda>:184 ] [33m[1mRunner stderr: [fence-gate-diag] SETTER key=cache ok=True tid=8662072128 ctx_now={'engine': True, 'cache': True}[0m
[ 2026-09-03 19:15:06.035 | [33m[1mWARNING [0m | exo.worker.runner.supervisor:<lambda>:184 ] [33m[1mRunner stderr: [fence-gate-diag] SETTER key=cache ok=True tid=8662072128 ctx_now={'engine': True, 'cache': True}[0m
[ 2026-09-03 19:15:06.117 | [33m[1mWARNING [0m | exo.worker.runner.supervisor:<lambda>:184 ] [33m[1mRunner stderr: [fence-gate-diag] SETTER key=cache ok=True tid=8662072128 ctx_now={'engine': True, 'cache': True}[0m
[ 2026-09-03 19:15:06.186 | [33m[1mWARNING [0m | exo.worker.runner.supervisor:<lambda>:184 ] [33m[1mRunner stderr: [fence-gate-diag] SETTER key=cache ok=True tid=8662072128 ctx_now={'engine': True, 'cache': True}[0m
[ 2026-09-03 19:15:06.253 | [33m[1mWARNING [0m | exo.worker.runner.supervisor:<lambda>:184 ] [33m[1mRunner stderr: [fence-gate-diag] SETTER key=cache ok=True tid=8662072128 ctx_now={'engine': True, 'cache': True}[0m
[ 2026-09-03 19:15:06.334 | [33m[1mWARNING [0m | exo.worker.runner.supervisor:<lambda>:184 ] [33m[1mRunner stderr: [fence-gate-diag] SETTER key=cache ok=True tid=8662072128 ctx_now={'engine': True, 'cache': True}[0m
[ 2026-09-03 19:15:06.417 | [33m[1mWARNING [0m | exo.worker.runner.supervisor:<lambda>:184 ] [33m[1mRunner stderr: [fence-gate-diag] SETTER key=cache ok=True tid=8662072128 ctx_now={'engine': True, 'cache': True}[0m
[ 2026-09-03 19:15:06.498 | [33m[1mWARNING [0m | exo.worker.runner.supervisor:<lambda>:184 ] [33m[1mRunner stderr: [fence-gate-diag] SETTER key=cache ok=True tid=8662072128 ctx_now={'engine': True, 'cache': True}[0m
[ 2026-09-03 19:15:06.578 | [33m[1mWARNING [0m | exo.worker.runner.supervisor:<lambda>:184 ] [33m[1mRunner stderr: [BG_DECODE_PROBE pid=67502] step=80 wall_ms=112.96 gpu_ms=63.87 gpu_pct=56.5[0m
[ 2026-09-03 19:15:06.579 | [33m[1mWARNING [0m | exo.worker.runner.supervisor:<lambda>:184 ] [33m[1mRunner stderr: [fence-gate-diag] SETTER key=cache ok=True tid=8662072128 ctx_now={'engine': True, 'cache': True}[0m
[ 2026-09-03 19:15:06.670 | [33m[1mWARNING [0m | exo.worker.runner.supervisor:<lambda>:184 ] [33m[1mRunner stderr: [fence-gate-diag] SETTER key=cache ok=True tid=8662072128 ctx_now={'engine': True, 'cache': True}[0m
[ 2026-09-03 19:15:06.771 | [33m[1mWARNING [0m | exo.worker.runner.supervisor:<lambda>:184 ] [33m[1mRunner stderr: [fence-gate-diag] SETTER key=cache ok=True tid=8662072128 ctx_now={'engine': True, 'cache': True}[0m
[ 2026-09-03 19:15:06.859 | [33m[1mWARNING [0m | exo.worker.runner.supervisor:<lambda>:184 ] [33m[1mRunner stderr: [fence-gate-diag] SETTER key=cache ok=True tid=8662072128 ctx_now={'engine': True, 'cache': True}[0m
[ 2026-09-03 19:15:06.946 | [33m[1mWARNING [0m | exo.worker.runner.supervisor:<lambda>:184 ] [33m[1mRunner stderr: [fence-gate-diag] SETTER key=cache ok=True tid=8662072128 ctx_now={'engine': True, 'cache': True}[0m
[ 2026-09-03 19:15:07.032 | [33m[1mWARNING [0m | exo.worker.runner.supervisor:<lambda>:184 ] [33m[1mRunner stderr: [fence-gate-diag] SETTER key=cache ok=True tid=8662072128 ctx_now={'engine': True, 'cache': True}[0m
[ 2026-09-03 19:15:07.117 | [33m[1mWARNING [0m | exo.worker.runner.supervisor:<lambda>:184 ] [33m[1mRunner stderr: [fence-gate-diag] SETTER key=cache ok=True tid=8662072128 ctx_now={'engine': True, 'cache': True}[0m
[ 2026-09-03 19:15:07.203 | [33m[1mWARNING [0m | exo.worker.runner.supervisor:<lambda>:184 ] [33m[1mRunner stderr: [fence-gate-diag] SETTER key=cache ok=True tid=8662072128 ctx_now={'engine': True, 'cache': True}[0m
[ 2026-09-03 19:15:07.289 | [33m[1mWARNING [0m | exo.worker.runner.supervisor:<lambda>:184 ] [33m[1mRunner stderr: [fence-gate-diag] SETTER key=cache ok=True tid=8662072128 ctx_now={'engine': True, 'cache': True}[0m
[ 2026-09-03 19:15:07.372 | [33m[1mWARNING [0m | exo.worker.runner.supervisor:<lambda>:184 ] [33m[1mRunner stderr: [fence-gate-diag] SETTER key=engine ok=False tid=8662072128 ctx_now={'engine': False, 'cache': True}[0m
[ 2026-09-03 19:15:07.838 | [33m[1mWARNING [0m | exo.worker.runner.supervisor:<lambda>:184 ] [33m[1mRunner stderr: [fence-gate-diag] SETTER key=engine ok=False tid=8662072128 ctx_now={'engine': False, 'cache': True}[0m
[ 2026-09-03 19:15:08.024 | [33m[1mWARNING [0m | exo.worker.runner.supervisor:<lambda>:184 ] [33m[1mRunner stderr: [fence-gate-diag] n=2800 FENCE_ASYNC=True engine=False cache=True cache_registered=True B=1 MAX_B=1 L=1[0m
[ 2026-09-03 19:15:08.143 | [33m[1mWARNING [0m | exo.worker.runner.supervisor:<lambda>:184 ] [33m[1mRunner stderr: [fence-gate-diag] SETTER key=cache ok=False tid=8662072128 ctx_now={'engine': False, 'cache': False}[0m
[ 2026-09-03 19:15:08.166 | [33m[1mWARNING [0m | exo.worker.runner.supervisor:<lambda>:184 ] [33m[1mRunner stderr: [fence-gate-diag] SETTER key=cache ok=False tid=8662072128 ctx_now={'engine': False, 'cache': False}[0m
[ 2026-09-03 19:15:08.166 | [33m[1mWARNING [0m | exo.worker.runner.supervisor:<lambda>:184 ] [33m[1mRunner stderr: [fence-gate-diag] SETTER key=cache ok=True tid=8662072128 ctx_now={'engine': False, 'cache': True}[0m
[ 2026-09-03 19:15:08.202 | [33m[1mWARNING [0m | exo.worker.runner.supervisor:<lambda>:184 ] [33m[1mRunner stderr: [fence-gate-diag] SETTER key=engine ok=True tid=8662072128 ctx_now={'engine': True, 'cache': True}[0m
[ 2026-09-03 19:15:08.303 | [33m[1mWARNING [0m | exo.worker.runner.supervisor:<lambda>:184 ] [33m[1mRunner stderr: [fence-gate-diag] SETTER key=cache ok=True tid=8662072128 ctx_now={'engine': True, 'cache': True}[0m
[ 2026-09-03 19:15:08.357 | [33m[1mWARNING [0m | exo.worker.runner.supervisor:<lambda>:184 ] [33m[1mRunner stderr: [fence-gate-diag] SETTER key=cache ok=True tid=8662072128 ctx_now={'engine': True, 'cache': True}[0m
[ 2026-09-03 19:15:08.407 | [33m[1mWARNING [0m | exo.worker.runner.supervisor:<lambda>:184 ] [33m[1mRunner stderr: [fence-gate-diag] SETTER key=cache ok=False tid=8662072128 ctx_now={'engine': True, 'cache': False}[0m
[ 2026-09-03 19:15:08.408 | [33m[1mWARNING [0m | exo.worker.runner.supervisor:<lambda>:184 ] [33m[1mRunner stderr: [fence-gate-diag] SETTER key=cache ok=True tid=8662072128 ctx_now={'engine': True, 'cache': True}[0m
[ 2026-09-03 19:15:08.411 | [33m[1mWARNING [0m | exo.worker.runner.supervisor:<lambda>:184 ] [33m[1mRunner stderr: [fence-gate-diag] SETTER key=cache ok=True tid=8662072128 ctx_now={'engine': True, 'cache': True}[0m
[ 2026-09-03 19:15:08.466 | [33m[1mWARNING [0m | exo.worker.runner.supervisor:<lambda>:184 ] [33m[1mRunner stderr: [fence-gate-diag] SETTER key=cache ok=True tid=8662072128 ctx_now={'engine': True, 'cache': True}[0m
[ 2026-09-03 19:15:08.547 | [33m[1mWARNING [0m | exo.worker.runner.supervisor:<lambda>:184 ] [33m[1mRunner stderr: [BG_DECODE_PROBE pid=67502] step=96 wall_ms=123.05 gpu_ms=68.29 gpu_pct=55.5[0m
[ 2026-09-03 19:15:08.548 | [33m[1mWARNING [0m | exo.worker.runner.supervisor:<lambda>:184 ] [33m[1mRunner stderr: [fence-gate-diag] SETTER key=cache ok=True tid=8662072128 ctx_now={'engine': True, 'cache': True}[0m
[ 2026-09-03 19:15:08.618 | [33m[1mWARNING [0m | exo.worker.runner.supervisor:<lambda>:184 ] [33m[1mRunner stderr: [fence-gate-diag] SETTER key=cache ok=True tid=8662072128 ctx_now={'engine': True, 'cache': True}[0m
[ 2026-09-03 19:15:08.688 | [33m[1mWARNING [0m | exo.worker.runner.supervisor:<lambda>:184 ] [33m[1mRunner stderr: [fence-gate-diag] SETTER key=cache ok=True tid=8662072128 ctx_now={'engine': True, 'cache': True}[0m
[ 2026-09-03 19:15:08.769 | [33m[1mWARNING [0m | exo.worker.runner.supervisor:<lambda>:184 ] [33m[1mRunner stderr: [fence-gate-diag] SETTER key=cache ok=True tid=8662072128 ctx_now={'engine': True, 'cache': True}[0m
[ 2026-09-03 19:15:08.850 | [33m[1mWARNING [0m | exo.worker.runner.supervisor:<lambda>:184 ] [33m[1mRunner stderr: [fence-gate-diag] SETTER key=cache ok=True tid=8662072128 ctx_now={'engine': True, 'cache': True}[0m
[ 2026-09-03 19:15:08.931 | [33m[1mWARNING [0m | exo.worker.runner.supervisor:<lambda>:184 ] [33m[1mRunner stderr: [fence-gate-diag] SETTER key=cache ok=True tid=8662072128 ctx_now={'engine': True, 'cache': True}[0m
[ 2026-09-03 19:15:09.014 | [33m[1mWARNING [0m | exo.worker.runner.supervisor:<lambda>:184 ] [33m[1mRunner stderr: [fence-gate-diag] SETTER key=cache ok=True tid=8662072128 ctx_now={'engine': True, 'cache': True}[0m
[ 2026-09-03 19:15:09.104 | [33m[1mWARNING [0m | exo.worker.runner.supervisor:<lambda>:184 ] [33m[1mRunner stderr: [fence-gate-diag] SETTER key=cache ok=True tid=8662072128 ctx_now={'engine': True, 'cache': True}[0m
[ 2026-09-03 19:15:09.202 | [33m[1mWARNING [0m | exo.worker.runner.supervisor:<lambda>:184 ] [33m[1mRunner stderr: [fence-gate-diag] SETTER key=cache ok=True tid=8662072128 ctx_now={'engine': True, 'cache': True}[0m
[ 2026-09-03 19:15:09.289 | [33m[1mWARNING [0m | exo.worker.runner.supervisor:<lambda>:184 ] [33m[1mRunner stderr: [fence-gate-diag] SETTER key=cache ok=True tid=8662072128 ctx_now={'engine': True, 'cache': True}[0m
[ 2026-09-03 19:15:09.372 | [33m[1mWARNING [0m | exo.worker.runner.supervisor:<lambda>:184 ] [33m[1mRunner stderr: [fence-gate-diag] SETTER key=cache ok=True tid=8662072128 ctx_now={'engine': True, 'cache': True}[0m
[ 2026-09-03 19:15:09.458 | [33m[1mWARNING [0m | exo.worker.runner.supervisor:<lambda>:184 ] [33m[1mRunner stderr: [fence-gate-diag] SETTER key=cache ok=True tid=8662072128 ctx_now={'engine': True, 'cache': True}[0m
[ 2026-09-03 19:15:09.544 | [33m[1mWARNING [0m | exo.worker.runner.supervisor:<lambda>:184 ] [33m[1mRunner stderr: [fence-gate-diag] SETTER key=cache ok=True tid=8662072128 ctx_now={'engine': True, 'cache': True}[0m
[ 2026-09-03 19:15:09.630 | [33m[1mWARNING [0m | exo.worker.runner.supervisor:<lambda>:184 ] [33m[1mRunner stderr: [fence-gate-diag] SETTER key=cache ok=True tid=8662072128 ctx_now={'engine': True, 'cache': True}[0m
[ 2026-09-03 19:15:09.717 | [33m[1mWARNING [0m | exo.worker.runner.supervisor:<lambda>:184 ] [33m[1mRunner stderr: [fence-gate-diag] SETTER key=cache ok=True tid=8662072128 ctx_now={'engine': True, 'cache': True}[0m
[ 2026-09-03 19:15:09.800 | [33m[1mWARNING [0m | exo.worker.runner.supervisor:<lambda>:184 ] [33m[1mRunner stderr: [fence-gate-diag] SETTER key=engine ok=False tid=8662072128 ctx_now={'engine': False, 'cache': True}[0m
[ 2026-09-03 19:16:00.422 | [33m[1mWARNING [0m | exo.worker.runner.supervisor:<lambda>:184 ] [33m[1mRunner stderr: [fence-gate-diag] SETTER key=engine ok=False tid=8662072128 ctx_now={'engine': False, 'cache': True}[0m
[ 2026-09-03 19:16:16.198 | [33m[1mWARNING [0m | exo.worker.runner.supervisor:<lambda>:184 ] [33m[1mRunner stderr: [fence-gate-diag] n=3000 FENCE_ASYNC=True engine=False cache=True cache_registered=True B=1 MAX_B=1 L=2048[0m
[ 2026-09-03 19:16:36.738 | [33m[1mWARNING [0m | exo.worker.runner.supervisor:<lambda>:184 ] [33m[1mRunner stderr: [fence-gate-diag] n=3200 FENCE_ASYNC=True engine=False cache=True cache_registered=True B=1 MAX_B=1 L=2048[0m
[ 2026-09-03 19:16:57.115 | [33m[1mWARNING [0m | exo.worker.runner.supervisor:<lambda>:184 ] [33m[1mRunner stderr: [fence-gate-diag] n=3400 FENCE_ASYNC=True engine=False cache=True cache_registered=True B=1 MAX_B=1 L=2048[0m
[ 2026-09-03 19:17:17.836 | [33m[1mWARNING [0m | exo.worker.runner.supervisor:<lambda>:184 ] [33m[1mRunner stderr: [fence-gate-diag] n=3600 FENCE_ASYNC=True engine=False cache=True cache_registered=True B=1 MAX_B=1 L=2048[0m
[ 2026-09-03 19:17:38.720 | [33m[1mWARNING [0m | exo.worker.runner.supervisor:<lambda>:184 ] [33m[1mRunner stderr: [fence-gate-diag] n=3800 FENCE_ASYNC=True engine=False cache=True cache_registered=True B=1 MAX_B=1 L=2048[0m
[ 2026-09-03 19:17:59.675 | [33m[1mWARNING [0m | exo.worker.runner.supervisor:<lambda>:184 ] [33m[1mRunner stderr: [fence-gate-diag] n=4000 FENCE_ASYNC=True engine=False cache=True cache_registered=True B=1 MAX_B=1 L=2048[0m
[ 2026-09-03 19:18:16.023 | [33m[1mWARNING [0m | exo.worker.runner.supervisor:<lambda>:184 ] [33m[1mRunner stderr: [fence-gate-diag] n=4200 FENCE_ASYNC=True engine=False cache=True cache_registered=True B=1 MAX_B=1 L=1[0m
[ 2026-09-03 19:18:16.332 | [33m[1mWARNING [0m | exo.worker.runner.supervisor:<lambda>:184 ] [33m[1mRunner stderr: [fence-gate-diag] SETTER key=cache ok=False tid=8662072128 ctx_now={'engine': False, 'cache': False}[0m
[ 2026-09-03 19:18:16.406 | [33m[1mWARNING [0m | exo.worker.runner.supervisor:<lambda>:184 ] [33m[1mRunner stderr: [fence-gate-diag] SETTER key=cache ok=False tid=8662072128 ctx_now={'engine': False, 'cache': False}[0m
[ 2026-09-03 19:18:16.406 | [33m[1mWARNING [0m | exo.worker.runner.supervisor:<lambda>:184 ] [33m[1mRunner stderr: [fence-gate-diag] SETTER key=cache ok=True tid=8662072128 ctx_now={'engine': False, 'cache': True}[0m
[ 2026-09-03 19:18:16.445 | [33m[1mWARNING [0m | exo.worker.runner.supervisor:<lambda>:184 ] [33m[1mRunner stderr: [fence-gate-diag] SETTER key=engine ok=True tid=8662072128 ctx_now={'engine': True, 'cache': True}[0m
[ 2026-09-03 19:18:16.485 | [33m[1mWARNING [0m | exo.worker.runner.supervisor:<lambda>:184 ] [33m[1mRunner stderr: [BG_DECODE_PROBE pid=67502] step=112 wall_ms=11746.08 gpu_ms=8119.08 gpu_pct=69.1[0m
[ 2026-09-03 19:18:16.555 | [33m[1mWARNING [0m | exo.worker.runner.supervisor:<lambda>:184 ] [33m[1mRunner stderr: [fence-gate-diag] SETTER key=cache ok=True tid=8662072128 ctx_now={'engine': True, 'cache': True}[0m
[ 2026-09-03 19:18:16.679 | [33m[1mWARNING [0m | exo.worker.runner.supervisor:<lambda>:184 ] [33m[1mRunner stderr: [fence-gate-diag] SETTER key=cache ok=False tid=8662072128 ctx_now={'engine': True, 'cache': False}[0m
[ 2026-09-03 19:18:16.680 | [33m[1mWARNING [0m | exo.worker.runner.supervisor:<lambda>:184 ] [33m[1mRunner stderr: [fence-gate-diag] SETTER key=cache ok=True tid=8662072128 ctx_now={'engine': True, 'cache': True}[0m
[ 2026-09-03 19:18:16.683 | [33m[1mWARNING [0m | exo.worker.runner.supervisor:<lambda>:184 ] [33m[1mRunner stderr: [fence-gate-diag] SETTER key=cache ok=True tid=8662072128 ctx_now={'engine': True, 'cache': True}[0m
[ 2026-09-03 19:18:16.731 | [33m[1mWARNING [0m | exo.worker.runner.supervisor:<lambda>:184 ] [33m[1mRunner stderr: [fence-gate-diag] SETTER key=cache ok=True tid=8662072128 ctx_now={'engine': True, 'cache': True}[0m
[ 2026-09-03 19:18:16.786 | [33m[1mWARNING [0m | exo.worker.runner.supervisor:<lambda>:184 ] [33m[1mRunner stderr: [fence-gate-diag] SETTER key=cache ok=False tid=8662072128 ctx_now={'engine': True, 'cache': False}[0m
[ 2026-09-03 19:18:16.787 | [33m[1mWARNING [0m | exo.worker.runner.supervisor:<lambda>:184 ] [33m[1mRunner stderr: [fence-gate-diag] SETTER key=cache ok=True tid=8662072128 ctx_now={'engine': True, 'cache': True}[0m
[ 2026-09-03 19:18:16.791 | [33m[1mWARNING [0m | exo.worker.runner.supervisor:<lambda>:184 ] [33m[1mRunner stderr: [fence-gate-diag] SETTER key=cache ok=True tid=8662072128 ctx_now={'engine': True, 'cache': True}[0m
[ 2026-09-03 19:18:57.286 | [33m[1mWARNING [0m | exo.worker.runner.supervisor:<lambda>:184 ] [33m[1mRunner stderr: *** ALLSUM IDENTITY PROBE ACTIVE — output is NUMERICALLY WRONG; timing probe only; unset EXO_DSV4_ALLSUM_IDENTITY_PROBE ***[0m
[ 2026-09-03 19:18:57.286 | [33m[1mWARNING [0m | exo.worker.runner.supervisor:<lambda>:184 ] [33m[1mRunner stderr: [fence-gate-diag] n=1 FENCE_ASYNC=True engine=False cache=False cache_registered=True B=1 MAX_B=1 L=13[0m
[ 2026-09-03 19:18:57.316 | [33m[1mWARNING [0m | exo.worker.runner.supervisor:<lambda>:184 ] [33m[1mRunner stderr: [fence-gate-diag] n=2 FENCE_ASYNC=True engine=False cache=False cache_registered=True B=1 MAX_B=1 L=13[0m
[ 2026-09-03 19:18:57.330 | [33m[1mWARNING [0m | exo.worker.runner.supervisor:<lambda>:184 ] [33m[1mRunner stderr: [fence-gate-diag] n=3 FENCE_ASYNC=True engine=False cache=False cache_registered=True B=1 MAX_B=1 L=13[0m
[ 2026-09-03 19:18:57.346 | [33m[1mWARNING [0m | exo.worker.runner.supervisor:<lambda>:184 ] [33m[1mRunner stderr: [fence-gate-diag] n=4 FENCE_ASYNC=True engine=False cache=False cache_registered=True B=1 MAX_B=1 L=13[0m
[ 2026-09-03 19:18:57.361 | [33m[1mWARNING [0m | exo.worker.runner.supervisor:<lambda>:184 ] [33m[1mRunner stderr: [fence-gate-diag] n=5 FENCE_ASYNC=True engine=False cache=False cache_registered=True B=1 MAX_B=1 L=13[0m
[ 2026-09-03 19:18:57.375 | [33m[1mWARNING [0m | exo.worker.runner.supervisor:<lambda>:184 ] [33m[1mRunner stderr: [fence-gate-diag] n=6 FENCE_ASYNC=True engine=False cache=False cache_registered=True B=1 MAX_B=1 L=13[0m
[ 2026-09-03 19:18:57.388 | [33m[1mWARNING [0m | exo.worker.runner.supervisor:<lambda>:184 ] [33m[1mRunner stderr: [fence-gate-diag] n=7 FENCE_ASYNC=True engine=False cache=False cache_registered=True B=1 MAX_B=1 L=13[0m
[ 2026-09-03 19:18:57.402 | [33m[1mWARNING [0m | exo.worker.runner.supervisor:<lambda>:184 ] [33m[1mRunner stderr: [fence-gate-diag] n=8 FENCE_ASYNC=True engine=False cache=False cache_registered=True B=1 MAX_B=1 L=13[0m
[ 2026-09-03 19:18:57.415 | [33m[1mWARNING [0m | exo.worker.runner.supervisor:<lambda>:184 ] [33m[1mRunner stderr: [fence-gate-diag] n=9 FENCE_ASYNC=True engine=False cache=False cache_registered=True B=1 MAX_B=1 L=13[0m
[ 2026-09-03 19:18:57.429 | [33m[1mWARNING [0m | exo.worker.runner.supervisor:<lambda>:184 ] [33m[1mRunner stderr: [fence-gate-diag] n=10 FENCE_ASYNC=True engine=False cache=False cache_registered=True B=1 MAX_B=1 L=13[0m
[ 2026-09-03 19:18:57.443 | [33m[1mWARNING [0m | exo.worker.runner.supervisor:<lambda>:184 ] [33m[1mRunner stderr: [fence-gate-diag] n=11 FENCE_ASYNC=True engine=False cache=False cache_registered=True B=1 MAX_B=1 L=13[0m
[ 2026-09-03 19:18:57.457 | [33m[1mWARNING [0m | exo.worker.runner.supervisor:<lambda>:184 ] [33m[1mRunner stderr: [fence-gate-diag] n=12 FENCE_ASYNC=True engine=False cache=False cache_registered=True B=1 MAX_B=1 L=13[0m
[ 2026-09-03 19:18:57.472 | [33m[1mWARNING [0m | exo.worker.runner.supervisor:<lambda>:184 ] [33m[1mRunner stderr: [fence-gate-diag] n=13 FENCE_ASYNC=True engine=False cache=False cache_registered=True B=1 MAX_B=1 L=13[0m
[ 2026-09-03 19:18:57.486 | [33m[1mWARNING [0m | exo.worker.runner.supervisor:<lambda>:184 ] [33m[1mRunner stderr: [fence-gate-diag] n=14 FENCE_ASYNC=True engine=False cache=False cache_registered=True B=1 MAX_B=1 L=13[0m
[ 2026-09-03 19:18:57.504 | [33m[1mWARNING [0m | exo.worker.runner.supervisor:<lambda>:184 ] [33m[1mRunner stderr: [fence-gate-diag] n=15 FENCE_ASYNC=True engine=False cache=False cache_registered=True B=1 MAX_B=1 L=13[0m
[ 2026-09-03 19:18:57.518 | [33m[1mWARNING [0m | exo.worker.runner.supervisor:<lambda>:184 ] [33m[1mRunner stderr: [fence-gate-diag] n=16 FENCE_ASYNC=True engine=False cache=False cache_registered=True B=1 MAX_B=1 L=13[0m
[ 2026-09-03 19:18:57.533 | [33m[1mWARNING [0m | exo.worker.runner.supervisor:<lambda>:184 ] [33m[1mRunner stderr: [fence-gate-diag] n=17 FENCE_ASYNC=True engine=False cache=False cache_registered=True B=1 MAX_B=1 L=13[0m
[ 2026-09-03 19:18:57.552 | [33m[1mWARNING [0m | exo.worker.runner.supervisor:<lambda>:184 ] [33m[1mRunner stderr: [fence-gate-diag] n=18 FENCE_ASYNC=True engine=False cache=False cache_registered=True B=1 MAX_B=1 L=13[0m
[ 2026-09-03 19:18:57.567 | [33m[1mWARNING [0m | exo.worker.runner.supervisor:<lambda>:184 ] [33m[1mRunner stderr: [fence-gate-diag] n=19 FENCE_ASYNC=True engine=False cache=False cache_registered=True B=1 MAX_B=1 L=13[0m
[ 2026-09-03 19:18:57.582 | [33m[1mWARNING [0m | exo.worker.runner.supervisor:<lambda>:184 ] [33m[1mRunner stderr: [fence-gate-diag] n=20 FENCE_ASYNC=True engine=False cache=False cache_registered=True B=1 MAX_B=1 L=13[0m
[ 2026-09-03 19:18:57.729 | [33m[1mWARNING [0m | exo.worker.runner.supervisor:<lambda>:184 ] [33m[1mRunner stderr: [fence-gate-diag] n=21 FENCE_ASYNC=True engine=False cache=False cache_registered=True B=1 MAX_B=1 L=13[0m
[ 2026-09-03 19:18:57.914 | [33m[1mWARNING [0m | exo.worker.runner.supervisor:<lambda>:184 ] [33m[1mRunner stderr: [fence-gate-diag] n=22 FENCE_ASYNC=True engine=False cache=False cache_registered=True B=1 MAX_B=1 L=13[0m
[ 2026-09-03 19:18:58.101 | [33m[1mWARNING [0m | exo.worker.runner.supervisor:<lambda>:184 ] [33m[1mRunner stderr: [fence-gate-diag] n=23 FENCE_ASYNC=True engine=False cache=False cache_registered=True B=1 MAX_B=1 L=13[0m
[ 2026-09-03 19:18:58.301 | [33m[1mWARNING [0m | exo.worker.runner.supervisor:<lambda>:184 ] [33m[1mRunner stderr: [fence-gate-diag] n=24 FENCE_ASYNC=True engine=False cache=False cache_registered=True B=1 MAX_B=1 L=13[0m
[ 2026-09-03 19:18:58.511 | [33m[1mWARNING [0m | exo.worker.runner.supervisor:<lambda>:184 ] [33m[1mRunner stderr: [fence-gate-diag] n=25 FENCE_ASYNC=True engine=False cache=False cache_registered=True B=1 MAX_B=1 L=13[0m
[ 2026-09-03 19:18:58.731 | [33m[1mWARNING [0m | exo.worker.runner.supervisor:<lambda>:184 ] [33m[1mRunner stderr: [fence-gate-diag] n=26 FENCE_ASYNC=True engine=False cache=False cache_registered=True B=1 MAX_B=1 L=13[0m
[ 2026-09-03 19:18:58.924 | [33m[1mWARNING [0m | exo.worker.runner.supervisor:<lambda>:184 ] [33m[1mRunner stderr: [fence-gate-diag] n=27 FENCE_ASYNC=True engine=False cache=False cache_registered=True B=1 MAX_B=1 L=13[0m
[ 2026-09-03 19:18:59.118 | [33m[1mWARNING [0m | exo.worker.runner.supervisor:<lambda>:184 ] [33m[1mRunner stderr: [fence-gate-diag] n=28 FENCE_ASYNC=True engine=False cache=False cache_registered=True B=1 MAX_B=1 L=13[0m
[ 2026-09-03 19:18:59.313 | [33m[1mWARNING [0m | exo.worker.runner.supervisor:<lambda>:184 ] [33m[1mRunner stderr: [fence-gate-diag] n=29 FENCE_ASYNC=True engine=False cache=False cache_registered=True B=1 MAX_B=1 L=13[0m
[ 2026-09-03 19:18:59.526 | [33m[1mWARNING [0m | exo.worker.runner.supervisor:<lambda>:184 ] [33m[1mRunner stderr: [fence-gate-diag] n=30 FENCE_ASYNC=True engine=False cache=False cache_registered=True B=1 MAX_B=1 L=13[0m
[ 2026-09-03 19:19:02.834 | [33m[1mWARNING [0m | exo.worker.runner.supervisor:<lambda>:184 ] [33m[1mRunner stderr: [fence-gate-diag] n=200 FENCE_ASYNC=True engine=False cache=False cache_registered=True B=1 MAX_B=1 L=1[0m
[ 2026-09-03 19:19:03.044 | [33m[1mWARNING [0m | exo.worker.runner.supervisor:<lambda>:184 ] [33m[1mRunner stderr: [fence-gate-diag] n=400 FENCE_ASYNC=True engine=False cache=False cache_registered=True B=1 MAX_B=1 L=1[0m
[ 2026-09-03 19:19:03.227 | [33m[1mWARNING [0m | exo.worker.runner.supervisor:<lambda>:184 ] [33m[1mRunner stderr: [fence-gate-diag] n=600 FENCE_ASYNC=True engine=False cache=False cache_registered=True B=1 MAX_B=1 L=1[0m
[ 2026-09-03 19:19:03.409 | [33m[1mWARNING [0m | exo.worker.runner.supervisor:<lambda>:184 ] [33m[1mRunner stderr: [fence-gate-diag] n=800 FENCE_ASYNC=True engine=False cache=False cache_registered=True B=1 MAX_B=1 L=1[0m
[ 2026-09-03 19:19:03.591 | [33m[1mWARNING [0m | exo.worker.runner.supervisor:<lambda>:184 ] [33m[1mRunner stderr: [fence-gate-diag] n=1000 FENCE_ASYNC=True engine=False cache=False cache_registered=True B=1 MAX_B=1 L=1[0m
[ 2026-09-03 19:19:03.770 | [33m[1mWARNING [0m | exo.worker.runner.supervisor:<lambda>:184 ] [33m[1mRunner stderr: [fence-gate-diag] n=1200 FENCE_ASYNC=True engine=False cache=False cache_registered=True B=1 MAX_B=1 L=1[0m
[ 2026-09-03 19:19:03.950 | [33m[1mWARNING [0m | exo.worker.runner.supervisor:<lambda>:184 ] [33m[1mRunner stderr: [fence-gate-diag] n=1400 FENCE_ASYNC=True engine=False cache=False cache_registered=True B=1 MAX_B=1 L=1[0m
[ 2026-09-03 19:19:04.130 | [33m[1mWARNING [0m | exo.worker.runner.supervisor:<lambda>:184 ] [33m[1mRunner stderr: [fence-gate-diag] n=1600 FENCE_ASYNC=True engine=False cache=False cache_registered=True B=1 MAX_B=1 L=1[0m
[ 2026-09-03 19:19:04.310 | [33m[1mWARNING [0m | exo.worker.runner.supervisor:<lambda>:184 ] [33m[1mRunner stderr: [fence-gate-diag] n=1800 FENCE_ASYNC=True engine=False cache=False cache_registered=True B=1 MAX_B=1 L=1[0m
[ 2026-09-03 19:19:04.492 | [33m[1mWARNING [0m | exo.worker.runner.supervisor:<lambda>:184 ] [33m[1mRunner stderr: [fence-gate-diag] n=2000 FENCE_ASYNC=True engine=False cache=False cache_registered=True B=1 MAX_B=1 L=1[0m
[ 2026-09-03 19:19:04.674 | [33m[1mWARNING [0m | exo.worker.runner.supervisor:<lambda>:184 ] [33m[1mRunner stderr: [fence-gate-diag] n=2200 FENCE_ASYNC=True engine=False cache=False cache_registered=True B=1 MAX_B=1 L=1[0m
