[ 2026-09-03 18:43:31.986 | [33m[1mWARNING [0m | exo.worker.runner.supervisor:<lambda>:184 ] [33m[1mRunner stderr: [ALLSUM-PROBE pid=47878] cycles=20 window=20 fence_layers=43[0m
[ 2026-09-03 18:43:31.987 | [33m[1mWARNING [0m | exo.worker.runner.supervisor:<lambda>:184 ] [33m[1mRunner stderr: [ALLSUM-PROBE pid=47878]   layer=  0 n=  20 mean= 4.937ms min= 1.200ms p50= 2.001ms p99=38.301ms max=38.301ms[0m
[ 2026-09-03 18:43:31.987 | [33m[1mWARNING [0m | exo.worker.runner.supervisor:<lambda>:184 ] [33m[1mRunner stderr: [ALLSUM-PROBE pid=47878]   layer=  1 n=  20 mean= 2.252ms min= 0.826ms p50= 0.916ms p99=14.200ms max=14.200ms[0m
[ 2026-09-03 18:43:31.987 | [33m[1mWARNING [0m | exo.worker.runner.supervisor:<lambda>:184 ] [33m[1mRunner stderr: [ALLSUM-PROBE pid=47878]   layer=  2 n=  20 mean= 3.611ms min= 0.835ms p50= 0.999ms p99=31.675ms max=31.675ms[0m
[ 2026-09-03 18:43:31.987 | [33m[1mWARNING [0m | exo.worker.runner.supervisor:<lambda>:184 ] [33m[1mRunner stderr: [ALLSUM-PROBE pid=47878]   layer=  3 n=  20 mean= 2.348ms min= 0.833ms p50= 0.913ms p99=15.305ms max=15.305ms[0m
[ 2026-09-03 18:43:31.987 | [33m[1mWARNING [0m | exo.worker.runner.supervisor:<lambda>:184 ] [33m[1mRunner stderr: [ALLSUM-PROBE pid=47878]   layer=  4 n=  20 mean= 2.372ms min= 0.908ms p50= 0.995ms p99=14.750ms max=14.750ms[0m
[ 2026-09-03 18:43:31.987 | [33m[1mWARNING [0m | exo.worker.runner.supervisor:<lambda>:184 ] [33m[1mRunner stderr: [ALLSUM-PROBE pid=47878]   layer=  5 n=  20 mean= 2.280ms min= 0.826ms p50= 0.990ms p99=14.161ms max=14.161ms[0m
[ 2026-09-03 18:43:31.987 | [33m[1mWARNING [0m | exo.worker.runner.supervisor:<lambda>:184 ] [33m[1mRunner stderr: [ALLSUM-PROBE pid=47878]   layer=  6 n=  20 mean= 2.362ms min= 0.837ms p50= 0.997ms p99=14.805ms max=14.805ms[0m
[ 2026-09-03 18:43:31.987 | [33m[1mWARNING [0m | exo.worker.runner.supervisor:<lambda>:184 ] [33m[1mRunner stderr: [ALLSUM-PROBE pid=47878]   layer=  7 n=  20 mean= 2.293ms min= 0.827ms p50= 0.914ms p99=14.522ms max=14.522ms[0m
[ 2026-09-03 18:43:31.987 | [33m[1mWARNING [0m | exo.worker.runner.supervisor:<lambda>:184 ] [33m[1mRunner stderr: [ALLSUM-PROBE pid=47878]   layer=  8 n=  20 mean= 2.386ms min= 0.838ms p50= 0.994ms p99=15.508ms max=15.508ms[0m
[ 2026-09-03 18:43:31.987 | [33m[1mWARNING [0m | exo.worker.runner.supervisor:<lambda>:184 ] [33m[1mRunner stderr: [ALLSUM-PROBE pid=47878]   layer=  9 n=  20 mean= 2.342ms min= 0.828ms p50= 0.912ms p99=15.554ms max=15.554ms[0m
[ 2026-09-03 18:43:31.987 | [33m[1mWARNING [0m | exo.worker.runner.supervisor:<lambda>:184 ] [33m[1mRunner stderr: [ALLSUM-PROBE pid=47878]   layer= 10 n=  20 mean= 2.443ms min= 0.908ms p50= 1.003ms p99=15.974ms max=15.974ms[0m
[ 2026-09-03 18:43:31.987 | [33m[1mWARNING [0m | exo.worker.runner.supervisor:<lambda>:184 ] [33m[1mRunner stderr: [ALLSUM-PROBE pid=47878]   layer= 11 n=  20 mean= 2.354ms min= 0.823ms p50= 0.917ms p99=15.176ms max=15.176ms[0m
[ 2026-09-03 18:43:31.987 | [33m[1mWARNING [0m | exo.worker.runner.supervisor:<lambda>:184 ] [33m[1mRunner stderr: [ALLSUM-PROBE pid=47878]   layer= 12 n=  20 mean= 2.877ms min= 0.832ms p50= 0.993ms p99=22.280ms max=22.280ms[0m
[ 2026-09-03 18:43:31.987 | [33m[1mWARNING [0m | exo.worker.runner.supervisor:<lambda>:184 ] [33m[1mRunner stderr: [ALLSUM-PROBE pid=47878]   layer= 13 n=  20 mean= 2.651ms min= 0.857ms p50= 0.937ms p99=18.294ms max=18.294ms[0m
[ 2026-09-03 18:43:31.987 | [33m[1mWARNING [0m | exo.worker.runner.supervisor:<lambda>:184 ] [33m[1mRunner stderr: [ALLSUM-PROBE pid=47878]   layer= 14 n=  20 mean= 2.381ms min= 0.842ms p50= 0.998ms p99=15.168ms max=15.168ms[0m
[ 2026-09-03 18:43:31.987 | [33m[1mWARNING [0m | exo.worker.runner.supervisor:<lambda>:184 ] [33m[1mRunner stderr: [ALLSUM-PROBE pid=47878]   layer= 15 n=  20 mean= 3.248ms min= 0.824ms p50= 0.940ms p99=32.714ms max=32.714ms[0m
[ 2026-09-03 18:43:31.987 | [33m[1mWARNING [0m | exo.worker.runner.supervisor:<lambda>:184 ] [33m[1mRunner stderr: [ALLSUM-PROBE pid=47878]   layer= 16 n=  20 mean= 3.377ms min= 0.852ms p50= 0.990ms p99=31.142ms max=31.142ms[0m
[ 2026-09-03 18:43:31.987 | [33m[1mWARNING [0m | exo.worker.runner.supervisor:<lambda>:184 ] [33m[1mRunner stderr: [ALLSUM-PROBE pid=47878]   layer= 17 n=  20 mean= 2.721ms min= 0.830ms p50= 0.917ms p99=19.492ms max=19.492ms[0m
[ 2026-09-03 18:43:31.987 | [33m[1mWARNING [0m | exo.worker.runner.supervisor:<lambda>:184 ] [33m[1mRunner stderr: [ALLSUM-PROBE pid=47878]   layer= 18 n=  20 mean= 2.398ms min= 0.910ms p50= 0.989ms p99=15.567ms max=15.567ms[0m
[ 2026-09-03 18:43:31.987 | [33m[1mWARNING [0m | exo.worker.runner.supervisor:<lambda>:184 ] [33m[1mRunner stderr: [ALLSUM-PROBE pid=47878]   layer= 19 n=  20 mean=10.221ms min= 0.830ms p50= 0.938ms p99=168.606ms max=168.606ms[0m
[ 2026-09-03 18:43:31.987 | [33m[1mWARNING [0m | exo.worker.runner.supervisor:<lambda>:184 ] [33m[1mRunner stderr: [ALLSUM-PROBE pid=47878]   layer= 20 n=  20 mean=11.179ms min= 0.836ms p50= 0.992ms p99=187.564ms max=187.564ms[0m
[ 2026-09-03 18:43:31.987 | [33m[1mWARNING [0m | exo.worker.runner.supervisor:<lambda>:184 ] [33m[1mRunner stderr: [ALLSUM-PROBE pid=47878]   layer= 21 n=  20 mean=11.492ms min= 0.832ms p50= 0.913ms p99=194.497ms max=194.497ms[0m
[ 2026-09-03 18:43:31.987 | [33m[1mWARNING [0m | exo.worker.runner.supervisor:<lambda>:184 ] [33m[1mRunner stderr: [ALLSUM-PROBE pid=47878]   layer= 22 n=  20 mean=11.715ms min= 0.841ms p50= 0.992ms p99=198.288ms max=198.288ms[0m
[ 2026-09-03 18:43:31.987 | [33m[1mWARNING [0m | exo.worker.runner.supervisor:<lambda>:184 ] [33m[1mRunner stderr: [ALLSUM-PROBE pid=47878]   layer= 23 n=  20 mean=13.043ms min= 0.829ms p50= 0.985ms p99=226.314ms max=226.314ms[0m
[ 2026-09-03 18:43:31.987 | [33m[1mWARNING [0m | exo.worker.runner.supervisor:<lambda>:184 ] [33m[1mRunner stderr: [ALLSUM-PROBE pid=47878]   layer= 24 n=  20 mean=12.875ms min= 0.830ms p50= 0.990ms p99=221.816ms max=221.816ms[0m
[ 2026-09-03 18:43:31.987 | [33m[1mWARNING [0m | exo.worker.runner.supervisor:<lambda>:184 ] [33m[1mRunner stderr: [ALLSUM-PROBE pid=47878]   layer= 25 n=  20 mean=11.878ms min= 0.819ms p50= 0.911ms p99=203.117ms max=203.117ms[0m
[ 2026-09-03 18:43:31.988 | [33m[1mWARNING [0m | exo.worker.runner.supervisor:<lambda>:184 ] [33m[1mRunner stderr: [ALLSUM-PROBE pid=47878]   layer= 26 n=  20 mean=11.784ms min= 0.910ms p50= 0.993ms p99=199.734ms max=199.734ms[0m
[ 2026-09-03 18:43:31.988 | [33m[1mWARNING [0m | exo.worker.runner.supervisor:<lambda>:184 ] [33m[1mRunner stderr: [ALLSUM-PROBE pid=47878]   layer= 27 n=  20 mean=12.103ms min= 0.828ms p50= 0.986ms p99=201.237ms max=201.237ms[0m
[ 2026-09-03 18:43:31.988 | [33m[1mWARNING [0m | exo.worker.runner.supervisor:<lambda>:184 ] [33m[1mRunner stderr: [ALLSUM-PROBE pid=47878]   layer= 28 n=  20 mean=11.911ms min= 0.844ms p50= 0.991ms p99=202.097ms max=202.097ms[0m
[ 2026-09-03 18:43:31.988 | [33m[1mWARNING [0m | exo.worker.runner.supervisor:<lambda>:184 ] [33m[1mRunner stderr: [ALLSUM-PROBE pid=47878]   layer= 29 n=  20 mean=12.538ms min= 0.823ms p50= 0.988ms p99=202.811ms max=202.811ms[0m
[ 2026-09-03 18:43:31.988 | [33m[1mWARNING [0m | exo.worker.runner.supervisor:<lambda>:184 ] [33m[1mRunner stderr: [ALLSUM-PROBE pid=47878]   layer= 30 n=  20 mean=12.548ms min= 0.837ms p50= 0.995ms p99=214.470ms max=214.470ms[0m
[ 2026-09-03 18:43:31.988 | [33m[1mWARNING [0m | exo.worker.runner.supervisor:<lambda>:184 ] [33m[1mRunner stderr: [ALLSUM-PROBE pid=47878]   layer= 31 n=  20 mean=11.813ms min= 0.827ms p50= 0.915ms p99=201.080ms max=201.080ms[0m
[ 2026-09-03 18:43:31.988 | [33m[1mWARNING [0m | exo.worker.runner.supervisor:<lambda>:184 ] [33m[1mRunner stderr: [ALLSUM-PROBE pid=47878]   layer= 32 n=  20 mean=12.251ms min= 0.835ms p50= 0.988ms p99=209.345ms max=209.345ms[0m
[ 2026-09-03 18:43:31.988 | [33m[1mWARNING [0m | exo.worker.runner.supervisor:<lambda>:184 ] [33m[1mRunner stderr: [ALLSUM-PROBE pid=47878]   layer= 33 n=  20 mean=12.254ms min= 0.826ms p50= 0.918ms p99=209.908ms max=209.908ms[0m
[ 2026-09-03 18:43:31.988 | [33m[1mWARNING [0m | exo.worker.runner.supervisor:<lambda>:184 ] [33m[1mRunner stderr: [ALLSUM-PROBE pid=47878]   layer= 34 n=  20 mean=12.269ms min= 0.837ms p50= 0.991ms p99=208.834ms max=208.834ms[0m
[ 2026-09-03 18:43:31.988 | [33m[1mWARNING [0m | exo.worker.runner.supervisor:<lambda>:184 ] [33m[1mRunner stderr: [ALLSUM-PROBE pid=47878]   layer= 35 n=  20 mean=12.183ms min= 0.901ms p50= 0.915ms p99=207.562ms max=207.562ms[0m
[ 2026-09-03 18:43:31.988 | [33m[1mWARNING [0m | exo.worker.runner.supervisor:<lambda>:184 ] [33m[1mRunner stderr: [ALLSUM-PROBE pid=47878]   layer= 36 n=  20 mean=11.938ms min= 0.836ms p50= 0.997ms p99=201.806ms max=201.806ms[0m
[ 2026-09-03 18:43:31.988 | [33m[1mWARNING [0m | exo.worker.runner.supervisor:<lambda>:184 ] [33m[1mRunner stderr: [ALLSUM-PROBE pid=47878]   layer= 37 n=  20 mean=11.823ms min= 0.834ms p50= 0.911ms p99=200.983ms max=200.983ms[0m
[ 2026-09-03 18:43:31.988 | [33m[1mWARNING [0m | exo.worker.runner.supervisor:<lambda>:184 ] [33m[1mRunner stderr: [ALLSUM-PROBE pid=47878]   layer= 38 n=  20 mean=11.684ms min= 0.860ms p50= 0.995ms p99=207.558ms max=207.558ms[0m
[ 2026-09-03 18:43:31.988 | [33m[1mWARNING [0m | exo.worker.runner.supervisor:<lambda>:184 ] [33m[1mRunner stderr: [ALLSUM-PROBE pid=47878]   layer= 39 n=  20 mean=11.514ms min= 0.829ms p50= 0.912ms p99=212.222ms max=212.222ms[0m
[ 2026-09-03 18:43:31.988 | [33m[1mWARNING [0m | exo.worker.runner.supervisor:<lambda>:184 ] [33m[1mRunner stderr: [ALLSUM-PROBE pid=47878]   layer= 40 n=  20 mean= 3.200ms min= 0.852ms p50= 1.009ms p99=44.525ms max=44.525ms[0m
[ 2026-09-03 18:43:31.988 | [33m[1mWARNING [0m | exo.worker.runner.supervisor:<lambda>:184 ] [33m[1mRunner stderr: [ALLSUM-PROBE pid=47878]   layer= 41 n=  20 mean= 2.575ms min= 0.824ms p50= 0.918ms p99=33.204ms max=33.204ms[0m
[ 2026-09-03 18:43:31.988 | [33m[1mWARNING [0m | exo.worker.runner.supervisor:<lambda>:184 ] [33m[1mRunner stderr: [ALLSUM-PROBE pid=47878]   layer= 42 n=  20 mean= 2.266ms min= 0.840ms p50= 0.997ms p99=26.404ms max=26.404ms[0m
[ 2026-09-03 18:43:32.911 | [33m[1mWARNING [0m | exo.worker.runner.supervisor:<lambda>:184 ] [33m[1mRunner stderr: [ALLSUM-PROBE pid=47878] cycles=40 window=20 fence_layers=43[0m
[ 2026-09-03 18:43:32.911 | [33m[1mWARNING [0m | exo.worker.runner.supervisor:<lambda>:184 ] [33m[1mRunner stderr: [ALLSUM-PROBE pid=47878]   layer=  0 n=  20 mean= 1.969ms min= 1.819ms p50= 1.984ms p99= 2.058ms max= 2.058ms[0m
[ 2026-09-03 18:43:32.911 | [33m[1mWARNING [0m | exo.worker.runner.supervisor:<lambda>:184 ] [33m[1mRunner stderr: [ALLSUM-PROBE pid=47878]   layer=  1 n=  20 mean= 0.904ms min= 0.823ms p50= 0.910ms p99= 1.074ms max= 1.074ms[0m
[ 2026-09-03 18:43:32.911 | [33m[1mWARNING [0m | exo.worker.runner.supervisor:<lambda>:184 ] [33m[1mRunner stderr: [ALLSUM-PROBE pid=47878]   layer=  2 n=  20 mean= 0.969ms min= 0.891ms p50= 0.921ms p99= 1.164ms max= 1.164ms[0m
[ 2026-09-03 18:43:32.911 | [33m[1mWARNING [0m | exo.worker.runner.supervisor:<lambda>:184 ] [33m[1mRunner stderr: [ALLSUM-PROBE pid=47878]   layer=  3 n=  20 mean= 0.916ms min= 0.833ms p50= 0.908ms p99= 0.988ms max= 0.988ms[0m
[ 2026-09-03 18:43:32.911 | [33m[1mWARNING [0m | exo.worker.runner.supervisor:<lambda>:184 ] [33m[1mRunner stderr: [ALLSUM-PROBE pid=47878]   layer=  4 n=  20 mean= 0.989ms min= 0.848ms p50= 0.988ms p99= 1.138ms max= 1.138ms[0m
[ 2026-09-03 18:43:32.911 | [33m[1mWARNING [0m | exo.worker.runner.supervisor:<lambda>:184 ] [33m[1mRunner stderr: [ALLSUM-PROBE pid=47878]   layer=  5 n=  20 mean= 0.915ms min= 0.903ms p50= 0.909ms p99= 0.999ms max= 0.999ms[0m
[ 2026-09-03 18:43:32.911 | [33m[1mWARNING [0m | exo.worker.runner.supervisor:<lambda>:184 ] [33m[1mRunner stderr: [ALLSUM-PROBE pid=47878]   layer=  6 n=  20 mean= 0.970ms min= 0.908ms p50= 0.926ms p99= 1.135ms max= 1.135ms[0m
[ 2026-09-03 18:43:32.911 | [33m[1mWARNING [0m | exo.worker.runner.supervisor:<lambda>:184 ] [33m[1mRunner stderr: [ALLSUM-PROBE pid=47878]   layer=  7 n=  20 mean= 0.911ms min= 0.828ms p50= 0.908ms p99= 0.986ms max= 0.986ms[0m
[ 2026-09-03 18:43:32.911 | [33m[1mWARNING [0m | exo.worker.runner.supervisor:<lambda>:184 ] [33m[1mRunner stderr: [ALLSUM-PROBE pid=47878]   layer=  8 n=  20 mean= 0.979ms min= 0.837ms p50= 0.941ms p99= 1.141ms max= 1.141ms[0m
[ 2026-09-03 18:43:32.911 | [33m[1mWARNING [0m | exo.worker.runner.supervisor:<lambda>:184 ] [33m[1mRunner stderr: [ALLSUM-PROBE pid=47878]   layer=  9 n=  20 mean= 0.924ms min= 0.826ms p50= 0.912ms p99= 1.148ms max= 1.148ms[0m
[ 2026-09-03 18:43:32.911 | [33m[1mWARNING [0m | exo.worker.runner.supervisor:<lambda>:184 ] [33m[1mRunner stderr: [ALLSUM-PROBE pid=47878]   layer= 10 n=  20 mean= 0.976ms min= 0.908ms p50= 0.921ms p99= 1.150ms max= 1.150ms[0m
[ 2026-09-03 18:43:32.911 | [33m[1mWARNING [0m | exo.worker.runner.supervisor:<lambda>:184 ] [33m[1mRunner stderr: [ALLSUM-PROBE pid=47878]   layer= 11 n=  20 mean= 0.920ms min= 0.844ms p50= 0.908ms p99= 1.073ms max= 1.073ms[0m
[ 2026-09-03 18:43:32.911 | [33m[1mWARNING [0m | exo.worker.runner.supervisor:<lambda>:184 ] [33m[1mRunner stderr: [ALLSUM-PROBE pid=47878]   layer= 12 n=  20 mean= 0.993ms min= 0.909ms p50= 0.935ms p99= 1.139ms max= 1.139ms[0m
[ 2026-09-03 18:43:32.911 | [33m[1mWARNING [0m | exo.worker.runner.supervisor:<lambda>:184 ] [33m[1mRunner stderr: [ALLSUM-PROBE pid=47878]   layer= 13 n=  20 mean= 0.930ms min= 0.830ms p50= 0.912ms p99= 1.062ms max= 1.062ms[0m
[ 2026-09-03 18:43:32.911 | [33m[1mWARNING [0m | exo.worker.runner.supervisor:<lambda>:184 ] [33m[1mRunner stderr: [ALLSUM-PROBE pid=47878]   layer= 14 n=  20 mean= 0.971ms min= 0.881ms p50= 0.917ms p99= 1.207ms max= 1.207ms[0m
[ 2026-09-03 18:43:32.911 | [33m[1mWARNING [0m | exo.worker.runner.supervisor:<lambda>:184 ] [33m[1mRunner stderr: [ALLSUM-PROBE pid=47878]   layer= 15 n=  20 mean= 0.926ms min= 0.847ms p50= 0.909ms p99= 1.124ms max= 1.124ms[0m
[ 2026-09-03 18:43:32.911 | [33m[1mWARNING [0m | exo.worker.runner.supervisor:<lambda>:184 ] [33m[1mRunner stderr: [ALLSUM-PROBE pid=47878]   layer= 16 n=  20 mean= 0.987ms min= 0.909ms p50= 0.927ms p99= 1.154ms max= 1.154ms[0m
[ 2026-09-03 18:43:32.911 | [33m[1mWARNING [0m | exo.worker.runner.supervisor:<lambda>:184 ] [33m[1mRunner stderr: [ALLSUM-PROBE pid=47878]   layer= 17 n=  20 mean= 0.902ms min= 0.823ms p50= 0.907ms p99= 0.982ms max= 0.982ms[0m
[ 2026-09-03 18:43:32.911 | [33m[1mWARNING [0m | exo.worker.runner.supervisor:<lambda>:184 ] [33m[1mRunner stderr: [ALLSUM-PROBE pid=47878]   layer= 18 n=  20 mean= 0.988ms min= 0.853ms p50= 0.943ms p99= 1.136ms max= 1.136ms[0m
[ 2026-09-03 18:43:32.911 | [33m[1mWARNING [0m | exo.worker.runner.supervisor:<lambda>:184 ] [33m[1mRunner stderr: [ALLSUM-PROBE pid=47878]   layer= 19 n=  20 mean= 0.913ms min= 0.847ms p50= 0.909ms p99= 1.066ms max= 1.066ms[0m
[ 2026-09-03 18:43:32.912 | [33m[1mWARNING [0m | exo.worker.runner.supervisor:<lambda>:184 ] [33m[1mRunner stderr: [ALLSUM-PROBE pid=47878]   layer= 20 n=  20 mean= 0.972ms min= 0.842ms p50= 0.918ms p99= 1.274ms max= 1.274ms[0m
[ 2026-09-03 18:43:32.912 | [33m[1mWARNING [0m | exo.worker.runner.supervisor:<lambda>:184 ] [33m[1mRunner stderr: [ALLSUM-PROBE pid=47878]   layer= 21 n=  20 mean= 0.907ms min= 0.826ms p50= 0.909ms p99= 0.973ms max= 0.973ms[0m
[ 2026-09-03 18:43:32.912 | [33m[1mWARNING [0m | exo.worker.runner.supervisor:<lambda>:184 ] [33m[1mRunner stderr: [ALLSUM-PROBE pid=47878]   layer= 22 n=  20 mean= 0.999ms min= 0.912ms p50= 0.927ms p99= 1.149ms max= 1.149ms[0m
[ 2026-09-03 18:43:32.912 | [33m[1mWARNING [0m | exo.worker.runner.supervisor:<lambda>:184 ] [33m[1mRunner stderr: [ALLSUM-PROBE pid=47878]   layer= 23 n=  20 mean= 0.910ms min= 0.840ms p50= 0.911ms p99= 0.987ms max= 0.987ms[0m
[ 2026-09-03 18:43:32.912 | [33m[1mWARNING [0m | exo.worker.runner.supervisor:<lambda>:184 ] [33m[1mRunner stderr: [ALLSUM-PROBE pid=47878]   layer= 24 n=  20 mean= 0.983ms min= 0.914ms p50= 0.922ms p99= 1.209ms max= 1.209ms[0m
[ 2026-09-03 18:43:32.912 | [33m[1mWARNING [0m | exo.worker.runner.supervisor:<lambda>:184 ] [33m[1mRunner stderr: [ALLSUM-PROBE pid=47878]   layer= 25 n=  20 mean= 0.923ms min= 0.901ms p50= 0.910ms p99= 1.065ms max= 1.065ms[0m
[ 2026-09-03 18:43:32.912 | [33m[1mWARNING [0m | exo.worker.runner.supervisor:<lambda>:184 ] [33m[1mRunner stderr: [ALLSUM-PROBE pid=47878]   layer= 26 n=  20 mean= 0.976ms min= 0.842ms p50= 0.932ms p99= 1.139ms max= 1.139ms[0m
[ 2026-09-03 18:43:32.912 | [33m[1mWARNING [0m | exo.worker.runner.supervisor:<lambda>:184 ] [33m[1mRunner stderr: [ALLSUM-PROBE pid=47878]   layer= 27 n=  20 mean= 0.911ms min= 0.851ms p50= 0.908ms p99= 0.989ms max= 0.989ms[0m
[ 2026-09-03 18:43:32.912 | [33m[1mWARNING [0m | exo.worker.runner.supervisor:<lambda>:184 ] [33m[1mRunner stderr: [ALLSUM-PROBE pid=47878]   layer= 28 n=  20 mean= 0.978ms min= 0.842ms p50= 0.932ms p99= 1.209ms max= 1.209ms[0m
[ 2026-09-03 18:43:32.912 | [33m[1mWARNING [0m | exo.worker.runner.supervisor:<lambda>:184 ] [33m[1mRunner stderr: [ALLSUM-PROBE pid=47878]   layer= 29 n=  20 mean= 0.916ms min= 0.902ms p50= 0.912ms p99= 0.983ms max= 0.983ms[0m
[ 2026-09-03 18:43:32.912 | [33m[1mWARNING [0m | exo.worker.runner.supervisor:<lambda>:184 ] [33m[1mRunner stderr: [ALLSUM-PROBE pid=47878]   layer= 30 n=  20 mean= 0.990ms min= 0.910ms p50= 0.933ms p99= 1.174ms max= 1.174ms[0m
[ 2026-09-03 18:43:32.912 | [33m[1mWARNING [0m | exo.worker.runner.supervisor:<lambda>:184 ] [33m[1mRunner stderr: [ALLSUM-PROBE pid=47878]   layer= 31 n=  20 mean= 0.914ms min= 0.902ms p50= 0.911ms p99= 0.987ms max= 0.987ms[0m
[ 2026-09-03 18:43:32.912 | [33m[1mWARNING [0m | exo.worker.runner.supervisor:<lambda>:184 ] [33m[1mRunner stderr: [ALLSUM-PROBE pid=47878]   layer= 32 n=  20 mean= 0.984ms min= 0.843ms p50= 0.932ms p99= 1.144ms max= 1.144ms[0m
[ 2026-09-03 18:43:32.912 | [33m[1mWARNING [0m | exo.worker.runner.supervisor:<lambda>:184 ] [33m[1mRunner stderr: [ALLSUM-PROBE pid=47878]   layer= 33 n=  20 mean= 0.931ms min= 0.839ms p50= 0.911ms p99= 1.126ms max= 1.126ms[0m
[ 2026-09-03 18:43:32.912 | [33m[1mWARNING [0m | exo.worker.runner.supervisor:<lambda>:184 ] [33m[1mRunner stderr: [ALLSUM-PROBE pid=47878]   layer= 34 n=  20 mean= 0.965ms min= 0.850ms p50= 0.926ms p99= 1.135ms max= 1.135ms[0m
[ 2026-09-03 18:43:32.912 | [33m[1mWARNING [0m | exo.worker.runner.supervisor:<lambda>:184 ] [33m[1mRunner stderr: [ALLSUM-PROBE pid=47878]   layer= 35 n=  20 mean= 0.921ms min= 0.824ms p50= 0.909ms p99= 1.071ms max= 1.071ms[0m
[ 2026-09-03 18:43:32.912 | [33m[1mWARNING [0m | exo.worker.runner.supervisor:<lambda>:184 ] [33m[1mRunner stderr: [ALLSUM-PROBE pid=47878]   layer= 36 n=  20 mean= 0.998ms min= 0.840ms p50= 0.995ms p99= 1.218ms max= 1.218ms[0m
[ 2026-09-03 18:43:32.912 | [33m[1mWARNING [0m | exo.worker.runner.supervisor:<lambda>:184 ] [33m[1mRunner stderr: [ALLSUM-PROBE pid=47878]   layer= 37 n=  20 mean= 0.923ms min= 0.835ms p50= 0.910ms p99= 0.990ms max= 0.990ms[0m
[ 2026-09-03 18:43:32.912 | [33m[1mWARNING [0m | exo.worker.runner.supervisor:<lambda>:184 ] [33m[1mRunner stderr: [ALLSUM-PROBE pid=47878]   layer= 38 n=  20 mean= 0.983ms min= 0.913ms p50= 0.935ms p99= 1.134ms max= 1.134ms[0m
[ 2026-09-03 18:43:32.912 | [33m[1mWARNING [0m | exo.worker.runner.supervisor:<lambda>:184 ] [33m[1mRunner stderr: [ALLSUM-PROBE pid=47878]   layer= 39 n=  20 mean= 0.909ms min= 0.826ms p50= 0.908ms p99= 0.985ms max= 0.985ms[0m
[ 2026-09-03 18:43:32.912 | [33m[1mWARNING [0m | exo.worker.runner.supervisor:<lambda>:184 ] [33m[1mRunner stderr: [ALLSUM-PROBE pid=47878]   layer= 40 n=  20 mean= 0.983ms min= 0.911ms p50= 0.932ms p99= 1.128ms max= 1.128ms[0m
[ 2026-09-03 18:43:32.912 | [33m[1mWARNING [0m | exo.worker.runner.supervisor:<lambda>:184 ] [33m[1mRunner stderr: [ALLSUM-PROBE pid=47878]   layer= 41 n=  20 mean= 0.919ms min= 0.831ms p50= 0.908ms p99= 1.065ms max= 1.065ms[0m
[ 2026-09-03 18:43:32.912 | [33m[1mWARNING [0m | exo.worker.runner.supervisor:<lambda>:184 ] [33m[1mRunner stderr: [ALLSUM-PROBE pid=47878]   layer= 42 n=  20 mean= 0.990ms min= 0.911ms p50= 0.935ms p99= 1.360ms max= 1.360ms[0m
[ 2026-09-03 18:44:00.969 | [33m[1mWARNING [0m | exo.worker.runner.supervisor:<lambda>:184 ] [33m[1mRunner stderr: [fence-gate-diag] SETTER key=engine ok=False tid=8662072128 ctx_now={'engine': False, 'cache': False}[0m
[ 2026-09-03 18:44:24.614 | [33m[1mWARNING [0m | exo.worker.runner.supervisor:<lambda>:184 ] [33m[1mRunner stderr: [ALLSUM-PROBE pid=47878] cycles=60 window=20 fence_layers=43[0m
[ 2026-09-03 18:44:24.614 | [33m[1mWARNING [0m | exo.worker.runner.supervisor:<lambda>:184 ] [33m[1mRunner stderr: [ALLSUM-PROBE pid=47878]   layer=  0 n=  20 mean=44.828ms min= 1.828ms p50= 2.007ms p99=187.359ms max=187.359ms[0m
[ 2026-09-03 18:44:24.614 | [33m[1mWARNING [0m | exo.worker.runner.supervisor:<lambda>:184 ] [33m[1mRunner stderr: [ALLSUM-PROBE pid=47878]   layer=  1 n=  20 mean=36.448ms min= 0.825ms p50= 0.911ms p99=148.378ms max=148.378ms[0m
[ 2026-09-03 18:44:24.614 | [33m[1mWARNING [0m | exo.worker.runner.supervisor:<lambda>:184 ] [33m[1mRunner stderr: [ALLSUM-PROBE pid=47878]   layer=  2 n=  20 mean=33.506ms min= 0.830ms p50= 1.073ms p99=147.727ms max=147.727ms[0m
[ 2026-09-03 18:44:24.614 | [33m[1mWARNING [0m | exo.worker.runner.supervisor:<lambda>:184 ] [33m[1mRunner stderr: [ALLSUM-PROBE pid=47878]   layer=  3 n=  20 mean=22.098ms min= 0.826ms p50= 0.913ms p99=87.485ms max=87.485ms[0m
[ 2026-09-03 18:44:24.614 | [33m[1mWARNING [0m | exo.worker.runner.supervisor:<lambda>:184 ] [33m[1mRunner stderr: [ALLSUM-PROBE pid=47878]   layer=  4 n=  20 mean=29.364ms min= 0.834ms p50= 0.996ms p99=124.111ms max=124.111ms[0m
[ 2026-09-03 18:44:24.614 | [33m[1mWARNING [0m | exo.worker.runner.supervisor:<lambda>:184 ] [33m[1mRunner stderr: [ALLSUM-PROBE pid=47878]   layer=  5 n=  20 mean=22.699ms min= 0.831ms p50= 0.910ms p99=98.740ms max=98.740ms[0m
[ 2026-09-03 18:44:24.614 | [33m[1mWARNING [0m | exo.worker.runner.supervisor:<lambda>:184 ] [33m[1mRunner stderr: [ALLSUM-PROBE pid=47878]   layer=  6 n=  20 mean=28.686ms min= 0.837ms p50= 1.128ms p99=117.072ms max=117.072ms[0m
[ 2026-09-03 18:44:24.614 | [33m[1mWARNING [0m | exo.worker.runner.supervisor:<lambda>:184 ] [33m[1mRunner stderr: [ALLSUM-PROBE pid=47878]   layer=  7 n=  20 mean=22.204ms min= 0.834ms p50= 0.911ms p99=86.438ms max=86.438ms[0m
[ 2026-09-03 18:44:24.614 | [33m[1mWARNING [0m | exo.worker.runner.supervisor:<lambda>:184 ] [33m[1mRunner stderr: [ALLSUM-PROBE pid=47878]   layer=  8 n=  20 mean=30.273ms min= 0.834ms p50= 0.982ms p99=127.500ms max=127.500ms[0m
[ 2026-09-03 18:44:24.614 | [33m[1mWARNING [0m | exo.worker.runner.supervisor:<lambda>:184 ] [33m[1mRunner stderr: [ALLSUM-PROBE pid=47878]   layer=  9 n=  20 mean=23.526ms min= 0.823ms p50= 0.914ms p99=94.928ms max=94.928ms[0m
[ 2026-09-03 18:44:24.614 | [33m[1mWARNING [0m | exo.worker.runner.supervisor:<lambda>:184 ] [33m[1mRunner stderr: [ALLSUM-PROBE pid=47878]   layer= 10 n=  20 mean=29.606ms min= 0.899ms p50= 0.933ms p99=123.411ms max=123.411ms[0m
[ 2026-09-03 18:44:24.614 | [33m[1mWARNING [0m | exo.worker.runner.supervisor:<lambda>:184 ] [33m[1mRunner stderr: [ALLSUM-PROBE pid=47878]   layer= 11 n=  20 mean=22.811ms min= 0.826ms p50= 0.913ms p99=91.129ms max=91.129ms[0m
[ 2026-09-03 18:44:24.614 | [33m[1mWARNING [0m | exo.worker.runner.supervisor:<lambda>:184 ] [33m[1mRunner stderr: [ALLSUM-PROBE pid=47878]   layer= 12 n=  20 mean=29.446ms min= 0.911ms p50= 1.130ms p99=116.248ms max=116.248ms[0m
[ 2026-09-03 18:44:24.614 | [33m[1mWARNING [0m | exo.worker.runner.supervisor:<lambda>:184 ] [33m[1mRunner stderr: [ALLSUM-PROBE pid=47878]   layer= 13 n=  20 mean=22.765ms min= 0.837ms p50= 0.911ms p99=90.321ms max=90.321ms[0m
[ 2026-09-03 18:44:24.614 | [33m[1mWARNING [0m | exo.worker.runner.supervisor:<lambda>:184 ] [33m[1mRunner stderr: [ALLSUM-PROBE pid=47878]   layer= 14 n=  20 mean=29.585ms min= 0.834ms p50= 1.054ms p99=126.641ms max=126.641ms[0m
[ 2026-09-03 18:44:24.614 | [33m[1mWARNING [0m | exo.worker.runner.supervisor:<lambda>:184 ] [33m[1mRunner stderr: [ALLSUM-PROBE pid=47878]   layer= 15 n=  20 mean=24.760ms min= 0.828ms p50= 0.917ms p99=116.623ms max=116.623ms[0m
[ 2026-09-03 18:44:24.614 | [33m[1mWARNING [0m | exo.worker.runner.supervisor:<lambda>:184 ] [33m[1mRunner stderr: [ALLSUM-PROBE pid=47878]   layer= 16 n=  20 mean=28.845ms min= 0.836ms p50= 0.926ms p99=114.329ms max=114.329ms[0m
[ 2026-09-03 18:44:24.614 | [33m[1mWARNING [0m | exo.worker.runner.supervisor:<lambda>:184 ] [33m[1mRunner stderr: [ALLSUM-PROBE pid=47878]   layer= 17 n=  20 mean=22.579ms min= 0.832ms p50= 0.909ms p99=89.040ms max=89.040ms[0m
[ 2026-09-03 18:44:24.614 | [33m[1mWARNING [0m | exo.worker.runner.supervisor:<lambda>:184 ] [33m[1mRunner stderr: [ALLSUM-PROBE pid=47878]   layer= 18 n=  20 mean=29.220ms min= 0.843ms p50= 1.053ms p99=116.963ms max=116.963ms[0m
[ 2026-09-03 18:44:24.614 | [33m[1mWARNING [0m | exo.worker.runner.supervisor:<lambda>:184 ] [33m[1mRunner stderr: [ALLSUM-PROBE pid=47878]   layer= 19 n=  20 mean=23.668ms min= 0.831ms p50= 0.914ms p99=107.967ms max=107.967ms[0m
[ 2026-09-03 18:44:24.615 | [33m[1mWARNING [0m | exo.worker.runner.supervisor:<lambda>:184 ] [33m[1mRunner stderr: [ALLSUM-PROBE pid=47878]   layer= 20 n=  20 mean=29.319ms min= 0.836ms p50= 0.933ms p99=118.408ms max=118.408ms[0m
[ 2026-09-03 18:44:24.615 | [33m[1mWARNING [0m | exo.worker.runner.supervisor:<lambda>:184 ] [33m[1mRunner stderr: [ALLSUM-PROBE pid=47878]   layer= 21 n=  20 mean=22.643ms min= 0.904ms p50= 0.915ms p99=89.034ms max=89.034ms[0m
[ 2026-09-03 18:44:24.615 | [33m[1mWARNING [0m | exo.worker.runner.supervisor:<lambda>:184 ] [33m[1mRunner stderr: [ALLSUM-PROBE pid=47878]   layer= 22 n=  20 mean=29.205ms min= 0.836ms p50= 1.050ms p99=116.411ms max=116.411ms[0m
[ 2026-09-03 18:44:24.615 | [33m[1mWARNING [0m | exo.worker.runner.supervisor:<lambda>:184 ] [33m[1mRunner stderr: [ALLSUM-PROBE pid=47878]   layer= 23 n=  20 mean=23.516ms min= 0.840ms p50= 0.914ms p99=97.364ms max=97.364ms[0m
[ 2026-09-03 18:44:24.615 | [33m[1mWARNING [0m | exo.worker.runner.supervisor:<lambda>:184 ] [33m[1mRunner stderr: [ALLSUM-PROBE pid=47878]   layer= 24 n=  20 mean=30.910ms min= 0.835ms p50= 1.044ms p99=138.109ms max=138.109ms[0m
[ 2026-09-03 18:44:24.615 | [33m[1mWARNING [0m | exo.worker.runner.supervisor:<lambda>:184 ] [33m[1mRunner stderr: [ALLSUM-PROBE pid=47878]   layer= 25 n=  20 mean=23.947ms min= 0.826ms p50= 0.916ms p99=103.196ms max=103.196ms[0m
[ 2026-09-03 18:44:24.615 | [33m[1mWARNING [0m | exo.worker.runner.supervisor:<lambda>:184 ] [33m[1mRunner stderr: [ALLSUM-PROBE pid=47878]   layer= 26 n=  20 mean=29.226ms min= 0.841ms p50= 1.069ms p99=116.468ms max=116.468ms[0m
[ 2026-09-03 18:44:24.615 | [33m[1mWARNING [0m | exo.worker.runner.supervisor:<lambda>:184 ] [33m[1mRunner stderr: [ALLSUM-PROBE pid=47878]   layer= 27 n=  20 mean=23.786ms min= 0.827ms p50= 0.910ms p99=107.277ms max=107.277ms[0m
[ 2026-09-03 18:44:24.615 | [33m[1mWARNING [0m | exo.worker.runner.supervisor:<lambda>:184 ] [33m[1mRunner stderr: [ALLSUM-PROBE pid=47878]   layer= 28 n=  20 mean=29.293ms min= 0.840ms p50= 0.933ms p99=116.474ms max=116.474ms[0m
[ 2026-09-03 18:44:24.615 | [33m[1mWARNING [0m | exo.worker.runner.supervisor:<lambda>:184 ] [33m[1mRunner stderr: [ALLSUM-PROBE pid=47878]   layer= 29 n=  20 mean=22.722ms min= 0.836ms p50= 0.912ms p99=89.891ms max=89.891ms[0m
[ 2026-09-03 18:44:24.615 | [33m[1mWARNING [0m | exo.worker.runner.supervisor:<lambda>:184 ] [33m[1mRunner stderr: [ALLSUM-PROBE pid=47878]   layer= 30 n=  20 mean=31.312ms min= 0.855ms p50= 1.050ms p99=136.567ms max=136.567ms[0m
[ 2026-09-03 18:44:24.615 | [33m[1mWARNING [0m | exo.worker.runner.supervisor:<lambda>:184 ] [33m[1mRunner stderr: [ALLSUM-PROBE pid=47878]   layer= 31 n=  20 mean=26.116ms min= 0.827ms p50= 0.914ms p99=121.186ms max=121.186ms[0m
[ 2026-09-03 18:44:24.615 | [33m[1mWARNING [0m | exo.worker.runner.supervisor:<lambda>:184 ] [33m[1mRunner stderr: [ALLSUM-PROBE pid=47878]   layer= 32 n=  20 mean=30.179ms min= 0.843ms p50= 1.052ms p99=126.473ms max=126.473ms[0m
[ 2026-09-03 18:44:24.615 | [33m[1mWARNING [0m | exo.worker.runner.supervisor:<lambda>:184 ] [33m[1mRunner stderr: [ALLSUM-PROBE pid=47878]   layer= 33 n=  20 mean=24.272ms min= 0.832ms p50= 0.914ms p99=118.703ms max=118.703ms[0m
[ 2026-09-03 18:44:24.615 | [33m[1mWARNING [0m | exo.worker.runner.supervisor:<lambda>:184 ] [33m[1mRunner stderr: [ALLSUM-PROBE pid=47878]   layer= 34 n=  20 mean=29.069ms min= 0.837ms p50= 1.014ms p99=114.828ms max=114.828ms[0m
[ 2026-09-03 18:44:24.615 | [33m[1mWARNING [0m | exo.worker.runner.supervisor:<lambda>:184 ] [33m[1mRunner stderr: [ALLSUM-PROBE pid=47878]   layer= 35 n=  20 mean=24.673ms min= 0.829ms p50= 0.917ms p99=119.789ms max=119.789ms[0m
[ 2026-09-03 18:44:24.615 | [33m[1mWARNING [0m | exo.worker.runner.supervisor:<lambda>:184 ] [33m[1mRunner stderr: [ALLSUM-PROBE pid=47878]   layer= 36 n=  20 mean=30.900ms min= 0.844ms p50= 1.004ms p99=135.942ms max=135.942ms[0m
[ 2026-09-03 18:44:24.615 | [33m[1mWARNING [0m | exo.worker.runner.supervisor:<lambda>:184 ] [33m[1mRunner stderr: [ALLSUM-PROBE pid=47878]   layer= 37 n=  20 mean=24.332ms min= 0.833ms p50= 0.917ms p99=110.462ms max=110.462ms[0m
[ 2026-09-03 18:44:24.615 | [33m[1mWARNING [0m | exo.worker.runner.supervisor:<lambda>:184 ] [33m[1mRunner stderr: [ALLSUM-PROBE pid=47878]   layer= 38 n=  20 mean=29.230ms min= 0.852ms p50= 1.039ms p99=115.378ms max=115.378ms[0m
[ 2026-09-03 18:44:24.615 | [33m[1mWARNING [0m | exo.worker.runner.supervisor:<lambda>:184 ] [33m[1mRunner stderr: [ALLSUM-PROBE pid=47878]   layer= 39 n=  20 mean=22.795ms min= 0.825ms p50= 0.910ms p99=89.825ms max=89.825ms[0m
[ 2026-09-03 18:44:24.615 | [33m[1mWARNING [0m | exo.worker.runner.supervisor:<lambda>:184 ] [33m[1mRunner stderr: [ALLSUM-PROBE pid=47878]   layer= 40 n=  20 mean=30.647ms min= 0.913ms p50= 1.040ms p99=141.623ms max=141.623ms[0m
[ 2026-09-03 18:44:24.615 | [33m[1mWARNING [0m | exo.worker.runner.supervisor:<lambda>:184 ] [33m[1mRunner stderr: [ALLSUM-PROBE pid=47878]   layer= 41 n=  20 mean=23.911ms min= 0.831ms p50= 0.912ms p99=113.492ms max=113.492ms[0m
[ 2026-09-03 18:44:24.615 | [33m[1mWARNING [0m | exo.worker.runner.supervisor:<lambda>:184 ] [33m[1mRunner stderr: [ALLSUM-PROBE pid=47878]   layer= 42 n=  20 mean=30.255ms min= 0.910ms p50= 0.991ms p99=132.367ms max=132.367ms[0m
[ 2026-09-03 18:46:01.134 | [33m[1mWARNING [0m | exo.worker.runner.supervisor:<lambda>:184 ] [33m[1mRunner stderr: [ALLSUM-PROBE pid=47878] cycles=80 window=20 fence_layers=43[0m
[ 2026-09-03 18:46:01.134 | [33m[1mWARNING [0m | exo.worker.runner.supervisor:<lambda>:184 ] [33m[1mRunner stderr: [ALLSUM-PROBE pid=47878]   layer=  0 n=  20 mean=183.064ms min=160.519ms p50=191.737ms p99=207.770ms max=207.770ms[0m
[ 2026-09-03 18:46:01.134 | [33m[1mWARNING [0m | exo.worker.runner.supervisor:<lambda>:184 ] [33m[1mRunner stderr: [ALLSUM-PROBE pid=47878]   layer=  1 n=  20 mean=148.606ms min=135.570ms p50=145.652ms p99=169.925ms max=169.925ms[0m
[ 2026-09-03 18:46:01.134 | [33m[1mWARNING [0m | exo.worker.runner.supervisor:<lambda>:184 ] [33m[1mRunner stderr: [ALLSUM-PROBE pid=47878]   layer=  2 n=  20 mean=125.240ms min=113.976ms p50=121.487ms p99=144.589ms max=144.589ms[0m
[ 2026-09-03 18:46:01.135 | [33m[1mWARNING [0m | exo.worker.runner.supervisor:<lambda>:184 ] [33m[1mRunner stderr: [ALLSUM-PROBE pid=47878]   layer=  3 n=  20 mean=89.222ms min=83.327ms p50=86.372ms p99=108.458ms max=108.458ms[0m
[ 2026-09-03 18:46:01.135 | [33m[1mWARNING [0m | exo.worker.runner.supervisor:<lambda>:184 ] [33m[1mRunner stderr: [ALLSUM-PROBE pid=47878]   layer=  4 n=  20 mean=115.719ms min=108.033ms p50=112.906ms p99=137.340ms max=137.340ms[0m
[ 2026-09-03 18:46:01.135 | [33m[1mWARNING [0m | exo.worker.runner.supervisor:<lambda>:184 ] [33m[1mRunner stderr: [ALLSUM-PROBE pid=47878]   layer=  5 n=  20 mean=89.740ms min=83.701ms p50=87.332ms p99=115.129ms max=115.129ms[0m
[ 2026-09-03 18:46:01.135 | [33m[1mWARNING [0m | exo.worker.runner.supervisor:<lambda>:184 ] [33m[1mRunner stderr: [ALLSUM-PROBE pid=47878]   layer=  6 n=  20 mean=116.433ms min=108.156ms p50=115.471ms p99=141.071ms max=141.071ms[0m
[ 2026-09-03 18:46:01.135 | [33m[1mWARNING [0m | exo.worker.runner.supervisor:<lambda>:184 ] [33m[1mRunner stderr: [ALLSUM-PROBE pid=47878]   layer=  7 n=  20 mean=90.953ms min=85.984ms p50=88.942ms p99=105.107ms max=105.107ms[0m
[ 2026-09-03 18:46:01.135 | [33m[1mWARNING [0m | exo.worker.runner.supervisor:<lambda>:184 ] [33m[1mRunner stderr: [ALLSUM-PROBE pid=47878]   layer=  8 n=  20 mean=123.309ms min=112.508ms p50=123.246ms p99=145.903ms max=145.903ms[0m
[ 2026-09-03 18:46:01.135 | [33m[1mWARNING [0m | exo.worker.runner.supervisor:<lambda>:184 ] [33m[1mRunner stderr: [ALLSUM-PROBE pid=47878]   layer=  9 n=  20 mean=95.695ms min=90.569ms p50=92.983ms p99=113.061ms max=113.061ms[0m
[ 2026-09-03 18:46:01.135 | [33m[1mWARNING [0m | exo.worker.runner.supervisor:<lambda>:184 ] [33m[1mRunner stderr: [ALLSUM-PROBE pid=47878]   layer= 10 n=  20 mean=117.552ms min=114.914ms p50=116.868ms p99=133.519ms max=133.519ms[0m
[ 2026-09-03 18:46:01.135 | [33m[1mWARNING [0m | exo.worker.runner.supervisor:<lambda>:184 ] [33m[1mRunner stderr: [ALLSUM-PROBE pid=47878]   layer= 11 n=  20 mean=91.835ms min=89.303ms p50=91.899ms p99=94.237ms max=94.237ms[0m
[ 2026-09-03 18:46:01.135 | [33m[1mWARNING [0m | exo.worker.runner.supervisor:<lambda>:184 ] [33m[1mRunner stderr: [ALLSUM-PROBE pid=47878]   layer= 12 n=  20 mean=117.636ms min=116.221ms p50=116.879ms p99=123.391ms max=123.391ms[0m
[ 2026-09-03 18:46:01.135 | [33m[1mWARNING [0m | exo.worker.runner.supervisor:<lambda>:184 ] [33m[1mRunner stderr: [ALLSUM-PROBE pid=47878]   layer= 13 n=  20 mean=92.779ms min=89.495ms p50=93.029ms p99=95.092ms max=95.092ms[0m
[ 2026-09-03 18:46:01.135 | [33m[1mWARNING [0m | exo.worker.runner.supervisor:<lambda>:184 ] [33m[1mRunner stderr: [ALLSUM-PROBE pid=47878]   layer= 14 n=  20 mean=118.000ms min=114.390ms p50=116.854ms p99=139.613ms max=139.613ms[0m
[ 2026-09-03 18:46:01.135 | [33m[1mWARNING [0m | exo.worker.runner.supervisor:<lambda>:184 ] [33m[1mRunner stderr: [ALLSUM-PROBE pid=47878]   layer= 15 n=  20 mean=95.715ms min=89.382ms p50=94.405ms p99=111.754ms max=111.754ms[0m
[ 2026-09-03 18:46:01.135 | [33m[1mWARNING [0m | exo.worker.runner.supervisor:<lambda>:184 ] [33m[1mRunner stderr: [ALLSUM-PROBE pid=47878]   layer= 16 n=  20 mean=115.329ms min=112.935ms p50=115.468ms p99=117.489ms max=117.489ms[0m
[ 2026-09-03 18:46:01.135 | [33m[1mWARNING [0m | exo.worker.runner.supervisor:<lambda>:184 ] [33m[1mRunner stderr: [ALLSUM-PROBE pid=47878]   layer= 17 n=  20 mean=93.168ms min=88.503ms p50=92.123ms p99=106.459ms max=106.459ms[0m
[ 2026-09-03 18:46:01.135 | [33m[1mWARNING [0m | exo.worker.runner.supervisor:<lambda>:184 ] [33m[1mRunner stderr: [ALLSUM-PROBE pid=47878]   layer= 18 n=  20 mean=115.882ms min=112.915ms p50=115.559ms p99=122.955ms max=122.955ms[0m
[ 2026-09-03 18:46:01.135 | [33m[1mWARNING [0m | exo.worker.runner.supervisor:<lambda>:184 ] [33m[1mRunner stderr: [ALLSUM-PROBE pid=47878]   layer= 19 n=  20 mean=93.519ms min=87.938ms p50=92.255ms p99=106.239ms max=106.239ms[0m
[ 2026-09-03 18:46:01.135 | [33m[1mWARNING [0m | exo.worker.runner.supervisor:<lambda>:184 ] [33m[1mRunner stderr: [ALLSUM-PROBE pid=47878]   layer= 20 n=  20 mean=116.301ms min=111.835ms p50=115.335ms p99=123.203ms max=123.203ms[0m
[ 2026-09-03 18:46:01.135 | [33m[1mWARNING [0m | exo.worker.runner.supervisor:<lambda>:184 ] [33m[1mRunner stderr: [ALLSUM-PROBE pid=47878]   layer= 21 n=  20 mean=94.048ms min=86.171ms p50=91.767ms p99=107.556ms max=107.556ms[0m
[ 2026-09-03 18:46:01.135 | [33m[1mWARNING [0m | exo.worker.runner.supervisor:<lambda>:184 ] [33m[1mRunner stderr: [ALLSUM-PROBE pid=47878]   layer= 22 n=  20 mean=116.907ms min=111.452ms p50=115.753ms p99=126.076ms max=126.076ms[0m
[ 2026-09-03 18:46:01.135 | [33m[1mWARNING [0m | exo.worker.runner.supervisor:<lambda>:184 ] [33m[1mRunner stderr: [ALLSUM-PROBE pid=47878]   layer= 23 n=  20 mean=91.669ms min=86.120ms p50=92.294ms p99=94.679ms max=94.679ms[0m
[ 2026-09-03 18:46:01.135 | [33m[1mWARNING [0m | exo.worker.runner.supervisor:<lambda>:184 ] [33m[1mRunner stderr: [ALLSUM-PROBE pid=47878]   layer= 24 n=  20 mean=117.195ms min=114.460ms p50=116.520ms p99=128.808ms max=128.808ms[0m
[ 2026-09-03 18:46:01.135 | [33m[1mWARNING [0m | exo.worker.runner.supervisor:<lambda>:184 ] [33m[1mRunner stderr: [ALLSUM-PROBE pid=47878]   layer= 25 n=  20 mean=93.460ms min=88.597ms p50=92.210ms p99=111.438ms max=111.438ms[0m
[ 2026-09-03 18:46:01.135 | [33m[1mWARNING [0m | exo.worker.runner.supervisor:<lambda>:184 ] [33m[1mRunner stderr: [ALLSUM-PROBE pid=47878]   layer= 26 n=  20 mean=116.548ms min=112.388ms p50=115.351ms p99=134.234ms max=134.234ms[0m
[ 2026-09-03 18:46:01.135 | [33m[1mWARNING [0m | exo.worker.runner.supervisor:<lambda>:184 ] [33m[1mRunner stderr: [ALLSUM-PROBE pid=47878]   layer= 27 n=  20 mean=95.925ms min=88.568ms p50=92.381ms p99=118.081ms max=118.081ms[0m
[ 2026-09-03 18:46:01.136 | [33m[1mWARNING [0m | exo.worker.runner.supervisor:<lambda>:184 ] [33m[1mRunner stderr: [ALLSUM-PROBE pid=47878]   layer= 28 n=  20 mean=115.572ms min=113.061ms p50=115.657ms p99=118.878ms max=118.878ms[0m
[ 2026-09-03 18:46:01.136 | [33m[1mWARNING [0m | exo.worker.runner.supervisor:<lambda>:184 ] [33m[1mRunner stderr: [ALLSUM-PROBE pid=47878]   layer= 29 n=  20 mean=93.779ms min=87.703ms p50=91.350ms p99=110.663ms max=110.663ms[0m
[ 2026-09-03 18:46:01.136 | [33m[1mWARNING [0m | exo.worker.runner.supervisor:<lambda>:184 ] [33m[1mRunner stderr: [ALLSUM-PROBE pid=47878]   layer= 30 n=  20 mean=118.049ms min=111.106ms p50=115.769ms p99=131.960ms max=131.960ms[0m
[ 2026-09-03 18:46:01.136 | [33m[1mWARNING [0m | exo.worker.runner.supervisor:<lambda>:184 ] [33m[1mRunner stderr: [ALLSUM-PROBE pid=47878]   layer= 31 n=  20 mean=94.862ms min=89.518ms p50=92.551ms p99=109.571ms max=109.571ms[0m
[ 2026-09-03 18:46:01.136 | [33m[1mWARNING [0m | exo.worker.runner.supervisor:<lambda>:184 ] [33m[1mRunner stderr: [ALLSUM-PROBE pid=47878]   layer= 32 n=  20 mean=120.352ms min=112.426ms p50=117.477ms p99=135.901ms max=135.901ms[0m
[ 2026-09-03 18:46:01.136 | [33m[1mWARNING [0m | exo.worker.runner.supervisor:<lambda>:184 ] [33m[1mRunner stderr: [ALLSUM-PROBE pid=47878]   layer= 33 n=  20 mean=95.599ms min=87.132ms p50=91.716ms p99=115.383ms max=115.383ms[0m
[ 2026-09-03 18:46:01.136 | [33m[1mWARNING [0m | exo.worker.runner.supervisor:<lambda>:184 ] [33m[1mRunner stderr: [ALLSUM-PROBE pid=47878]   layer= 34 n=  20 mean=118.782ms min=112.104ms p50=115.447ms p99=133.282ms max=133.282ms[0m
[ 2026-09-03 18:46:01.136 | [33m[1mWARNING [0m | exo.worker.runner.supervisor:<lambda>:184 ] [33m[1mRunner stderr: [ALLSUM-PROBE pid=47878]   layer= 35 n=  20 mean=93.902ms min=86.396ms p50=91.256ms p99=124.505ms max=124.505ms[0m
[ 2026-09-03 18:46:01.136 | [33m[1mWARNING [0m | exo.worker.runner.supervisor:<lambda>:184 ] [33m[1mRunner stderr: [ALLSUM-PROBE pid=47878]   layer= 36 n=  20 mean=115.396ms min=112.956ms p50=115.102ms p99=124.333ms max=124.333ms[0m
[ 2026-09-03 18:46:01.136 | [33m[1mWARNING [0m | exo.worker.runner.supervisor:<lambda>:184 ] [33m[1mRunner stderr: [ALLSUM-PROBE pid=47878]   layer= 37 n=  20 mean=93.027ms min=88.698ms p50=91.271ms p99=115.088ms max=115.088ms[0m
[ 2026-09-03 18:46:01.136 | [33m[1mWARNING [0m | exo.worker.runner.supervisor:<lambda>:184 ] [33m[1mRunner stderr: [ALLSUM-PROBE pid=47878]   layer= 38 n=  20 mean=120.437ms min=113.363ms p50=116.409ms p99=138.927ms max=138.927ms[0m
[ 2026-09-03 18:46:01.136 | [33m[1mWARNING [0m | exo.worker.runner.supervisor:<lambda>:184 ] [33m[1mRunner stderr: [ALLSUM-PROBE pid=47878]   layer= 39 n=  20 mean=96.054ms min=89.064ms p50=91.570ms p99=113.050ms max=113.050ms[0m
[ 2026-09-03 18:46:01.136 | [33m[1mWARNING [0m | exo.worker.runner.supervisor:<lambda>:184 ] [33m[1mRunner stderr: [ALLSUM-PROBE pid=47878]   layer= 40 n=  20 mean=115.625ms min=112.629ms p50=114.399ms p99=128.799ms max=128.799ms[0m
[ 2026-09-03 18:46:01.136 | [33m[1mWARNING [0m | exo.worker.runner.supervisor:<lambda>:184 ] [33m[1mRunner stderr: [ALLSUM-PROBE pid=47878]   layer= 41 n=  20 mean=97.118ms min=89.122ms p50=91.829ms p99=115.535ms max=115.535ms[0m
[ 2026-09-03 18:46:01.136 | [33m[1mWARNING [0m | exo.worker.runner.supervisor:<lambda>:184 ] [33m[1mRunner stderr: [ALLSUM-PROBE pid=47878]   layer= 42 n=  20 mean=117.838ms min=113.631ms p50=115.967ms p99=132.797ms max=132.797ms[0m
[ 2026-09-03 18:46:29.108 | [33m[1mWARNING [0m | exo.worker.runner.supervisor:<lambda>:184 ] [33m[1mRunner stderr: [fence-gate-diag] SETTER key=cache ok=False tid=8662072128 ctx_now={'engine': False, 'cache': False}[0m
[ 2026-09-03 18:46:29.191 | [33m[1mWARNING [0m | exo.worker.runner.supervisor:<lambda>:184 ] [33m[1mRunner stderr: [fence-gate-diag] SETTER key=cache ok=False tid=8662072128 ctx_now={'engine': False, 'cache': False}[0m
[ 2026-09-03 18:46:29.191 | [33m[1mWARNING [0m | exo.worker.runner.supervisor:<lambda>:184 ] [33m[1mRunner stderr: [fence-gate-diag] SETTER key=cache ok=True tid=8662072128 ctx_now={'engine': False, 'cache': True}[0m
[ 2026-09-03 18:46:29.229 | [33m[1mWARNING [0m | exo.worker.runner.supervisor:<lambda>:184 ] [33m[1mRunner stderr: [fence-gate-diag] SETTER key=engine ok=True tid=8662072128 ctx_now={'engine': True, 'cache': True}[0m
[ 2026-09-03 18:46:29.423 | [33m[1mWARNING [0m | exo.worker.runner.supervisor:<lambda>:184 ] [33m[1mRunner stderr: [fence-gate-diag] SETTER key=cache ok=True tid=8662072128 ctx_now={'engine': True, 'cache': True}[0m
[ 2026-09-03 18:46:29.584 | [33m[1mWARNING [0m | exo.worker.runner.supervisor:<lambda>:184 ] [33m[1mRunner stderr: [fence-gate-diag] SETTER key=cache ok=True tid=8662072128 ctx_now={'engine': True, 'cache': True}[0m
[ 2026-09-03 18:46:29.675 | [33m[1mWARNING [0m | exo.worker.runner.supervisor:<lambda>:184 ] [33m[1mRunner stderr: [fence-gate-diag] SETTER key=cache ok=False tid=8662072128 ctx_now={'engine': True, 'cache': False}[0m
[ 2026-09-03 18:46:29.676 | [33m[1mWARNING [0m | exo.worker.runner.supervisor:<lambda>:184 ] [33m[1mRunner stderr: [fence-gate-diag] SETTER key=cache ok=True tid=8662072128 ctx_now={'engine': True, 'cache': True}[0m
[ 2026-09-03 18:46:29.680 | [33m[1mWARNING [0m | exo.worker.runner.supervisor:<lambda>:184 ] [33m[1mRunner stderr: [fence-gate-diag] SETTER key=cache ok=True tid=8662072128 ctx_now={'engine': True, 'cache': True}[0m
[ 2026-09-03 18:46:29.768 | [33m[1mWARNING [0m | exo.worker.runner.supervisor:<lambda>:184 ] [33m[1mRunner stderr: [fence-gate-diag] SETTER key=cache ok=False tid=8662072128 ctx_now={'engine': True, 'cache': False}[0m
[ 2026-09-03 18:46:29.769 | [33m[1mWARNING [0m | exo.worker.runner.supervisor:<lambda>:184 ] [33m[1mRunner stderr: [fence-gate-diag] SETTER key=cache ok=True tid=8662072128 ctx_now={'engine': True, 'cache': True}[0m
[ 2026-09-03 18:46:29.773 | [33m[1mWARNING [0m | exo.worker.runner.supervisor:<lambda>:184 ] [33m[1mRunner stderr: [fence-gate-diag] SETTER key=cache ok=True tid=8662072128 ctx_now={'engine': True, 'cache': True}[0m
[ 2026-09-03 18:46:29.853 | [33m[1mWARNING [0m | exo.worker.runner.supervisor:<lambda>:184 ] [33m[1mRunner stderr: [fence-gate-diag] SETTER key=cache ok=False tid=8662072128 ctx_now={'engine': True, 'cache': False}[0m
[ 2026-09-03 18:46:29.854 | [33m[1mWARNING [0m | exo.worker.runner.supervisor:<lambda>:184 ] [33m[1mRunner stderr: [fence-gate-diag] SETTER key=cache ok=True tid=8662072128 ctx_now={'engine': True, 'cache': True}[0m
[ 2026-09-03 18:46:29.858 | [33m[1mWARNING [0m | exo.worker.runner.supervisor:<lambda>:184 ] [33m[1mRunner stderr: [fence-gate-diag] SETTER key=cache ok=True tid=8662072128 ctx_now={'engine': True, 'cache': True}[0m
[ 2026-09-03 18:46:29.958 | [33m[1mWARNING [0m | exo.worker.runner.supervisor:<lambda>:184 ] [33m[1mRunner stderr: [fence-gate-diag] SETTER key=cache ok=False tid=8662072128 ctx_now={'engine': True, 'cache': False}[0m
[ 2026-09-03 18:46:29.959 | [33m[1mWARNING [0m | exo.worker.runner.supervisor:<lambda>:184 ] [33m[1mRunner stderr: [fence-gate-diag] SETTER key=cache ok=True tid=8662072128 ctx_now={'engine': True, 'cache': True}[0m
[ 2026-09-03 18:46:29.964 | [33m[1mWARNING [0m | exo.worker.runner.supervisor:<lambda>:184 ] [33m[1mRunner stderr: [fence-gate-diag] SETTER key=cache ok=True tid=8662072128 ctx_now={'engine': True, 'cache': True}[0m
[ 2026-09-03 18:46:30.047 | [33m[1mWARNING [0m | exo.worker.runner.supervisor:<lambda>:184 ] [33m[1mRunner stderr: [fence-gate-diag] SETTER key=cache ok=True tid=8662072128 ctx_now={'engine': True, 'cache': True}[0m
[ 2026-09-03 18:46:30.134 | [33m[1mWARNING [0m | exo.worker.runner.supervisor:<lambda>:184 ] [33m[1mRunner stderr: [fence-gate-diag] SETTER key=cache ok=False tid=8662072128 ctx_now={'engine': True, 'cache': False}[0m
[ 2026-09-03 18:46:30.135 | [33m[1mWARNING [0m | exo.worker.runner.supervisor:<lambda>:184 ] [33m[1mRunner stderr: [fence-gate-diag] SETTER key=cache ok=True tid=8662072128 ctx_now={'engine': True, 'cache': True}[0m
[ 2026-09-03 18:46:30.138 | [33m[1mWARNING [0m | exo.worker.runner.supervisor:<lambda>:184 ] [33m[1mRunner stderr: [fence-gate-diag] SETTER key=cache ok=True tid=8662072128 ctx_now={'engine': True, 'cache': True}[0m
[ 2026-09-03 18:46:30.226 | [33m[1mWARNING [0m | exo.worker.runner.supervisor:<lambda>:184 ] [33m[1mRunner stderr: [fence-gate-diag] SETTER key=cache ok=False tid=8662072128 ctx_now={'engine': True, 'cache': False}[0m
[ 2026-09-03 18:46:30.227 | [33m[1mWARNING [0m | exo.worker.runner.supervisor:<lambda>:184 ] [33m[1mRunner stderr: [fence-gate-diag] SETTER key=cache ok=True tid=8662072128 ctx_now={'engine': True, 'cache': True}[0m
[ 2026-09-03 18:46:30.230 | [33m[1mWARNING [0m | exo.worker.runner.supervisor:<lambda>:184 ] [33m[1mRunner stderr: [fence-gate-diag] SETTER key=cache ok=True tid=8662072128 ctx_now={'engine': True, 'cache': True}[0m
[ 2026-09-03 18:46:30.298 | [33m[1mWARNING [0m | exo.worker.runner.supervisor:<lambda>:184 ] [33m[1mRunner stderr: [ALLSUM-PROBE pid=47878] cycles=100 window=20 fence_layers=44[0m
[ 2026-09-03 18:46:30.298 | [33m[1mWARNING [0m | exo.worker.runner.supervisor:<lambda>:184 ] [33m[1mRunner stderr: [ALLSUM-PROBE pid=47878]   layer=  0 n=  20 mean=56.682ms min= 0.906ms p50= 2.684ms p99=201.869ms max=201.869ms[0m
[ 2026-09-03 18:46:30.298 | [33m[1mWARNING [0m | exo.worker.runner.supervisor:<lambda>:184 ] [33m[1mRunner stderr: [ALLSUM-PROBE pid=47878]   layer=  1 n=  20 mean=37.922ms min= 0.764ms p50= 1.281ms p99=140.443ms max=140.443ms[0m
[ 2026-09-03 18:46:30.298 | [33m[1mWARNING [0m | exo.worker.runner.supervisor:<lambda>:184 ] [33m[1mRunner stderr: [ALLSUM-PROBE pid=47878]   layer=  2 n=  20 mean=41.288ms min= 0.962ms p50= 2.581ms p99=140.807ms max=140.807ms[0m
[ 2026-09-03 18:46:30.298 | [33m[1mWARNING [0m | exo.worker.runner.supervisor:<lambda>:184 ] [33m[1mRunner stderr: [ALLSUM-PROBE pid=47878]   layer=  3 n=  20 mean=26.120ms min= 0.848ms p50= 1.411ms p99=91.403ms max=91.403ms[0m
[ 2026-09-03 18:46:30.298 | [33m[1mWARNING [0m | exo.worker.runner.supervisor:<lambda>:184 ] [33m[1mRunner stderr: [ALLSUM-PROBE pid=47878]   layer=  4 n=  20 mean=33.334ms min= 0.963ms p50= 1.875ms p99=126.037ms max=126.037ms[0m
[ 2026-09-03 18:46:30.298 | [33m[1mWARNING [0m | exo.worker.runner.supervisor:<lambda>:184 ] [33m[1mRunner stderr: [ALLSUM-PROBE pid=47878]   layer=  5 n=  20 mean=31.374ms min= 0.851ms p50= 1.407ms p99=123.363ms max=123.363ms[0m
[ 2026-09-03 18:46:30.298 | [33m[1mWARNING [0m | exo.worker.runner.supervisor:<lambda>:184 ] [33m[1mRunner stderr: [ALLSUM-PROBE pid=47878]   layer=  6 n=  20 mean=33.623ms min= 0.880ms p50= 1.909ms p99=113.240ms max=113.240ms[0m
[ 2026-09-03 18:46:30.298 | [33m[1mWARNING [0m | exo.worker.runner.supervisor:<lambda>:184 ] [33m[1mRunner stderr: [ALLSUM-PROBE pid=47878]   layer=  7 n=  20 mean=26.606ms min= 0.855ms p50= 1.404ms p99=91.126ms max=91.126ms[0m
[ 2026-09-03 18:46:30.298 | [33m[1mWARNING [0m | exo.worker.runner.supervisor:<lambda>:184 ] [33m[1mRunner stderr: [ALLSUM-PROBE pid=47878]   layer=  8 n=  20 mean=33.531ms min= 0.965ms p50= 1.883ms p99=125.996ms max=125.996ms[0m
[ 2026-09-03 18:46:30.298 | [33m[1mWARNING [0m | exo.worker.runner.supervisor:<lambda>:184 ] [33m[1mRunner stderr: [ALLSUM-PROBE pid=47878]   layer=  9 n=  20 mean=28.096ms min= 0.844ms p50= 1.464ms p99=99.019ms max=99.019ms[0m
[ 2026-09-03 18:46:30.298 | [33m[1mWARNING [0m | exo.worker.runner.supervisor:<lambda>:184 ] [33m[1mRunner stderr: [ALLSUM-PROBE pid=47878]   layer= 10 n=  20 mean=37.670ms min= 0.962ms p50= 1.932ms p99=128.991ms max=128.991ms[0m
[ 2026-09-03 18:46:30.298 | [33m[1mWARNING [0m | exo.worker.runner.supervisor:<lambda>:184 ] [33m[1mRunner stderr: [ALLSUM-PROBE pid=47878]   layer= 11 n=  20 mean=27.856ms min= 0.874ms p50= 1.412ms p99=114.596ms max=114.596ms[0m
[ 2026-09-03 18:46:30.298 | [33m[1mWARNING [0m | exo.worker.runner.supervisor:<lambda>:184 ] [33m[1mRunner stderr: [ALLSUM-PROBE pid=47878]   layer= 12 n=  20 mean=33.219ms min= 0.961ms p50= 1.927ms p99=117.643ms max=117.643ms[0m
[ 2026-09-03 18:46:30.298 | [33m[1mWARNING [0m | exo.worker.runner.supervisor:<lambda>:184 ] [33m[1mRunner stderr: [ALLSUM-PROBE pid=47878]   layer= 13 n=  20 mean=26.817ms min= 0.845ms p50= 1.488ms p99=94.255ms max=94.255ms[0m
[ 2026-09-03 18:46:30.298 | [33m[1mWARNING [0m | exo.worker.runner.supervisor:<lambda>:184 ] [33m[1mRunner stderr: [ALLSUM-PROBE pid=47878]   layer= 14 n=  20 mean=33.490ms min= 0.959ms p50= 1.958ms p99=116.386ms max=116.386ms[0m
[ 2026-09-03 18:46:30.299 | [33m[1mWARNING [0m | exo.worker.runner.supervisor:<lambda>:184 ] [33m[1mRunner stderr: [ALLSUM-PROBE pid=47878]   layer= 15 n=  20 mean=27.963ms min= 0.846ms p50= 1.420ms p99=110.085ms max=110.085ms[0m
[ 2026-09-03 18:46:30.299 | [33m[1mWARNING [0m | exo.worker.runner.supervisor:<lambda>:184 ] [33m[1mRunner stderr: [ALLSUM-PROBE pid=47878]   layer= 16 n=  20 mean=35.465ms min= 0.955ms p50= 1.920ms p99=120.643ms max=120.643ms[0m
[ 2026-09-03 18:46:30.299 | [33m[1mWARNING [0m | exo.worker.runner.supervisor:<lambda>:184 ] [33m[1mRunner stderr: [ALLSUM-PROBE pid=47878]   layer= 17 n=  20 mean=28.429ms min= 0.842ms p50= 1.481ms p99=104.377ms max=104.377ms[0m
[ 2026-09-03 18:46:30.299 | [33m[1mWARNING [0m | exo.worker.runner.supervisor:<lambda>:184 ] [33m[1mRunner stderr: [ALLSUM-PROBE pid=47878]   layer= 18 n=  20 mean=32.051ms min= 1.036ms p50= 1.864ms p99=116.277ms max=116.277ms[0m
[ 2026-09-03 18:46:30.299 | [33m[1mWARNING [0m | exo.worker.runner.supervisor:<lambda>:184 ] [33m[1mRunner stderr: [ALLSUM-PROBE pid=47878]   layer= 19 n=  20 mean=26.484ms min= 0.849ms p50= 1.404ms p99=94.946ms max=94.946ms[0m
[ 2026-09-03 18:46:30.299 | [33m[1mWARNING [0m | exo.worker.runner.supervisor:<lambda>:184 ] [33m[1mRunner stderr: [ALLSUM-PROBE pid=47878]   layer= 20 n=  20 mean=31.966ms min= 0.961ms p50= 1.861ms p99=115.588ms max=115.588ms[0m
[ 2026-09-03 18:46:30.299 | [33m[1mWARNING [0m | exo.worker.runner.supervisor:<lambda>:184 ] [33m[1mRunner stderr: [ALLSUM-PROBE pid=47878]   layer= 21 n=  20 mean=31.120ms min= 0.848ms p50= 1.395ms p99=115.175ms max=115.175ms[0m
[ 2026-09-03 18:46:30.299 | [33m[1mWARNING [0m | exo.worker.runner.supervisor:<lambda>:184 ] [33m[1mRunner stderr: [ALLSUM-PROBE pid=47878]   layer= 22 n=  20 mean=33.932ms min= 0.969ms p50= 1.862ms p99=123.786ms max=123.786ms[0m
[ 2026-09-03 18:46:30.299 | [33m[1mWARNING [0m | exo.worker.runner.supervisor:<lambda>:184 ] [33m[1mRunner stderr: [ALLSUM-PROBE pid=47878]   layer= 23 n=  20 mean=26.489ms min= 0.850ms p50= 1.408ms p99=94.945ms max=94.945ms[0m
[ 2026-09-03 18:46:30.299 | [33m[1mWARNING [0m | exo.worker.runner.supervisor:<lambda>:184 ] [33m[1mRunner stderr: [ALLSUM-PROBE pid=47878]   layer= 24 n=  20 mean=37.180ms min= 0.964ms p50= 1.856ms p99=117.947ms max=117.947ms[0m
[ 2026-09-03 18:46:30.299 | [33m[1mWARNING [0m | exo.worker.runner.supervisor:<lambda>:184 ] [33m[1mRunner stderr: [ALLSUM-PROBE pid=47878]   layer= 25 n=  20 mean=26.230ms min= 0.848ms p50= 1.392ms p99=94.023ms max=94.023ms[0m
[ 2026-09-03 18:46:30.299 | [33m[1mWARNING [0m | exo.worker.runner.supervisor:<lambda>:184 ] [33m[1mRunner stderr: [ALLSUM-PROBE pid=47878]   layer= 26 n=  20 mean=32.399ms min= 0.964ms p50= 1.834ms p99=119.749ms max=119.749ms[0m
[ 2026-09-03 18:46:30.299 | [33m[1mWARNING [0m | exo.worker.runner.supervisor:<lambda>:184 ] [33m[1mRunner stderr: [ALLSUM-PROBE pid=47878]   layer= 27 n=  20 mean=28.217ms min= 0.850ms p50= 1.393ms p99=122.419ms max=122.419ms[0m
[ 2026-09-03 18:46:30.299 | [33m[1mWARNING [0m | exo.worker.runner.supervisor:<lambda>:184 ] [33m[1mRunner stderr: [ALLSUM-PROBE pid=47878]   layer= 28 n=  20 mean=35.260ms min= 0.993ms p50= 1.846ms p99=118.817ms max=118.817ms[0m
[ 2026-09-03 18:46:30.299 | [33m[1mWARNING [0m | exo.worker.runner.supervisor:<lambda>:184 ] [33m[1mRunner stderr: [ALLSUM-PROBE pid=47878]   layer= 29 n=  20 mean=28.416ms min= 0.838ms p50= 1.400ms p99=109.325ms max=109.325ms[0m
[ 2026-09-03 18:46:30.299 | [33m[1mWARNING [0m | exo.worker.runner.supervisor:<lambda>:184 ] [33m[1mRunner stderr: [ALLSUM-PROBE pid=47878]   layer= 30 n=  20 mean=36.019ms min= 0.991ms p50= 1.891ms p99=116.917ms max=116.917ms[0m
[ 2026-09-03 18:46:30.299 | [33m[1mWARNING [0m | exo.worker.runner.supervisor:<lambda>:184 ] [33m[1mRunner stderr: [ALLSUM-PROBE pid=47878]   layer= 31 n=  20 mean=27.628ms min= 0.853ms p50= 1.390ms p99=112.008ms max=112.008ms[0m
[ 2026-09-03 18:46:30.299 | [33m[1mWARNING [0m | exo.worker.runner.supervisor:<lambda>:184 ] [33m[1mRunner stderr: [ALLSUM-PROBE pid=47878]   layer= 32 n=  20 mean=33.163ms min= 0.985ms p50= 1.845ms p99=118.088ms max=118.088ms[0m
[ 2026-09-03 18:46:30.299 | [33m[1mWARNING [0m | exo.worker.runner.supervisor:<lambda>:184 ] [33m[1mRunner stderr: [ALLSUM-PROBE pid=47878]   layer= 33 n=  20 mean=26.127ms min= 0.855ms p50= 1.405ms p99=92.950ms max=92.950ms[0m
[ 2026-09-03 18:46:30.299 | [33m[1mWARNING [0m | exo.worker.runner.supervisor:<lambda>:184 ] [33m[1mRunner stderr: [ALLSUM-PROBE pid=47878]   layer= 34 n=  20 mean=34.925ms min= 0.981ms p50= 1.845ms p99=146.298ms max=146.298ms[0m
[ 2026-09-03 18:46:30.299 | [33m[1mWARNING [0m | exo.worker.runner.supervisor:<lambda>:184 ] [33m[1mRunner stderr: [ALLSUM-PROBE pid=47878]   layer= 35 n=  20 mean=28.767ms min= 0.849ms p50= 1.403ms p99=108.620ms max=108.620ms[0m
[ 2026-09-03 18:46:30.299 | [33m[1mWARNING [0m | exo.worker.runner.supervisor:<lambda>:184 ] [33m[1mRunner stderr: [ALLSUM-PROBE pid=47878]   layer= 36 n=  20 mean=32.526ms min= 0.979ms p50= 1.790ms p99=122.428ms max=122.428ms[0m
[ 2026-09-03 18:46:30.299 | [33m[1mWARNING [0m | exo.worker.runner.supervisor:<lambda>:184 ] [33m[1mRunner stderr: [ALLSUM-PROBE pid=47878]   layer= 37 n=  20 mean=27.454ms min= 0.855ms p50= 1.394ms p99=92.199ms max=92.199ms[0m
[ 2026-09-03 18:46:30.299 | [33m[1mWARNING [0m | exo.worker.runner.supervisor:<lambda>:184 ] [33m[1mRunner stderr: [ALLSUM-PROBE pid=47878]   layer= 38 n=  20 mean=33.782ms min= 0.965ms p50= 1.862ms p99=142.850ms max=142.850ms[0m
[ 2026-09-03 18:46:30.299 | [33m[1mWARNING [0m | exo.worker.runner.supervisor:<lambda>:184 ] [33m[1mRunner stderr: [ALLSUM-PROBE pid=47878]   layer= 39 n=  20 mean=27.265ms min= 0.849ms p50= 1.395ms p99=94.608ms max=94.608ms[0m
[ 2026-09-03 18:46:30.299 | [33m[1mWARNING [0m | exo.worker.runner.supervisor:<lambda>:184 ] [33m[1mRunner stderr: [ALLSUM-PROBE pid=47878]   layer= 40 n=  20 mean=35.519ms min= 0.968ms p50= 1.903ms p99=118.901ms max=118.901ms[0m
[ 2026-09-03 18:46:30.299 | [33m[1mWARNING [0m | exo.worker.runner.supervisor:<lambda>:184 ] [33m[1mRunner stderr: [ALLSUM-PROBE pid=47878]   layer= 41 n=  20 mean=28.014ms min= 0.852ms p50= 1.397ms p99=115.362ms max=115.362ms[0m
[ 2026-09-03 18:46:30.300 | [33m[1mWARNING [0m | exo.worker.runner.supervisor:<lambda>:184 ] [33m[1mRunner stderr: [ALLSUM-PROBE pid=47878]   layer= 42 n=  20 mean=32.271ms min= 0.965ms p50= 1.895ms p99=116.070ms max=116.070ms[0m
[ 2026-09-03 18:46:30.300 | [33m[1mWARNING [0m | exo.worker.runner.supervisor:<lambda>:184 ] [33m[1mRunner stderr: [ALLSUM-PROBE pid=47878]   layer= 43 n=   1 mean=55.242ms min=55.242ms p50=55.242ms p99=55.242ms max=55.242ms[0m
[ 2026-09-03 18:46:30.301 | [33m[1mWARNING [0m | exo.worker.runner.supervisor:<lambda>:184 ] [33m[1mRunner stderr: [fence-gate-diag] SETTER key=cache ok=False tid=8662072128 ctx_now={'engine': True, 'cache': False}[0m
[ 2026-09-03 18:46:30.302 | [33m[1mWARNING [0m | exo.worker.runner.supervisor:<lambda>:184 ] [33m[1mRunner stderr: [fence-gate-diag] SETTER key=cache ok=True tid=8662072128 ctx_now={'engine': True, 'cache': True}[0m
[ 2026-09-03 18:46:30.305 | [33m[1mWARNING [0m | exo.worker.runner.supervisor:<lambda>:184 ] [33m[1mRunner stderr: [fence-gate-diag] SETTER key=cache ok=True tid=8662072128 ctx_now={'engine': True, 'cache': True}[0m
[ 2026-09-03 18:46:30.394 | [33m[1mWARNING [0m | exo.worker.runner.supervisor:<lambda>:184 ] [33m[1mRunner stderr: [fence-gate-diag] SETTER key=cache ok=False tid=8662072128 ctx_now={'engine': True, 'cache': False}[0m
[ 2026-09-03 18:46:30.396 | [33m[1mWARNING [0m | exo.worker.runner.supervisor:<lambda>:184 ] [33m[1mRunner stderr: [fence-gate-diag] SETTER key=cache ok=True tid=8662072128 ctx_now={'engine': True, 'cache': True}[0m
[ 2026-09-03 18:46:30.400 | [33m[1mWARNING [0m | exo.worker.runner.supervisor:<lambda>:184 ] [33m[1mRunner stderr: [fence-gate-diag] SETTER key=cache ok=True tid=8662072128 ctx_now={'engine': True, 'cache': True}[0m
[ 2026-09-03 18:46:30.473 | [33m[1mWARNING [0m | exo.worker.runner.supervisor:<lambda>:184 ] [33m[1mRunner stderr: [fence-gate-diag] SETTER key=cache ok=True tid=8662072128 ctx_now={'engine': True, 'cache': True}[0m
[ 2026-09-03 18:46:30.560 | [33m[1mWARNING [0m | exo.worker.runner.supervisor:<lambda>:184 ] [33m[1mRunner stderr: [fence-gate-diag] SETTER key=cache ok=False tid=8662072128 ctx_now={'engine': True, 'cache': False}[0m
[ 2026-09-03 18:46:30.561 | [33m[1mWARNING [0m | exo.worker.runner.supervisor:<lambda>:184 ] [33m[1mRunner stderr: [fence-gate-diag] SETTER key=cache ok=True tid=8662072128 ctx_now={'engine': True, 'cache': True}[0m
[ 2026-09-03 18:46:30.563 | [33m[1mWARNING [0m | exo.worker.runner.supervisor:<lambda>:184 ] [33m[1mRunner stderr: [BG_DECODE_PROBE pid=47878] step=16 wall_ms=82.23 gpu_ms=46.92 gpu_pct=57.1[0m
[ 2026-09-03 18:46:30.564 | [33m[1mWARNING [0m | exo.worker.runner.supervisor:<lambda>:184 ] [33m[1mRunner stderr: [fence-gate-diag] SETTER key=cache ok=True tid=8662072128 ctx_now={'engine': True, 'cache': True}[0m
[ 2026-09-03 18:46:30.657 | [33m[1mWARNING [0m | exo.worker.runner.supervisor:<lambda>:184 ] [33m[1mRunner stderr: [fence-gate-diag] SETTER key=cache ok=True tid=8662072128 ctx_now={'engine': True, 'cache': True}[0m
[ 2026-09-03 18:46:30.749 | [33m[1mWARNING [0m | exo.worker.runner.supervisor:<lambda>:184 ] [33m[1mRunner stderr: [fence-gate-diag] SETTER key=cache ok=True tid=8662072128 ctx_now={'engine': True, 'cache': True}[0m
[ 2026-09-03 18:46:30.840 | [33m[1mWARNING [0m | exo.worker.runner.supervisor:<lambda>:184 ] [33m[1mRunner stderr: [fence-gate-diag] SETTER key=cache ok=True tid=8662072128 ctx_now={'engine': True, 'cache': True}[0m
[ 2026-09-03 18:46:30.933 | [33m[1mWARNING [0m | exo.worker.runner.supervisor:<lambda>:184 ] [33m[1mRunner stderr: [fence-gate-diag] SETTER key=cache ok=True tid=8662072128 ctx_now={'engine': True, 'cache': True}[0m
[ 2026-09-03 18:46:31.025 | [33m[1mWARNING [0m | exo.worker.runner.supervisor:<lambda>:184 ] [33m[1mRunner stderr: [fence-gate-diag] SETTER key=cache ok=True tid=8662072128 ctx_now={'engine': True, 'cache': True}[0m
[ 2026-09-03 18:46:31.117 | [33m[1mWARNING [0m | exo.worker.runner.supervisor:<lambda>:184 ] [33m[1mRunner stderr: [fence-gate-diag] SETTER key=cache ok=True tid=8662072128 ctx_now={'engine': True, 'cache': True}[0m
[ 2026-09-03 18:46:31.194 | [33m[1mWARNING [0m | exo.worker.runner.supervisor:<lambda>:184 ] [33m[1mRunner stderr: [fence-gate-diag] SETTER key=cache ok=False tid=8662072128 ctx_now={'engine': True, 'cache': False}[0m
[ 2026-09-03 18:46:31.195 | [33m[1mWARNING [0m | exo.worker.runner.supervisor:<lambda>:184 ] [33m[1mRunner stderr: [fence-gate-diag] SETTER key=cache ok=True tid=8662072128 ctx_now={'engine': True, 'cache': True}[0m
[ 2026-09-03 18:46:31.198 | [33m[1mWARNING [0m | exo.worker.runner.supervisor:<lambda>:184 ] [33m[1mRunner stderr: [fence-gate-diag] SETTER key=cache ok=True tid=8662072128 ctx_now={'engine': True, 'cache': True}[0m
[ 2026-09-03 18:46:31.281 | [33m[1mWARNING [0m | exo.worker.runner.supervisor:<lambda>:184 ] [33m[1mRunner stderr: [fence-gate-diag] SETTER key=cache ok=True tid=8662072128 ctx_now={'engine': True, 'cache': True}[0m
[ 2026-09-03 18:46:31.368 | [33m[1mWARNING [0m | exo.worker.runner.supervisor:<lambda>:184 ] [33m[1mRunner stderr: [fence-gate-diag] SETTER key=cache ok=False tid=8662072128 ctx_now={'engine': True, 'cache': False}[0m
[ 2026-09-03 18:46:31.369 | [33m[1mWARNING [0m | exo.worker.runner.supervisor:<lambda>:184 ] [33m[1mRunner stderr: [fence-gate-diag] SETTER key=cache ok=True tid=8662072128 ctx_now={'engine': True, 'cache': True}[0m
[ 2026-09-03 18:46:31.372 | [33m[1mWARNING [0m | exo.worker.runner.supervisor:<lambda>:184 ] [33m[1mRunner stderr: [fence-gate-diag] SETTER key=cache ok=True tid=8662072128 ctx_now={'engine': True, 'cache': True}[0m
[ 2026-09-03 18:46:31.461 | [33m[1mWARNING [0m | exo.worker.runner.supervisor:<lambda>:184 ] [33m[1mRunner stderr: [fence-gate-diag] SETTER key=cache ok=False tid=8662072128 ctx_now={'engine': True, 'cache': False}[0m
[ 2026-09-03 18:46:31.461 | [33m[1mWARNING [0m | exo.worker.runner.supervisor:<lambda>:184 ] [33m[1mRunner stderr: [fence-gate-diag] SETTER key=cache ok=True tid=8662072128 ctx_now={'engine': True, 'cache': True}[0m
[ 2026-09-03 18:46:31.465 | [33m[1mWARNING [0m | exo.worker.runner.supervisor:<lambda>:184 ] [33m[1mRunner stderr: [fence-gate-diag] SETTER key=cache ok=True tid=8662072128 ctx_now={'engine': True, 'cache': True}[0m
[ 2026-09-03 18:46:31.527 | [33m[1mWARNING [0m | exo.worker.runner.supervisor:<lambda>:184 ] [33m[1mRunner stderr: [fence-gate-diag] SETTER key=cache ok=False tid=8662072128 ctx_now={'engine': True, 'cache': False}[0m
[ 2026-09-03 18:46:31.527 | [33m[1mWARNING [0m | exo.worker.runner.supervisor:<lambda>:184 ] [33m[1mRunner stderr: [fence-gate-diag] SETTER key=cache ok=True tid=8662072128 ctx_now={'engine': True, 'cache': True}[0m
[ 2026-09-03 18:46:31.530 | [33m[1mWARNING [0m | exo.worker.runner.supervisor:<lambda>:184 ] [33m[1mRunner stderr: [fence-gate-diag] SETTER key=cache ok=True tid=8662072128 ctx_now={'engine': True, 'cache': True}[0m
[ 2026-09-03 18:46:31.623 | [33m[1mWARNING [0m | exo.worker.runner.supervisor:<lambda>:184 ] [33m[1mRunner stderr: [fence-gate-diag] SETTER key=cache ok=True tid=8662072128 ctx_now={'engine': True, 'cache': True}[0m
[ 2026-09-03 18:46:31.716 | [33m[1mWARNING [0m | exo.worker.runner.supervisor:<lambda>:184 ] [33m[1mRunner stderr: [fence-gate-diag] SETTER key=cache ok=True tid=8662072128 ctx_now={'engine': True, 'cache': True}[0m
[ 2026-09-03 18:46:31.810 | [33m[1mWARNING [0m | exo.worker.runner.supervisor:<lambda>:184 ] [33m[1mRunner stderr: [fence-gate-diag] SETTER key=cache ok=True tid=8662072128 ctx_now={'engine': True, 'cache': True}[0m
[ 2026-09-03 18:46:31.896 | [33m[1mWARNING [0m | exo.worker.runner.supervisor:<lambda>:184 ] [33m[1mRunner stderr: [fence-gate-diag] SETTER key=engine ok=False tid=8662072128 ctx_now={'engine': False, 'cache': True}[0m
