[ 2026-09-03 19:14:35.607 | [33m[1mWARNING [0m | exo.worker.runner.supervisor:<lambda>:184 ] [33m[1mRunner stderr: *** ALLSUM IDENTITY PROBE ACTIVE — output is NUMERICALLY WRONG; timing probe only; unset EXO_DSV4_ALLSUM_IDENTITY_PROBE ***[0m
[ 2026-09-03 19:14:35.607 | [33m[1mWARNING [0m | exo.worker.runner.supervisor:<lambda>:184 ] [33m[1mRunner stderr: [fence-gate-diag] n=1 FENCE_ASYNC=True engine=False cache=False cache_registered=True B=1 MAX_B=1 L=13[0m
[ 2026-09-03 19:14:35.637 | [33m[1mWARNING [0m | exo.worker.runner.supervisor:<lambda>:184 ] [33m[1mRunner stderr: [fence-gate-diag] n=2 FENCE_ASYNC=True engine=False cache=False cache_registered=True B=1 MAX_B=1 L=13[0m
[ 2026-09-03 19:14:35.653 | [33m[1mWARNING [0m | exo.worker.runner.supervisor:<lambda>:184 ] [33m[1mRunner stderr: [fence-gate-diag] n=3 FENCE_ASYNC=True engine=False cache=False cache_registered=True B=1 MAX_B=1 L=13[0m
[ 2026-09-03 19:14:35.669 | [33m[1mWARNING [0m | exo.worker.runner.supervisor:<lambda>:184 ] [33m[1mRunner stderr: [fence-gate-diag] n=4 FENCE_ASYNC=True engine=False cache=False cache_registered=True B=1 MAX_B=1 L=13[0m
[ 2026-09-03 19:14:35.683 | [33m[1mWARNING [0m | exo.worker.runner.supervisor:<lambda>:184 ] [33m[1mRunner stderr: [fence-gate-diag] n=5 FENCE_ASYNC=True engine=False cache=False cache_registered=True B=1 MAX_B=1 L=13[0m
[ 2026-09-03 19:14:35.697 | [33m[1mWARNING [0m | exo.worker.runner.supervisor:<lambda>:184 ] [33m[1mRunner stderr: [fence-gate-diag] n=6 FENCE_ASYNC=True engine=False cache=False cache_registered=True B=1 MAX_B=1 L=13[0m
[ 2026-09-03 19:14:35.710 | [33m[1mWARNING [0m | exo.worker.runner.supervisor:<lambda>:184 ] [33m[1mRunner stderr: [fence-gate-diag] n=7 FENCE_ASYNC=True engine=False cache=False cache_registered=True B=1 MAX_B=1 L=13[0m
[ 2026-09-03 19:14:35.724 | [33m[1mWARNING [0m | exo.worker.runner.supervisor:<lambda>:184 ] [33m[1mRunner stderr: [fence-gate-diag] n=8 FENCE_ASYNC=True engine=False cache=False cache_registered=True B=1 MAX_B=1 L=13[0m
[ 2026-09-03 19:14:35.737 | [33m[1mWARNING [0m | exo.worker.runner.supervisor:<lambda>:184 ] [33m[1mRunner stderr: [fence-gate-diag] n=9 FENCE_ASYNC=True engine=False cache=False cache_registered=True B=1 MAX_B=1 L=13[0m
[ 2026-09-03 19:14:35.752 | [33m[1mWARNING [0m | exo.worker.runner.supervisor:<lambda>:184 ] [33m[1mRunner stderr: [fence-gate-diag] n=10 FENCE_ASYNC=True engine=False cache=False cache_registered=True B=1 MAX_B=1 L=13[0m
[ 2026-09-03 19:14:35.766 | [33m[1mWARNING [0m | exo.worker.runner.supervisor:<lambda>:184 ] [33m[1mRunner stderr: [fence-gate-diag] n=11 FENCE_ASYNC=True engine=False cache=False cache_registered=True B=1 MAX_B=1 L=13[0m
[ 2026-09-03 19:14:35.781 | [33m[1mWARNING [0m | exo.worker.runner.supervisor:<lambda>:184 ] [33m[1mRunner stderr: [fence-gate-diag] n=12 FENCE_ASYNC=True engine=False cache=False cache_registered=True B=1 MAX_B=1 L=13[0m
[ 2026-09-03 19:14:35.795 | [33m[1mWARNING [0m | exo.worker.runner.supervisor:<lambda>:184 ] [33m[1mRunner stderr: [fence-gate-diag] n=13 FENCE_ASYNC=True engine=False cache=False cache_registered=True B=1 MAX_B=1 L=13[0m
[ 2026-09-03 19:14:35.813 | [33m[1mWARNING [0m | exo.worker.runner.supervisor:<lambda>:184 ] [33m[1mRunner stderr: [fence-gate-diag] n=14 FENCE_ASYNC=True engine=False cache=False cache_registered=True B=1 MAX_B=1 L=13[0m
[ 2026-09-03 19:14:35.828 | [33m[1mWARNING [0m | exo.worker.runner.supervisor:<lambda>:184 ] [33m[1mRunner stderr: [fence-gate-diag] n=15 FENCE_ASYNC=True engine=False cache=False cache_registered=True B=1 MAX_B=1 L=13[0m
[ 2026-09-03 19:14:35.843 | [33m[1mWARNING [0m | exo.worker.runner.supervisor:<lambda>:184 ] [33m[1mRunner stderr: [fence-gate-diag] n=16 FENCE_ASYNC=True engine=False cache=False cache_registered=True B=1 MAX_B=1 L=13[0m
[ 2026-09-03 19:14:35.857 | [33m[1mWARNING [0m | exo.worker.runner.supervisor:<lambda>:184 ] [33m[1mRunner stderr: [fence-gate-diag] n=17 FENCE_ASYNC=True engine=False cache=False cache_registered=True B=1 MAX_B=1 L=13[0m
[ 2026-09-03 19:14:35.875 | [33m[1mWARNING [0m | exo.worker.runner.supervisor:<lambda>:184 ] [33m[1mRunner stderr: [fence-gate-diag] n=18 FENCE_ASYNC=True engine=False cache=False cache_registered=True B=1 MAX_B=1 L=13[0m
[ 2026-09-03 19:14:35.894 | [33m[1mWARNING [0m | exo.worker.runner.supervisor:<lambda>:184 ] [33m[1mRunner stderr: [fence-gate-diag] n=19 FENCE_ASYNC=True engine=False cache=False cache_registered=True B=1 MAX_B=1 L=13[0m
[ 2026-09-03 19:14:35.908 | [33m[1mWARNING [0m | exo.worker.runner.supervisor:<lambda>:184 ] [33m[1mRunner stderr: [fence-gate-diag] n=20 FENCE_ASYNC=True engine=False cache=False cache_registered=True B=1 MAX_B=1 L=13[0m
[ 2026-09-03 19:14:36.066 | [33m[1mWARNING [0m | exo.worker.runner.supervisor:<lambda>:184 ] [33m[1mRunner stderr: [fence-gate-diag] n=21 FENCE_ASYNC=True engine=False cache=False cache_registered=True B=1 MAX_B=1 L=13[0m
[ 2026-09-03 19:14:36.246 | [33m[1mWARNING [0m | exo.worker.runner.supervisor:<lambda>:184 ] [33m[1mRunner stderr: [fence-gate-diag] n=22 FENCE_ASYNC=True engine=False cache=False cache_registered=True B=1 MAX_B=1 L=13[0m
[ 2026-09-03 19:14:36.424 | [33m[1mWARNING [0m | exo.worker.runner.supervisor:<lambda>:184 ] [33m[1mRunner stderr: [fence-gate-diag] n=23 FENCE_ASYNC=True engine=False cache=False cache_registered=True B=1 MAX_B=1 L=13[0m
[ 2026-09-03 19:14:36.604 | [33m[1mWARNING [0m | exo.worker.runner.supervisor:<lambda>:184 ] [33m[1mRunner stderr: [fence-gate-diag] n=24 FENCE_ASYNC=True engine=False cache=False cache_registered=True B=1 MAX_B=1 L=13[0m
[ 2026-09-03 19:14:36.840 | [33m[1mWARNING [0m | exo.worker.runner.supervisor:<lambda>:184 ] [33m[1mRunner stderr: [fence-gate-diag] n=25 FENCE_ASYNC=True engine=False cache=False cache_registered=True B=1 MAX_B=1 L=13[0m
[ 2026-09-03 19:14:37.104 | [33m[1mWARNING [0m | exo.worker.runner.supervisor:<lambda>:184 ] [33m[1mRunner stderr: [fence-gate-diag] n=26 FENCE_ASYNC=True engine=False cache=False cache_registered=True B=1 MAX_B=1 L=13[0m
[ 2026-09-03 19:14:37.288 | [33m[1mWARNING [0m | exo.worker.runner.supervisor:<lambda>:184 ] [33m[1mRunner stderr: [fence-gate-diag] n=27 FENCE_ASYNC=True engine=False cache=False cache_registered=True B=1 MAX_B=1 L=13[0m
[ 2026-09-03 19:14:37.486 | [33m[1mWARNING [0m | exo.worker.runner.supervisor:<lambda>:184 ] [33m[1mRunner stderr: [fence-gate-diag] n=28 FENCE_ASYNC=True engine=False cache=False cache_registered=True B=1 MAX_B=1 L=13[0m
[ 2026-09-03 19:14:37.690 | [33m[1mWARNING [0m | exo.worker.runner.supervisor:<lambda>:184 ] [33m[1mRunner stderr: [fence-gate-diag] n=29 FENCE_ASYNC=True engine=False cache=False cache_registered=True B=1 MAX_B=1 L=13[0m
[ 2026-09-03 19:14:37.897 | [33m[1mWARNING [0m | exo.worker.runner.supervisor:<lambda>:184 ] [33m[1mRunner stderr: [fence-gate-diag] n=30 FENCE_ASYNC=True engine=False cache=False cache_registered=True B=1 MAX_B=1 L=13[0m
[ 2026-09-03 19:14:41.086 | [33m[1mWARNING [0m | exo.worker.runner.supervisor:<lambda>:184 ] [33m[1mRunner stderr: [fence-gate-diag] n=200 FENCE_ASYNC=True engine=False cache=False cache_registered=True B=1 MAX_B=1 L=1[0m
[ 2026-09-03 19:14:52.277 | [33m[1mWARNING [0m | exo.worker.runner.supervisor:<lambda>:184 ] [33m[1mRunner stderr: [fence-gate-diag] SETTER key=engine ok=False tid=8273263424 ctx_now={'engine': False, 'cache': False}[0m
[ 2026-09-03 19:14:53.725 | [33m[1mWARNING [0m | exo.worker.runner.supervisor:<lambda>:184 ] [33m[1mRunner stderr: [fence-gate-diag] n=400 FENCE_ASYNC=True engine=False cache=False cache_registered=True B=1 MAX_B=1 L=2013[0m
[ 2026-09-03 19:14:58.234 | [33m[1mWARNING [0m | exo.worker.runner.supervisor:<lambda>:184 ] [33m[1mRunner stderr: [fence-gate-diag] SETTER key=cache ok=False tid=8273263424 ctx_now={'engine': False, 'cache': False}[0m
[ 2026-09-03 19:14:58.604 | [33m[1mWARNING [0m | exo.worker.runner.supervisor:<lambda>:184 ] [33m[1mRunner stderr: [fence-gate-diag] SETTER key=cache ok=False tid=8273263424 ctx_now={'engine': False, 'cache': False}[0m
[ 2026-09-03 19:14:58.604 | [33m[1mWARNING [0m | exo.worker.runner.supervisor:<lambda>:184 ] [33m[1mRunner stderr: [fence-gate-diag] SETTER key=cache ok=True tid=8273263424 ctx_now={'engine': False, 'cache': True}[0m
[ 2026-09-03 19:14:58.643 | [33m[1mWARNING [0m | exo.worker.runner.supervisor:<lambda>:184 ] [33m[1mRunner stderr: [fence-gate-diag] SETTER key=engine ok=True tid=8273263424 ctx_now={'engine': True, 'cache': True}[0m
[ 2026-09-03 19:14:58.785 | [33m[1mWARNING [0m | exo.worker.runner.supervisor:<lambda>:184 ] [33m[1mRunner stderr: [fence-gate-diag] SETTER key=cache ok=True tid=8273263424 ctx_now={'engine': True, 'cache': True}[0m
[ 2026-09-03 19:14:58.921 | [33m[1mWARNING [0m | exo.worker.runner.supervisor:<lambda>:184 ] [33m[1mRunner stderr: [fence-gate-diag] SETTER key=cache ok=True tid=8273263424 ctx_now={'engine': True, 'cache': True}[0m
[ 2026-09-03 19:14:58.971 | [33m[1mWARNING [0m | exo.worker.runner.supervisor:<lambda>:184 ] [33m[1mRunner stderr: [fence-gate-diag] SETTER key=cache ok=False tid=8273263424 ctx_now={'engine': True, 'cache': False}[0m
[ 2026-09-03 19:14:58.972 | [33m[1mWARNING [0m | exo.worker.runner.supervisor:<lambda>:184 ] [33m[1mRunner stderr: [fence-gate-diag] SETTER key=cache ok=True tid=8273263424 ctx_now={'engine': True, 'cache': True}[0m
[ 2026-09-03 19:14:58.975 | [33m[1mWARNING [0m | exo.worker.runner.supervisor:<lambda>:184 ] [33m[1mRunner stderr: [fence-gate-diag] SETTER key=cache ok=True tid=8273263424 ctx_now={'engine': True, 'cache': True}[0m
[ 2026-09-03 19:14:59.028 | [33m[1mWARNING [0m | exo.worker.runner.supervisor:<lambda>:184 ] [33m[1mRunner stderr: [fence-gate-diag] SETTER key=cache ok=True tid=8273263424 ctx_now={'engine': True, 'cache': True}[0m
[ 2026-09-03 19:14:59.106 | [33m[1mWARNING [0m | exo.worker.runner.supervisor:<lambda>:184 ] [33m[1mRunner stderr: [fence-gate-diag] SETTER key=cache ok=False tid=8273263424 ctx_now={'engine': True, 'cache': False}[0m
[ 2026-09-03 19:14:59.108 | [33m[1mWARNING [0m | exo.worker.runner.supervisor:<lambda>:184 ] [33m[1mRunner stderr: [fence-gate-diag] SETTER key=cache ok=True tid=8273263424 ctx_now={'engine': True, 'cache': True}[0m
[ 2026-09-03 19:14:59.110 | [33m[1mWARNING [0m | exo.worker.runner.supervisor:<lambda>:184 ] [33m[1mRunner stderr: [fence-gate-diag] SETTER key=cache ok=True tid=8273263424 ctx_now={'engine': True, 'cache': True}[0m
[ 2026-09-03 19:14:59.178 | [33m[1mWARNING [0m | exo.worker.runner.supervisor:<lambda>:184 ] [33m[1mRunner stderr: [fence-gate-diag] SETTER key=cache ok=True tid=8273263424 ctx_now={'engine': True, 'cache': True}[0m
[ 2026-09-03 19:14:59.246 | [33m[1mWARNING [0m | exo.worker.runner.supervisor:<lambda>:184 ] [33m[1mRunner stderr: [fence-gate-diag] SETTER key=cache ok=True tid=8273263424 ctx_now={'engine': True, 'cache': True}[0m
[ 2026-09-03 19:14:59.329 | [33m[1mWARNING [0m | exo.worker.runner.supervisor:<lambda>:184 ] [33m[1mRunner stderr: [fence-gate-diag] SETTER key=cache ok=True tid=8273263424 ctx_now={'engine': True, 'cache': True}[0m
[ 2026-09-03 19:14:59.411 | [33m[1mWARNING [0m | exo.worker.runner.supervisor:<lambda>:184 ] [33m[1mRunner stderr: [fence-gate-diag] SETTER key=cache ok=True tid=8273263424 ctx_now={'engine': True, 'cache': True}[0m
[ 2026-09-03 19:14:59.493 | [33m[1mWARNING [0m | exo.worker.runner.supervisor:<lambda>:184 ] [33m[1mRunner stderr: [fence-gate-diag] SETTER key=cache ok=True tid=8273263424 ctx_now={'engine': True, 'cache': True}[0m
[ 2026-09-03 19:14:59.584 | [33m[1mWARNING [0m | exo.worker.runner.supervisor:<lambda>:184 ] [33m[1mRunner stderr: [fence-gate-diag] SETTER key=cache ok=True tid=8273263424 ctx_now={'engine': True, 'cache': True}[0m
[ 2026-09-03 19:14:59.675 | [33m[1mWARNING [0m | exo.worker.runner.supervisor:<lambda>:184 ] [33m[1mRunner stderr: [fence-gate-diag] SETTER key=cache ok=True tid=8273263424 ctx_now={'engine': True, 'cache': True}[0m
[ 2026-09-03 19:14:59.769 | [33m[1mWARNING [0m | exo.worker.runner.supervisor:<lambda>:184 ] [33m[1mRunner stderr: [BG_DECODE_PROBE pid=73495] step=16 wall_ms=68.91 gpu_ms=55.67 gpu_pct=80.8[0m
[ 2026-09-03 19:14:59.770 | [33m[1mWARNING [0m | exo.worker.runner.supervisor:<lambda>:184 ] [33m[1mRunner stderr: [fence-gate-diag] SETTER key=cache ok=True tid=8273263424 ctx_now={'engine': True, 'cache': True}[0m
[ 2026-09-03 19:14:59.856 | [33m[1mWARNING [0m | exo.worker.runner.supervisor:<lambda>:184 ] [33m[1mRunner stderr: [fence-gate-diag] SETTER key=cache ok=True tid=8273263424 ctx_now={'engine': True, 'cache': True}[0m
[ 2026-09-03 19:14:59.942 | [33m[1mWARNING [0m | exo.worker.runner.supervisor:<lambda>:184 ] [33m[1mRunner stderr: [fence-gate-diag] SETTER key=cache ok=True tid=8273263424 ctx_now={'engine': True, 'cache': True}[0m
[ 2026-09-03 19:15:00.029 | [33m[1mWARNING [0m | exo.worker.runner.supervisor:<lambda>:184 ] [33m[1mRunner stderr: [fence-gate-diag] SETTER key=cache ok=True tid=8273263424 ctx_now={'engine': True, 'cache': True}[0m
[ 2026-09-03 19:15:00.117 | [33m[1mWARNING [0m | exo.worker.runner.supervisor:<lambda>:184 ] [33m[1mRunner stderr: [fence-gate-diag] SETTER key=cache ok=True tid=8273263424 ctx_now={'engine': True, 'cache': True}[0m
[ 2026-09-03 19:15:00.202 | [33m[1mWARNING [0m | exo.worker.runner.supervisor:<lambda>:184 ] [33m[1mRunner stderr: [fence-gate-diag] SETTER key=cache ok=True tid=8273263424 ctx_now={'engine': True, 'cache': True}[0m
[ 2026-09-03 19:15:00.288 | [33m[1mWARNING [0m | exo.worker.runner.supervisor:<lambda>:184 ] [33m[1mRunner stderr: [fence-gate-diag] SETTER key=cache ok=True tid=8273263424 ctx_now={'engine': True, 'cache': True}[0m
[ 2026-09-03 19:15:00.373 | [33m[1mWARNING [0m | exo.worker.runner.supervisor:<lambda>:184 ] [33m[1mRunner stderr: [fence-gate-diag] SETTER key=engine ok=False tid=8273263424 ctx_now={'engine': False, 'cache': True}[0m
[ 2026-09-03 19:15:00.751 | [33m[1mWARNING [0m | exo.worker.runner.supervisor:<lambda>:184 ] [33m[1mRunner stderr: [fence-gate-diag] SETTER key=engine ok=False tid=8273263424 ctx_now={'engine': False, 'cache': True}[0m
[ 2026-09-03 19:15:00.966 | [33m[1mWARNING [0m | exo.worker.runner.supervisor:<lambda>:184 ] [33m[1mRunner stderr: [fence-gate-diag] n=600 FENCE_ASYNC=True engine=False cache=True cache_registered=True B=1 MAX_B=1 L=1[0m
[ 2026-09-03 19:15:01.051 | [33m[1mWARNING [0m | exo.worker.runner.supervisor:<lambda>:184 ] [33m[1mRunner stderr: [fence-gate-diag] SETTER key=cache ok=False tid=8273263424 ctx_now={'engine': False, 'cache': False}[0m
[ 2026-09-03 19:15:01.073 | [33m[1mWARNING [0m | exo.worker.runner.supervisor:<lambda>:184 ] [33m[1mRunner stderr: [fence-gate-diag] SETTER key=cache ok=False tid=8273263424 ctx_now={'engine': False, 'cache': False}[0m
[ 2026-09-03 19:15:01.073 | [33m[1mWARNING [0m | exo.worker.runner.supervisor:<lambda>:184 ] [33m[1mRunner stderr: [fence-gate-diag] SETTER key=cache ok=True tid=8273263424 ctx_now={'engine': False, 'cache': True}[0m
[ 2026-09-03 19:15:01.109 | [33m[1mWARNING [0m | exo.worker.runner.supervisor:<lambda>:184 ] [33m[1mRunner stderr: [fence-gate-diag] SETTER key=engine ok=True tid=8273263424 ctx_now={'engine': True, 'cache': True}[0m
[ 2026-09-03 19:15:01.205 | [33m[1mWARNING [0m | exo.worker.runner.supervisor:<lambda>:184 ] [33m[1mRunner stderr: [fence-gate-diag] SETTER key=cache ok=True tid=8273263424 ctx_now={'engine': True, 'cache': True}[0m
[ 2026-09-03 19:15:01.258 | [33m[1mWARNING [0m | exo.worker.runner.supervisor:<lambda>:184 ] [33m[1mRunner stderr: [fence-gate-diag] SETTER key=cache ok=True tid=8273263424 ctx_now={'engine': True, 'cache': True}[0m
[ 2026-09-03 19:15:01.309 | [33m[1mWARNING [0m | exo.worker.runner.supervisor:<lambda>:184 ] [33m[1mRunner stderr: [fence-gate-diag] SETTER key=cache ok=False tid=8273263424 ctx_now={'engine': True, 'cache': False}[0m
[ 2026-09-03 19:15:01.310 | [33m[1mWARNING [0m | exo.worker.runner.supervisor:<lambda>:184 ] [33m[1mRunner stderr: [fence-gate-diag] SETTER key=cache ok=True tid=8273263424 ctx_now={'engine': True, 'cache': True}[0m
[ 2026-09-03 19:15:01.313 | [33m[1mWARNING [0m | exo.worker.runner.supervisor:<lambda>:184 ] [33m[1mRunner stderr: [fence-gate-diag] SETTER key=cache ok=True tid=8273263424 ctx_now={'engine': True, 'cache': True}[0m
[ 2026-09-03 19:15:01.368 | [33m[1mWARNING [0m | exo.worker.runner.supervisor:<lambda>:184 ] [33m[1mRunner stderr: [fence-gate-diag] SETTER key=cache ok=True tid=8273263424 ctx_now={'engine': True, 'cache': True}[0m
[ 2026-09-03 19:15:01.445 | [33m[1mWARNING [0m | exo.worker.runner.supervisor:<lambda>:184 ] [33m[1mRunner stderr: [fence-gate-diag] SETTER key=cache ok=False tid=8273263424 ctx_now={'engine': True, 'cache': False}[0m
[ 2026-09-03 19:15:01.448 | [33m[1mWARNING [0m | exo.worker.runner.supervisor:<lambda>:184 ] [33m[1mRunner stderr: [fence-gate-diag] SETTER key=cache ok=True tid=8273263424 ctx_now={'engine': True, 'cache': True}[0m
[ 2026-09-03 19:15:01.450 | [33m[1mWARNING [0m | exo.worker.runner.supervisor:<lambda>:184 ] [33m[1mRunner stderr: [fence-gate-diag] SETTER key=cache ok=True tid=8273263424 ctx_now={'engine': True, 'cache': True}[0m
[ 2026-09-03 19:15:01.519 | [33m[1mWARNING [0m | exo.worker.runner.supervisor:<lambda>:184 ] [33m[1mRunner stderr: [fence-gate-diag] SETTER key=cache ok=True tid=8273263424 ctx_now={'engine': True, 'cache': True}[0m
[ 2026-09-03 19:15:01.587 | [33m[1mWARNING [0m | exo.worker.runner.supervisor:<lambda>:184 ] [33m[1mRunner stderr: [BG_DECODE_PROBE pid=73495] step=32 wall_ms=113.62 gpu_ms=64.60 gpu_pct=56.9[0m
[ 2026-09-03 19:15:01.587 | [33m[1mWARNING [0m | exo.worker.runner.supervisor:<lambda>:184 ] [33m[1mRunner stderr: [fence-gate-diag] SETTER key=cache ok=True tid=8273263424 ctx_now={'engine': True, 'cache': True}[0m
[ 2026-09-03 19:15:01.670 | [33m[1mWARNING [0m | exo.worker.runner.supervisor:<lambda>:184 ] [33m[1mRunner stderr: [fence-gate-diag] SETTER key=cache ok=True tid=8273263424 ctx_now={'engine': True, 'cache': True}[0m
[ 2026-09-03 19:15:01.753 | [33m[1mWARNING [0m | exo.worker.runner.supervisor:<lambda>:184 ] [33m[1mRunner stderr: [fence-gate-diag] SETTER key=cache ok=True tid=8273263424 ctx_now={'engine': True, 'cache': True}[0m
[ 2026-09-03 19:15:01.834 | [33m[1mWARNING [0m | exo.worker.runner.supervisor:<lambda>:184 ] [33m[1mRunner stderr: [fence-gate-diag] SETTER key=cache ok=True tid=8273263424 ctx_now={'engine': True, 'cache': True}[0m
[ 2026-09-03 19:15:01.916 | [33m[1mWARNING [0m | exo.worker.runner.supervisor:<lambda>:184 ] [33m[1mRunner stderr: [fence-gate-diag] SETTER key=cache ok=True tid=8273263424 ctx_now={'engine': True, 'cache': True}[0m
[ 2026-09-03 19:15:02.008 | [33m[1mWARNING [0m | exo.worker.runner.supervisor:<lambda>:184 ] [33m[1mRunner stderr: [fence-gate-diag] SETTER key=cache ok=True tid=8273263424 ctx_now={'engine': True, 'cache': True}[0m
[ 2026-09-03 19:15:02.099 | [33m[1mWARNING [0m | exo.worker.runner.supervisor:<lambda>:184 ] [33m[1mRunner stderr: [fence-gate-diag] SETTER key=cache ok=True tid=8273263424 ctx_now={'engine': True, 'cache': True}[0m
[ 2026-09-03 19:15:02.186 | [33m[1mWARNING [0m | exo.worker.runner.supervisor:<lambda>:184 ] [33m[1mRunner stderr: [fence-gate-diag] SETTER key=cache ok=True tid=8273263424 ctx_now={'engine': True, 'cache': True}[0m
[ 2026-09-03 19:15:02.272 | [33m[1mWARNING [0m | exo.worker.runner.supervisor:<lambda>:184 ] [33m[1mRunner stderr: [fence-gate-diag] SETTER key=cache ok=True tid=8273263424 ctx_now={'engine': True, 'cache': True}[0m
[ 2026-09-03 19:15:02.359 | [33m[1mWARNING [0m | exo.worker.runner.supervisor:<lambda>:184 ] [33m[1mRunner stderr: [fence-gate-diag] SETTER key=cache ok=True tid=8273263424 ctx_now={'engine': True, 'cache': True}[0m
[ 2026-09-03 19:15:02.445 | [33m[1mWARNING [0m | exo.worker.runner.supervisor:<lambda>:184 ] [33m[1mRunner stderr: [fence-gate-diag] SETTER key=cache ok=True tid=8273263424 ctx_now={'engine': True, 'cache': True}[0m
[ 2026-09-03 19:15:02.531 | [33m[1mWARNING [0m | exo.worker.runner.supervisor:<lambda>:184 ] [33m[1mRunner stderr: [fence-gate-diag] SETTER key=cache ok=True tid=8273263424 ctx_now={'engine': True, 'cache': True}[0m
[ 2026-09-03 19:15:02.617 | [33m[1mWARNING [0m | exo.worker.runner.supervisor:<lambda>:184 ] [33m[1mRunner stderr: [fence-gate-diag] SETTER key=cache ok=True tid=8273263424 ctx_now={'engine': True, 'cache': True}[0m
[ 2026-09-03 19:15:02.700 | [33m[1mWARNING [0m | exo.worker.runner.supervisor:<lambda>:184 ] [33m[1mRunner stderr: [fence-gate-diag] SETTER key=engine ok=False tid=8273263424 ctx_now={'engine': False, 'cache': True}[0m
[ 2026-09-03 19:15:03.074 | [33m[1mWARNING [0m | exo.worker.runner.supervisor:<lambda>:184 ] [33m[1mRunner stderr: [fence-gate-diag] SETTER key=engine ok=False tid=8273263424 ctx_now={'engine': False, 'cache': True}[0m
[ 2026-09-03 19:15:03.381 | [33m[1mWARNING [0m | exo.worker.runner.supervisor:<lambda>:184 ] [33m[1mRunner stderr: [fence-gate-diag] SETTER key=cache ok=False tid=8273263424 ctx_now={'engine': False, 'cache': False}[0m
[ 2026-09-03 19:15:03.404 | [33m[1mWARNING [0m | exo.worker.runner.supervisor:<lambda>:184 ] [33m[1mRunner stderr: [fence-gate-diag] SETTER key=cache ok=False tid=8273263424 ctx_now={'engine': False, 'cache': False}[0m
[ 2026-09-03 19:15:03.404 | [33m[1mWARNING [0m | exo.worker.runner.supervisor:<lambda>:184 ] [33m[1mRunner stderr: [fence-gate-diag] SETTER key=cache ok=True tid=8273263424 ctx_now={'engine': False, 'cache': True}[0m
[ 2026-09-03 19:15:03.439 | [33m[1mWARNING [0m | exo.worker.runner.supervisor:<lambda>:184 ] [33m[1mRunner stderr: [fence-gate-diag] SETTER key=engine ok=True tid=8273263424 ctx_now={'engine': True, 'cache': True}[0m
[ 2026-09-03 19:15:03.539 | [33m[1mWARNING [0m | exo.worker.runner.supervisor:<lambda>:184 ] [33m[1mRunner stderr: [BG_DECODE_PROBE pid=73495] step=48 wall_ms=122.10 gpu_ms=72.99 gpu_pct=59.8[0m
[ 2026-09-03 19:15:03.540 | [33m[1mWARNING [0m | exo.worker.runner.supervisor:<lambda>:184 ] [33m[1mRunner stderr: [fence-gate-diag] SETTER key=cache ok=True tid=8273263424 ctx_now={'engine': True, 'cache': True}[0m
[ 2026-09-03 19:15:03.592 | [33m[1mWARNING [0m | exo.worker.runner.supervisor:<lambda>:184 ] [33m[1mRunner stderr: [fence-gate-diag] SETTER key=cache ok=True tid=8273263424 ctx_now={'engine': True, 'cache': True}[0m
[ 2026-09-03 19:15:03.643 | [33m[1mWARNING [0m | exo.worker.runner.supervisor:<lambda>:184 ] [33m[1mRunner stderr: [fence-gate-diag] SETTER key=cache ok=False tid=8273263424 ctx_now={'engine': True, 'cache': False}[0m
[ 2026-09-03 19:15:03.644 | [33m[1mWARNING [0m | exo.worker.runner.supervisor:<lambda>:184 ] [33m[1mRunner stderr: [fence-gate-diag] SETTER key=cache ok=True tid=8273263424 ctx_now={'engine': True, 'cache': True}[0m
[ 2026-09-03 19:15:03.647 | [33m[1mWARNING [0m | exo.worker.runner.supervisor:<lambda>:184 ] [33m[1mRunner stderr: [fence-gate-diag] SETTER key=cache ok=True tid=8273263424 ctx_now={'engine': True, 'cache': True}[0m
[ 2026-09-03 19:15:03.702 | [33m[1mWARNING [0m | exo.worker.runner.supervisor:<lambda>:184 ] [33m[1mRunner stderr: [fence-gate-diag] SETTER key=cache ok=True tid=8273263424 ctx_now={'engine': True, 'cache': True}[0m
[ 2026-09-03 19:15:03.779 | [33m[1mWARNING [0m | exo.worker.runner.supervisor:<lambda>:184 ] [33m[1mRunner stderr: [fence-gate-diag] SETTER key=cache ok=False tid=8273263424 ctx_now={'engine': True, 'cache': False}[0m
[ 2026-09-03 19:15:03.782 | [33m[1mWARNING [0m | exo.worker.runner.supervisor:<lambda>:184 ] [33m[1mRunner stderr: [fence-gate-diag] SETTER key=cache ok=True tid=8273263424 ctx_now={'engine': True, 'cache': True}[0m
[ 2026-09-03 19:15:03.784 | [33m[1mWARNING [0m | exo.worker.runner.supervisor:<lambda>:184 ] [33m[1mRunner stderr: [fence-gate-diag] SETTER key=cache ok=True tid=8273263424 ctx_now={'engine': True, 'cache': True}[0m
[ 2026-09-03 19:15:03.852 | [33m[1mWARNING [0m | exo.worker.runner.supervisor:<lambda>:184 ] [33m[1mRunner stderr: [fence-gate-diag] SETTER key=cache ok=True tid=8273263424 ctx_now={'engine': True, 'cache': True}[0m
[ 2026-09-03 19:15:03.920 | [33m[1mWARNING [0m | exo.worker.runner.supervisor:<lambda>:184 ] [33m[1mRunner stderr: [fence-gate-diag] SETTER key=cache ok=True tid=8273263424 ctx_now={'engine': True, 'cache': True}[0m
[ 2026-09-03 19:15:04.001 | [33m[1mWARNING [0m | exo.worker.runner.supervisor:<lambda>:184 ] [33m[1mRunner stderr: [fence-gate-diag] SETTER key=cache ok=True tid=8273263424 ctx_now={'engine': True, 'cache': True}[0m
[ 2026-09-03 19:15:04.083 | [33m[1mWARNING [0m | exo.worker.runner.supervisor:<lambda>:184 ] [33m[1mRunner stderr: [fence-gate-diag] SETTER key=cache ok=True tid=8273263424 ctx_now={'engine': True, 'cache': True}[0m
[ 2026-09-03 19:15:04.164 | [33m[1mWARNING [0m | exo.worker.runner.supervisor:<lambda>:184 ] [33m[1mRunner stderr: [fence-gate-diag] SETTER key=cache ok=True tid=8273263424 ctx_now={'engine': True, 'cache': True}[0m
[ 2026-09-03 19:15:04.246 | [33m[1mWARNING [0m | exo.worker.runner.supervisor:<lambda>:184 ] [33m[1mRunner stderr: [fence-gate-diag] SETTER key=cache ok=True tid=8273263424 ctx_now={'engine': True, 'cache': True}[0m
[ 2026-09-03 19:15:04.337 | [33m[1mWARNING [0m | exo.worker.runner.supervisor:<lambda>:184 ] [33m[1mRunner stderr: [fence-gate-diag] SETTER key=cache ok=True tid=8273263424 ctx_now={'engine': True, 'cache': True}[0m
[ 2026-09-03 19:15:04.429 | [33m[1mWARNING [0m | exo.worker.runner.supervisor:<lambda>:184 ] [33m[1mRunner stderr: [fence-gate-diag] SETTER key=cache ok=True tid=8273263424 ctx_now={'engine': True, 'cache': True}[0m
[ 2026-09-03 19:15:04.515 | [33m[1mWARNING [0m | exo.worker.runner.supervisor:<lambda>:184 ] [33m[1mRunner stderr: [fence-gate-diag] SETTER key=cache ok=True tid=8273263424 ctx_now={'engine': True, 'cache': True}[0m
[ 2026-09-03 19:15:04.601 | [33m[1mWARNING [0m | exo.worker.runner.supervisor:<lambda>:184 ] [33m[1mRunner stderr: [fence-gate-diag] SETTER key=cache ok=True tid=8273263424 ctx_now={'engine': True, 'cache': True}[0m
[ 2026-09-03 19:15:04.687 | [33m[1mWARNING [0m | exo.worker.runner.supervisor:<lambda>:184 ] [33m[1mRunner stderr: [fence-gate-diag] SETTER key=cache ok=True tid=8273263424 ctx_now={'engine': True, 'cache': True}[0m
[ 2026-09-03 19:15:04.772 | [33m[1mWARNING [0m | exo.worker.runner.supervisor:<lambda>:184 ] [33m[1mRunner stderr: [BG_DECODE_PROBE pid=73495] step=64 wall_ms=76.97 gpu_ms=70.07 gpu_pct=91.0[0m
[ 2026-09-03 19:15:04.773 | [33m[1mWARNING [0m | exo.worker.runner.supervisor:<lambda>:184 ] [33m[1mRunner stderr: [fence-gate-diag] SETTER key=cache ok=True tid=8273263424 ctx_now={'engine': True, 'cache': True}[0m
[ 2026-09-03 19:15:04.859 | [33m[1mWARNING [0m | exo.worker.runner.supervisor:<lambda>:184 ] [33m[1mRunner stderr: [fence-gate-diag] SETTER key=cache ok=True tid=8273263424 ctx_now={'engine': True, 'cache': True}[0m
[ 2026-09-03 19:15:04.946 | [33m[1mWARNING [0m | exo.worker.runner.supervisor:<lambda>:184 ] [33m[1mRunner stderr: [fence-gate-diag] SETTER key=cache ok=True tid=8273263424 ctx_now={'engine': True, 'cache': True}[0m
[ 2026-09-03 19:15:05.028 | [33m[1mWARNING [0m | exo.worker.runner.supervisor:<lambda>:184 ] [33m[1mRunner stderr: [fence-gate-diag] SETTER key=engine ok=False tid=8273263424 ctx_now={'engine': False, 'cache': True}[0m
[ 2026-09-03 19:15:05.401 | [33m[1mWARNING [0m | exo.worker.runner.supervisor:<lambda>:184 ] [33m[1mRunner stderr: [fence-gate-diag] SETTER key=engine ok=False tid=8273263424 ctx_now={'engine': False, 'cache': True}[0m
[ 2026-09-03 19:15:05.712 | [33m[1mWARNING [0m | exo.worker.runner.supervisor:<lambda>:184 ] [33m[1mRunner stderr: [fence-gate-diag] SETTER key=cache ok=False tid=8273263424 ctx_now={'engine': False, 'cache': False}[0m
[ 2026-09-03 19:15:05.734 | [33m[1mWARNING [0m | exo.worker.runner.supervisor:<lambda>:184 ] [33m[1mRunner stderr: [fence-gate-diag] SETTER key=cache ok=False tid=8273263424 ctx_now={'engine': False, 'cache': False}[0m
[ 2026-09-03 19:15:05.734 | [33m[1mWARNING [0m | exo.worker.runner.supervisor:<lambda>:184 ] [33m[1mRunner stderr: [fence-gate-diag] SETTER key=cache ok=True tid=8273263424 ctx_now={'engine': False, 'cache': True}[0m
[ 2026-09-03 19:15:05.770 | [33m[1mWARNING [0m | exo.worker.runner.supervisor:<lambda>:184 ] [33m[1mRunner stderr: [fence-gate-diag] SETTER key=engine ok=True tid=8273263424 ctx_now={'engine': True, 'cache': True}[0m
[ 2026-09-03 19:15:05.871 | [33m[1mWARNING [0m | exo.worker.runner.supervisor:<lambda>:184 ] [33m[1mRunner stderr: [fence-gate-diag] SETTER key=cache ok=True tid=8273263424 ctx_now={'engine': True, 'cache': True}[0m
[ 2026-09-03 19:15:05.924 | [33m[1mWARNING [0m | exo.worker.runner.supervisor:<lambda>:184 ] [33m[1mRunner stderr: [fence-gate-diag] SETTER key=cache ok=True tid=8273263424 ctx_now={'engine': True, 'cache': True}[0m
[ 2026-09-03 19:15:05.975 | [33m[1mWARNING [0m | exo.worker.runner.supervisor:<lambda>:184 ] [33m[1mRunner stderr: [fence-gate-diag] SETTER key=cache ok=False tid=8273263424 ctx_now={'engine': True, 'cache': False}[0m
[ 2026-09-03 19:15:05.976 | [33m[1mWARNING [0m | exo.worker.runner.supervisor:<lambda>:184 ] [33m[1mRunner stderr: [fence-gate-diag] SETTER key=cache ok=True tid=8273263424 ctx_now={'engine': True, 'cache': True}[0m
[ 2026-09-03 19:15:05.979 | [33m[1mWARNING [0m | exo.worker.runner.supervisor:<lambda>:184 ] [33m[1mRunner stderr: [fence-gate-diag] SETTER key=cache ok=True tid=8273263424 ctx_now={'engine': True, 'cache': True}[0m
[ 2026-09-03 19:15:06.034 | [33m[1mWARNING [0m | exo.worker.runner.supervisor:<lambda>:184 ] [33m[1mRunner stderr: [fence-gate-diag] SETTER key=cache ok=True tid=8273263424 ctx_now={'engine': True, 'cache': True}[0m
[ 2026-09-03 19:15:06.112 | [33m[1mWARNING [0m | exo.worker.runner.supervisor:<lambda>:184 ] [33m[1mRunner stderr: [fence-gate-diag] SETTER key=cache ok=False tid=8273263424 ctx_now={'engine': True, 'cache': False}[0m
[ 2026-09-03 19:15:06.114 | [33m[1mWARNING [0m | exo.worker.runner.supervisor:<lambda>:184 ] [33m[1mRunner stderr: [fence-gate-diag] SETTER key=cache ok=True tid=8273263424 ctx_now={'engine': True, 'cache': True}[0m
[ 2026-09-03 19:15:06.117 | [33m[1mWARNING [0m | exo.worker.runner.supervisor:<lambda>:184 ] [33m[1mRunner stderr: [fence-gate-diag] SETTER key=cache ok=True tid=8273263424 ctx_now={'engine': True, 'cache': True}[0m
[ 2026-09-03 19:15:06.185 | [33m[1mWARNING [0m | exo.worker.runner.supervisor:<lambda>:184 ] [33m[1mRunner stderr: [fence-gate-diag] SETTER key=cache ok=True tid=8273263424 ctx_now={'engine': True, 'cache': True}[0m
[ 2026-09-03 19:15:06.255 | [33m[1mWARNING [0m | exo.worker.runner.supervisor:<lambda>:184 ] [33m[1mRunner stderr: [fence-gate-diag] SETTER key=cache ok=True tid=8273263424 ctx_now={'engine': True, 'cache': True}[0m
[ 2026-09-03 19:15:06.338 | [33m[1mWARNING [0m | exo.worker.runner.supervisor:<lambda>:184 ] [33m[1mRunner stderr: [fence-gate-diag] SETTER key=cache ok=True tid=8273263424 ctx_now={'engine': True, 'cache': True}[0m
[ 2026-09-03 19:15:06.418 | [33m[1mWARNING [0m | exo.worker.runner.supervisor:<lambda>:184 ] [33m[1mRunner stderr: [fence-gate-diag] SETTER key=cache ok=True tid=8273263424 ctx_now={'engine': True, 'cache': True}[0m
[ 2026-09-03 19:15:06.500 | [33m[1mWARNING [0m | exo.worker.runner.supervisor:<lambda>:184 ] [33m[1mRunner stderr: [fence-gate-diag] SETTER key=cache ok=True tid=8273263424 ctx_now={'engine': True, 'cache': True}[0m
[ 2026-09-03 19:15:06.587 | [33m[1mWARNING [0m | exo.worker.runner.supervisor:<lambda>:184 ] [33m[1mRunner stderr: [BG_DECODE_PROBE pid=73495] step=80 wall_ms=112.96 gpu_ms=63.30 gpu_pct=56.0[0m
[ 2026-09-03 19:15:06.587 | [33m[1mWARNING [0m | exo.worker.runner.supervisor:<lambda>:184 ] [33m[1mRunner stderr: [fence-gate-diag] SETTER key=cache ok=True tid=8273263424 ctx_now={'engine': True, 'cache': True}[0m
[ 2026-09-03 19:15:06.677 | [33m[1mWARNING [0m | exo.worker.runner.supervisor:<lambda>:184 ] [33m[1mRunner stderr: [fence-gate-diag] SETTER key=cache ok=True tid=8273263424 ctx_now={'engine': True, 'cache': True}[0m
[ 2026-09-03 19:15:06.774 | [33m[1mWARNING [0m | exo.worker.runner.supervisor:<lambda>:184 ] [33m[1mRunner stderr: [fence-gate-diag] SETTER key=cache ok=True tid=8273263424 ctx_now={'engine': True, 'cache': True}[0m
[ 2026-09-03 19:15:06.859 | [33m[1mWARNING [0m | exo.worker.runner.supervisor:<lambda>:184 ] [33m[1mRunner stderr: [fence-gate-diag] SETTER key=cache ok=True tid=8273263424 ctx_now={'engine': True, 'cache': True}[0m
[ 2026-09-03 19:15:06.946 | [33m[1mWARNING [0m | exo.worker.runner.supervisor:<lambda>:184 ] [33m[1mRunner stderr: [fence-gate-diag] SETTER key=cache ok=True tid=8273263424 ctx_now={'engine': True, 'cache': True}[0m
[ 2026-09-03 19:15:07.031 | [33m[1mWARNING [0m | exo.worker.runner.supervisor:<lambda>:184 ] [33m[1mRunner stderr: [fence-gate-diag] SETTER key=cache ok=True tid=8273263424 ctx_now={'engine': True, 'cache': True}[0m
[ 2026-09-03 19:15:07.117 | [33m[1mWARNING [0m | exo.worker.runner.supervisor:<lambda>:184 ] [33m[1mRunner stderr: [fence-gate-diag] SETTER key=cache ok=True tid=8273263424 ctx_now={'engine': True, 'cache': True}[0m
[ 2026-09-03 19:15:07.203 | [33m[1mWARNING [0m | exo.worker.runner.supervisor:<lambda>:184 ] [33m[1mRunner stderr: [fence-gate-diag] SETTER key=cache ok=True tid=8273263424 ctx_now={'engine': True, 'cache': True}[0m
[ 2026-09-03 19:15:07.289 | [33m[1mWARNING [0m | exo.worker.runner.supervisor:<lambda>:184 ] [33m[1mRunner stderr: [fence-gate-diag] SETTER key=cache ok=True tid=8273263424 ctx_now={'engine': True, 'cache': True}[0m
[ 2026-09-03 19:15:07.372 | [33m[1mWARNING [0m | exo.worker.runner.supervisor:<lambda>:184 ] [33m[1mRunner stderr: [fence-gate-diag] SETTER key=engine ok=False tid=8273263424 ctx_now={'engine': False, 'cache': True}[0m
[ 2026-09-03 19:15:07.837 | [33m[1mWARNING [0m | exo.worker.runner.supervisor:<lambda>:184 ] [33m[1mRunner stderr: [fence-gate-diag] SETTER key=engine ok=False tid=8273263424 ctx_now={'engine': False, 'cache': True}[0m
[ 2026-09-03 19:15:08.006 | [33m[1mWARNING [0m | exo.worker.runner.supervisor:<lambda>:184 ] [33m[1mRunner stderr: [fence-gate-diag] n=800 FENCE_ASYNC=True engine=False cache=True cache_registered=True B=1 MAX_B=1 L=1[0m
[ 2026-09-03 19:15:08.144 | [33m[1mWARNING [0m | exo.worker.runner.supervisor:<lambda>:184 ] [33m[1mRunner stderr: [fence-gate-diag] SETTER key=cache ok=False tid=8273263424 ctx_now={'engine': False, 'cache': False}[0m
[ 2026-09-03 19:15:08.168 | [33m[1mWARNING [0m | exo.worker.runner.supervisor:<lambda>:184 ] [33m[1mRunner stderr: [fence-gate-diag] SETTER key=cache ok=False tid=8273263424 ctx_now={'engine': False, 'cache': False}[0m
[ 2026-09-03 19:15:08.168 | [33m[1mWARNING [0m | exo.worker.runner.supervisor:<lambda>:184 ] [33m[1mRunner stderr: [fence-gate-diag] SETTER key=cache ok=True tid=8273263424 ctx_now={'engine': False, 'cache': True}[0m
[ 2026-09-03 19:15:08.203 | [33m[1mWARNING [0m | exo.worker.runner.supervisor:<lambda>:184 ] [33m[1mRunner stderr: [fence-gate-diag] SETTER key=engine ok=True tid=8273263424 ctx_now={'engine': True, 'cache': True}[0m
[ 2026-09-03 19:15:08.303 | [33m[1mWARNING [0m | exo.worker.runner.supervisor:<lambda>:184 ] [33m[1mRunner stderr: [fence-gate-diag] SETTER key=cache ok=True tid=8273263424 ctx_now={'engine': True, 'cache': True}[0m
[ 2026-09-03 19:15:08.355 | [33m[1mWARNING [0m | exo.worker.runner.supervisor:<lambda>:184 ] [33m[1mRunner stderr: [fence-gate-diag] SETTER key=cache ok=True tid=8273263424 ctx_now={'engine': True, 'cache': True}[0m
[ 2026-09-03 19:15:08.407 | [33m[1mWARNING [0m | exo.worker.runner.supervisor:<lambda>:184 ] [33m[1mRunner stderr: [fence-gate-diag] SETTER key=cache ok=False tid=8273263424 ctx_now={'engine': True, 'cache': False}[0m
[ 2026-09-03 19:15:08.408 | [33m[1mWARNING [0m | exo.worker.runner.supervisor:<lambda>:184 ] [33m[1mRunner stderr: [fence-gate-diag] SETTER key=cache ok=True tid=8273263424 ctx_now={'engine': True, 'cache': True}[0m
[ 2026-09-03 19:15:08.411 | [33m[1mWARNING [0m | exo.worker.runner.supervisor:<lambda>:184 ] [33m[1mRunner stderr: [fence-gate-diag] SETTER key=cache ok=True tid=8273263424 ctx_now={'engine': True, 'cache': True}[0m
[ 2026-09-03 19:15:08.465 | [33m[1mWARNING [0m | exo.worker.runner.supervisor:<lambda>:184 ] [33m[1mRunner stderr: [fence-gate-diag] SETTER key=cache ok=True tid=8273263424 ctx_now={'engine': True, 'cache': True}[0m
[ 2026-09-03 19:15:08.543 | [33m[1mWARNING [0m | exo.worker.runner.supervisor:<lambda>:184 ] [33m[1mRunner stderr: [fence-gate-diag] SETTER key=cache ok=False tid=8273263424 ctx_now={'engine': True, 'cache': False}[0m
[ 2026-09-03 19:15:08.545 | [33m[1mWARNING [0m | exo.worker.runner.supervisor:<lambda>:184 ] [33m[1mRunner stderr: [fence-gate-diag] SETTER key=cache ok=True tid=8273263424 ctx_now={'engine': True, 'cache': True}[0m
[ 2026-09-03 19:15:08.547 | [33m[1mWARNING [0m | exo.worker.runner.supervisor:<lambda>:184 ] [33m[1mRunner stderr: [BG_DECODE_PROBE pid=73495] step=96 wall_ms=123.05 gpu_ms=67.56 gpu_pct=54.9[0m
[ 2026-09-03 19:15:08.548 | [33m[1mWARNING [0m | exo.worker.runner.supervisor:<lambda>:184 ] [33m[1mRunner stderr: [fence-gate-diag] SETTER key=cache ok=True tid=8273263424 ctx_now={'engine': True, 'cache': True}[0m
[ 2026-09-03 19:15:08.617 | [33m[1mWARNING [0m | exo.worker.runner.supervisor:<lambda>:184 ] [33m[1mRunner stderr: [fence-gate-diag] SETTER key=cache ok=True tid=8273263424 ctx_now={'engine': True, 'cache': True}[0m
[ 2026-09-03 19:15:08.684 | [33m[1mWARNING [0m | exo.worker.runner.supervisor:<lambda>:184 ] [33m[1mRunner stderr: [fence-gate-diag] SETTER key=cache ok=True tid=8273263424 ctx_now={'engine': True, 'cache': True}[0m
[ 2026-09-03 19:15:08.767 | [33m[1mWARNING [0m | exo.worker.runner.supervisor:<lambda>:184 ] [33m[1mRunner stderr: [fence-gate-diag] SETTER key=cache ok=True tid=8273263424 ctx_now={'engine': True, 'cache': True}[0m
[ 2026-09-03 19:15:08.849 | [33m[1mWARNING [0m | exo.worker.runner.supervisor:<lambda>:184 ] [33m[1mRunner stderr: [fence-gate-diag] SETTER key=cache ok=True tid=8273263424 ctx_now={'engine': True, 'cache': True}[0m
[ 2026-09-03 19:15:08.931 | [33m[1mWARNING [0m | exo.worker.runner.supervisor:<lambda>:184 ] [33m[1mRunner stderr: [fence-gate-diag] SETTER key=cache ok=True tid=8273263424 ctx_now={'engine': True, 'cache': True}[0m
[ 2026-09-03 19:15:09.012 | [33m[1mWARNING [0m | exo.worker.runner.supervisor:<lambda>:184 ] [33m[1mRunner stderr: [fence-gate-diag] SETTER key=cache ok=True tid=8273263424 ctx_now={'engine': True, 'cache': True}[0m
[ 2026-09-03 19:15:09.103 | [33m[1mWARNING [0m | exo.worker.runner.supervisor:<lambda>:184 ] [33m[1mRunner stderr: [fence-gate-diag] SETTER key=cache ok=True tid=8273263424 ctx_now={'engine': True, 'cache': True}[0m
[ 2026-09-03 19:15:09.202 | [33m[1mWARNING [0m | exo.worker.runner.supervisor:<lambda>:184 ] [33m[1mRunner stderr: [fence-gate-diag] SETTER key=cache ok=True tid=8273263424 ctx_now={'engine': True, 'cache': True}[0m
[ 2026-09-03 19:15:09.287 | [33m[1mWARNING [0m | exo.worker.runner.supervisor:<lambda>:184 ] [33m[1mRunner stderr: [fence-gate-diag] SETTER key=cache ok=True tid=8273263424 ctx_now={'engine': True, 'cache': True}[0m
[ 2026-09-03 19:15:09.373 | [33m[1mWARNING [0m | exo.worker.runner.supervisor:<lambda>:184 ] [33m[1mRunner stderr: [fence-gate-diag] SETTER key=cache ok=True tid=8273263424 ctx_now={'engine': True, 'cache': True}[0m
[ 2026-09-03 19:15:09.459 | [33m[1mWARNING [0m | exo.worker.runner.supervisor:<lambda>:184 ] [33m[1mRunner stderr: [fence-gate-diag] SETTER key=cache ok=True tid=8273263424 ctx_now={'engine': True, 'cache': True}[0m
[ 2026-09-03 19:15:09.544 | [33m[1mWARNING [0m | exo.worker.runner.supervisor:<lambda>:184 ] [33m[1mRunner stderr: [fence-gate-diag] SETTER key=cache ok=True tid=8273263424 ctx_now={'engine': True, 'cache': True}[0m
[ 2026-09-03 19:15:09.630 | [33m[1mWARNING [0m | exo.worker.runner.supervisor:<lambda>:184 ] [33m[1mRunner stderr: [fence-gate-diag] SETTER key=cache ok=True tid=8273263424 ctx_now={'engine': True, 'cache': True}[0m
[ 2026-09-03 19:15:09.718 | [33m[1mWARNING [0m | exo.worker.runner.supervisor:<lambda>:184 ] [33m[1mRunner stderr: [fence-gate-diag] SETTER key=cache ok=True tid=8273263424 ctx_now={'engine': True, 'cache': True}[0m
[ 2026-09-03 19:15:09.800 | [33m[1mWARNING [0m | exo.worker.runner.supervisor:<lambda>:184 ] [33m[1mRunner stderr: [fence-gate-diag] SETTER key=engine ok=False tid=8273263424 ctx_now={'engine': False, 'cache': True}[0m
[ 2026-09-03 19:16:00.425 | [33m[1mWARNING [0m | exo.worker.runner.supervisor:<lambda>:184 ] [33m[1mRunner stderr: [fence-gate-diag] SETTER key=engine ok=False tid=8273263424 ctx_now={'engine': False, 'cache': True}[0m
[ 2026-09-03 19:16:14.114 | [33m[1mWARNING [0m | exo.worker.runner.supervisor:<lambda>:184 ] [33m[1mRunner stderr: [fence-gate-diag] n=1000 FENCE_ASYNC=True engine=False cache=True cache_registered=True B=1 MAX_B=1 L=2048[0m
[ 2026-09-03 19:16:34.397 | [33m[1mWARNING [0m | exo.worker.runner.supervisor:<lambda>:184 ] [33m[1mRunner stderr: [fence-gate-diag] n=1200 FENCE_ASYNC=True engine=False cache=True cache_registered=True B=1 MAX_B=1 L=2048[0m
[ 2026-09-03 19:16:54.981 | [33m[1mWARNING [0m | exo.worker.runner.supervisor:<lambda>:184 ] [33m[1mRunner stderr: [fence-gate-diag] n=1400 FENCE_ASYNC=True engine=False cache=True cache_registered=True B=1 MAX_B=1 L=2048[0m
[ 2026-09-03 19:17:15.706 | [33m[1mWARNING [0m | exo.worker.runner.supervisor:<lambda>:184 ] [33m[1mRunner stderr: [fence-gate-diag] n=1600 FENCE_ASYNC=True engine=False cache=True cache_registered=True B=1 MAX_B=1 L=2048[0m
[ 2026-09-03 19:17:36.278 | [33m[1mWARNING [0m | exo.worker.runner.supervisor:<lambda>:184 ] [33m[1mRunner stderr: [fence-gate-diag] n=1800 FENCE_ASYNC=True engine=False cache=True cache_registered=True B=1 MAX_B=1 L=2048[0m
[ 2026-09-03 19:17:57.491 | [33m[1mWARNING [0m | exo.worker.runner.supervisor:<lambda>:184 ] [33m[1mRunner stderr: [fence-gate-diag] n=2000 FENCE_ASYNC=True engine=False cache=True cache_registered=True B=1 MAX_B=1 L=2048[0m
[ 2026-09-03 19:18:15.525 | [33m[1mWARNING [0m | exo.worker.runner.supervisor:<lambda>:184 ] [33m[1mRunner stderr: [fence-gate-diag] n=2200 FENCE_ASYNC=True engine=False cache=True cache_registered=True B=1 MAX_B=1 L=1[0m
[ 2026-09-03 19:18:16.332 | [33m[1mWARNING [0m | exo.worker.runner.supervisor:<lambda>:184 ] [33m[1mRunner stderr: [fence-gate-diag] SETTER key=cache ok=False tid=8273263424 ctx_now={'engine': False, 'cache': False}[0m
[ 2026-09-03 19:18:16.404 | [33m[1mWARNING [0m | exo.worker.runner.supervisor:<lambda>:184 ] [33m[1mRunner stderr: [fence-gate-diag] SETTER key=cache ok=False tid=8273263424 ctx_now={'engine': False, 'cache': False}[0m
[ 2026-09-03 19:18:16.405 | [33m[1mWARNING [0m | exo.worker.runner.supervisor:<lambda>:184 ] [33m[1mRunner stderr: [fence-gate-diag] SETTER key=cache ok=True tid=8273263424 ctx_now={'engine': False, 'cache': True}[0m
[ 2026-09-03 19:18:16.442 | [33m[1mWARNING [0m | exo.worker.runner.supervisor:<lambda>:184 ] [33m[1mRunner stderr: [fence-gate-diag] SETTER key=engine ok=True tid=8273263424 ctx_now={'engine': True, 'cache': True}[0m
[ 2026-09-03 19:18:16.485 | [33m[1mWARNING [0m | exo.worker.runner.supervisor:<lambda>:184 ] [33m[1mRunner stderr: [BG_DECODE_PROBE pid=73495] step=112 wall_ms=11746.09 gpu_ms=8111.63 gpu_pct=69.1[0m
[ 2026-09-03 19:18:16.554 | [33m[1mWARNING [0m | exo.worker.runner.supervisor:<lambda>:184 ] [33m[1mRunner stderr: [fence-gate-diag] SETTER key=cache ok=True tid=8273263424 ctx_now={'engine': True, 'cache': True}[0m
[ 2026-09-03 19:18:16.679 | [33m[1mWARNING [0m | exo.worker.runner.supervisor:<lambda>:184 ] [33m[1mRunner stderr: [fence-gate-diag] SETTER key=cache ok=False tid=8273263424 ctx_now={'engine': True, 'cache': False}[0m
[ 2026-09-03 19:18:16.680 | [33m[1mWARNING [0m | exo.worker.runner.supervisor:<lambda>:184 ] [33m[1mRunner stderr: [fence-gate-diag] SETTER key=cache ok=True tid=8273263424 ctx_now={'engine': True, 'cache': True}[0m
[ 2026-09-03 19:18:16.683 | [33m[1mWARNING [0m | exo.worker.runner.supervisor:<lambda>:184 ] [33m[1mRunner stderr: [fence-gate-diag] SETTER key=cache ok=True tid=8273263424 ctx_now={'engine': True, 'cache': True}[0m
[ 2026-09-03 19:18:16.729 | [33m[1mWARNING [0m | exo.worker.runner.supervisor:<lambda>:184 ] [33m[1mRunner stderr: [fence-gate-diag] SETTER key=cache ok=True tid=8273263424 ctx_now={'engine': True, 'cache': True}[0m
[ 2026-09-03 19:18:16.790 | [33m[1mWARNING [0m | exo.worker.runner.supervisor:<lambda>:184 ] [33m[1mRunner stderr: [fence-gate-diag] SETTER key=cache ok=True tid=8273263424 ctx_now={'engine': True, 'cache': True}[0m
[fence-gate-diag] SETTER key=cache ok=True tid=8273263424 ctx_now={'engine': True, 'cache': True}
[fence-gate-diag] SETTER key=cache ok=True tid=8273263424 ctx_now={'engine': True, 'cache': True}
[fence-gate-diag] SETTER key=cache ok=True tid=8273263424 ctx_now={'engine': True, 'cache': True}
[fence-gate-diag] SETTER key=cache ok=True tid=8273263424 ctx_now={'engine': True, 'cache': True}[0m
[ 2026-09-03 19:18:57.273 | [33m[1mWARNING [0m | exo.worker.runner.supervisor:<lambda>:184 ] [33m[1mRunner stderr: *** ALLSUM IDENTITY PROBE ACTIVE — output is NUMERICALLY WRONG; timing probe only; unset EXO_DSV4_ALLSUM_IDENTITY_PROBE ***[0m
[ 2026-09-03 19:18:57.273 | [33m[1mWARNING [0m | exo.worker.runner.supervisor:<lambda>:184 ] [33m[1mRunner stderr: [fence-gate-diag] n=1 FENCE_ASYNC=True engine=False cache=False cache_registered=True B=1 MAX_B=1 L=13[0m
[ 2026-09-03 19:18:57.299 | [33m[1mWARNING [0m | exo.worker.runner.supervisor:<lambda>:184 ] [33m[1mRunner stderr: [fence-gate-diag] n=2 FENCE_ASYNC=True engine=False cache=False cache_registered=True B=1 MAX_B=1 L=13[0m
[ 2026-09-03 19:18:57.312 | [33m[1mWARNING [0m | exo.worker.runner.supervisor:<lambda>:184 ] [33m[1mRunner stderr: [fence-gate-diag] n=3 FENCE_ASYNC=True engine=False cache=False cache_registered=True B=1 MAX_B=1 L=13[0m
[ 2026-09-03 19:18:57.328 | [33m[1mWARNING [0m | exo.worker.runner.supervisor:<lambda>:184 ] [33m[1mRunner stderr: [fence-gate-diag] n=4 FENCE_ASYNC=True engine=False cache=False cache_registered=True B=1 MAX_B=1 L=13[0m
[ 2026-09-03 19:18:57.343 | [33m[1mWARNING [0m | exo.worker.runner.supervisor:<lambda>:184 ] [33m[1mRunner stderr: [fence-gate-diag] n=5 FENCE_ASYNC=True engine=False cache=False cache_registered=True B=1 MAX_B=1 L=13[0m
[ 2026-09-03 19:18:57.357 | [33m[1mWARNING [0m | exo.worker.runner.supervisor:<lambda>:184 ] [33m[1mRunner stderr: [fence-gate-diag] n=6 FENCE_ASYNC=True engine=False cache=False cache_registered=True B=1 MAX_B=1 L=13[0m
[ 2026-09-03 19:18:57.371 | [33m[1mWARNING [0m | exo.worker.runner.supervisor:<lambda>:184 ] [33m[1mRunner stderr: [fence-gate-diag] n=7 FENCE_ASYNC=True engine=False cache=False cache_registered=True B=1 MAX_B=1 L=13[0m
[ 2026-09-03 19:18:57.384 | [33m[1mWARNING [0m | exo.worker.runner.supervisor:<lambda>:184 ] [33m[1mRunner stderr: [fence-gate-diag] n=8 FENCE_ASYNC=True engine=False cache=False cache_registered=True B=1 MAX_B=1 L=13[0m
[ 2026-09-03 19:18:57.397 | [33m[1mWARNING [0m | exo.worker.runner.supervisor:<lambda>:184 ] [33m[1mRunner stderr: [fence-gate-diag] n=9 FENCE_ASYNC=True engine=False cache=False cache_registered=True B=1 MAX_B=1 L=13[0m
[ 2026-09-03 19:18:57.411 | [33m[1mWARNING [0m | exo.worker.runner.supervisor:<lambda>:184 ] [33m[1mRunner stderr: [fence-gate-diag] n=10 FENCE_ASYNC=True engine=False cache=False cache_registered=True B=1 MAX_B=1 L=13[0m
[ 2026-09-03 19:18:57.424 | [33m[1mWARNING [0m | exo.worker.runner.supervisor:<lambda>:184 ] [33m[1mRunner stderr: [fence-gate-diag] n=11 FENCE_ASYNC=True engine=False cache=False cache_registered=True B=1 MAX_B=1 L=13[0m
[ 2026-09-03 19:18:57.438 | [33m[1mWARNING [0m | exo.worker.runner.supervisor:<lambda>:184 ] [33m[1mRunner stderr: [fence-gate-diag] n=12 FENCE_ASYNC=True engine=False cache=False cache_registered=True B=1 MAX_B=1 L=13[0m
[ 2026-09-03 19:18:57.452 | [33m[1mWARNING [0m | exo.worker.runner.supervisor:<lambda>:184 ] [33m[1mRunner stderr: [fence-gate-diag] n=13 FENCE_ASYNC=True engine=False cache=False cache_registered=True B=1 MAX_B=1 L=13[0m
[ 2026-09-03 19:18:57.467 | [33m[1mWARNING [0m | exo.worker.runner.supervisor:<lambda>:184 ] [33m[1mRunner stderr: [fence-gate-diag] n=14 FENCE_ASYNC=True engine=False cache=False cache_registered=True B=1 MAX_B=1 L=13[0m
[ 2026-09-03 19:18:57.485 | [33m[1mWARNING [0m | exo.worker.runner.supervisor:<lambda>:184 ] [33m[1mRunner stderr: [fence-gate-diag] n=15 FENCE_ASYNC=True engine=False cache=False cache_registered=True B=1 MAX_B=1 L=13[0m
[ 2026-09-03 19:18:57.505 | [33m[1mWARNING [0m | exo.worker.runner.supervisor:<lambda>:184 ] [33m[1mRunner stderr: [fence-gate-diag] n=16 FENCE_ASYNC=True engine=False cache=False cache_registered=True B=1 MAX_B=1 L=13[0m
[ 2026-09-03 19:18:57.519 | [33m[1mWARNING [0m | exo.worker.runner.supervisor:<lambda>:184 ] [33m[1mRunner stderr: [fence-gate-diag] n=17 FENCE_ASYNC=True engine=False cache=False cache_registered=True B=1 MAX_B=1 L=13[0m
[ 2026-09-03 19:18:57.533 | [33m[1mWARNING [0m | exo.worker.runner.supervisor:<lambda>:184 ] [33m[1mRunner stderr: [fence-gate-diag] n=18 FENCE_ASYNC=True engine=False cache=False cache_registered=True B=1 MAX_B=1 L=13[0m
[ 2026-09-03 19:18:57.548 | [33m[1mWARNING [0m | exo.worker.runner.supervisor:<lambda>:184 ] [33m[1mRunner stderr: [fence-gate-diag] n=19 FENCE_ASYNC=True engine=False cache=False cache_registered=True B=1 MAX_B=1 L=13[0m
[ 2026-09-03 19:18:57.562 | [33m[1mWARNING [0m | exo.worker.runner.supervisor:<lambda>:184 ] [33m[1mRunner stderr: [fence-gate-diag] n=20 FENCE_ASYNC=True engine=False cache=False cache_registered=True B=1 MAX_B=1 L=13[0m
[ 2026-09-03 19:18:57.724 | [33m[1mWARNING [0m | exo.worker.runner.supervisor:<lambda>:184 ] [33m[1mRunner stderr: [fence-gate-diag] n=21 FENCE_ASYNC=True engine=False cache=False cache_registered=True B=1 MAX_B=1 L=13[0m
[ 2026-09-03 19:18:57.894 | [33m[1mWARNING [0m | exo.worker.runner.supervisor:<lambda>:184 ] [33m[1mRunner stderr: [fence-gate-diag] n=22 FENCE_ASYNC=True engine=False cache=False cache_registered=True B=1 MAX_B=1 L=13[0m
[ 2026-09-03 19:18:58.070 | [33m[1mWARNING [0m | exo.worker.runner.supervisor:<lambda>:184 ] [33m[1mRunner stderr: [fence-gate-diag] n=23 FENCE_ASYNC=True engine=False cache=False cache_registered=True B=1 MAX_B=1 L=13[0m
[ 2026-09-03 19:18:58.270 | [33m[1mWARNING [0m | exo.worker.runner.supervisor:<lambda>:184 ] [33m[1mRunner stderr: [fence-gate-diag] n=24 FENCE_ASYNC=True engine=False cache=False cache_registered=True B=1 MAX_B=1 L=13[0m
[ 2026-09-03 19:18:58.498 | [33m[1mWARNING [0m | exo.worker.runner.supervisor:<lambda>:184 ] [33m[1mRunner stderr: [fence-gate-diag] n=25 FENCE_ASYNC=True engine=False cache=False cache_registered=True B=1 MAX_B=1 L=13[0m
[ 2026-09-03 19:18:58.727 | [33m[1mWARNING [0m | exo.worker.runner.supervisor:<lambda>:184 ] [33m[1mRunner stderr: [fence-gate-diag] n=26 FENCE_ASYNC=True engine=False cache=False cache_registered=True B=1 MAX_B=1 L=13[0m
[ 2026-09-03 19:18:58.914 | [33m[1mWARNING [0m | exo.worker.runner.supervisor:<lambda>:184 ] [33m[1mRunner stderr: [fence-gate-diag] n=27 FENCE_ASYNC=True engine=False cache=False cache_registered=True B=1 MAX_B=1 L=13[0m
[ 2026-09-03 19:18:59.100 | [33m[1mWARNING [0m | exo.worker.runner.supervisor:<lambda>:184 ] [33m[1mRunner stderr: [fence-gate-diag] n=28 FENCE_ASYNC=True engine=False cache=False cache_registered=True B=1 MAX_B=1 L=13[0m
[ 2026-09-03 19:18:59.308 | [33m[1mWARNING [0m | exo.worker.runner.supervisor:<lambda>:184 ] [33m[1mRunner stderr: [fence-gate-diag] n=29 FENCE_ASYNC=True engine=False cache=False cache_registered=True B=1 MAX_B=1 L=13[0m
[ 2026-09-03 19:18:59.500 | [33m[1mWARNING [0m | exo.worker.runner.supervisor:<lambda>:184 ] [33m[1mRunner stderr: [fence-gate-diag] n=30 FENCE_ASYNC=True engine=False cache=False cache_registered=True B=1 MAX_B=1 L=13[0m
[ 2026-09-03 19:19:02.808 | [33m[1mWARNING [0m | exo.worker.runner.supervisor:<lambda>:184 ] [33m[1mRunner stderr: [fence-gate-diag] n=200 FENCE_ASYNC=True engine=False cache=False cache_registered=True B=1 MAX_B=1 L=1[0m
