[ 2026-09-03 18:43:31.982 | [33m[1mWARNING [0m | exo.worker.runner.supervisor:<lambda>:184 ] [33m[1mRunner stderr: [ALLSUM-PROBE pid=52670] cycles=20 window=20 fence_layers=43[0m
[ 2026-09-03 18:43:31.982 | [33m[1mWARNING [0m | exo.worker.runner.supervisor:<lambda>:184 ] [33m[1mRunner stderr: [ALLSUM-PROBE pid=52670]   layer=  0 n=  20 mean= 5.197ms min= 1.136ms p50= 1.992ms p99=36.579ms max=36.579ms[0m
[ 2026-09-03 18:43:31.982 | [33m[1mWARNING [0m | exo.worker.runner.supervisor:<lambda>:184 ] [33m[1mRunner stderr: [ALLSUM-PROBE pid=52670]   layer=  1 n=  20 mean= 2.273ms min= 0.827ms p50= 0.916ms p99=14.575ms max=14.575ms[0m
[ 2026-09-03 18:43:31.982 | [33m[1mWARNING [0m | exo.worker.runner.supervisor:<lambda>:184 ] [33m[1mRunner stderr: [ALLSUM-PROBE pid=52670]   layer=  2 n=  20 mean= 3.620ms min= 0.832ms p50= 1.009ms p99=31.623ms max=31.623ms[0m
[ 2026-09-03 18:43:31.982 | [33m[1mWARNING [0m | exo.worker.runner.supervisor:<lambda>:184 ] [33m[1mRunner stderr: [ALLSUM-PROBE pid=52670]   layer=  3 n=  20 mean= 2.379ms min= 0.832ms p50= 0.919ms p99=15.741ms max=15.741ms[0m
[ 2026-09-03 18:43:31.983 | [33m[1mWARNING [0m | exo.worker.runner.supervisor:<lambda>:184 ] [33m[1mRunner stderr: [ALLSUM-PROBE pid=52670]   layer=  4 n=  20 mean= 2.361ms min= 0.837ms p50= 0.996ms p99=14.731ms max=14.731ms[0m
[ 2026-09-03 18:43:31.983 | [33m[1mWARNING [0m | exo.worker.runner.supervisor:<lambda>:184 ] [33m[1mRunner stderr: [ALLSUM-PROBE pid=52670]   layer=  5 n=  20 mean= 2.307ms min= 0.828ms p50= 0.921ms p99=14.531ms max=14.531ms[0m
[ 2026-09-03 18:43:31.983 | [33m[1mWARNING [0m | exo.worker.runner.supervisor:<lambda>:184 ] [33m[1mRunner stderr: [ALLSUM-PROBE pid=52670]   layer=  6 n=  20 mean= 2.370ms min= 0.840ms p50= 0.992ms p99=15.084ms max=15.084ms[0m
[ 2026-09-03 18:43:31.983 | [33m[1mWARNING [0m | exo.worker.runner.supervisor:<lambda>:184 ] [33m[1mRunner stderr: [ALLSUM-PROBE pid=52670]   layer=  7 n=  20 mean= 2.321ms min= 0.824ms p50= 0.985ms p99=14.860ms max=14.860ms[0m
[ 2026-09-03 18:43:31.983 | [33m[1mWARNING [0m | exo.worker.runner.supervisor:<lambda>:184 ] [33m[1mRunner stderr: [ALLSUM-PROBE pid=52670]   layer=  8 n=  20 mean= 2.376ms min= 0.840ms p50= 0.990ms p99=15.447ms max=15.447ms[0m
[ 2026-09-03 18:43:31.983 | [33m[1mWARNING [0m | exo.worker.runner.supervisor:<lambda>:184 ] [33m[1mRunner stderr: [ALLSUM-PROBE pid=52670]   layer=  9 n=  20 mean= 2.359ms min= 0.827ms p50= 0.913ms p99=15.640ms max=15.640ms[0m
[ 2026-09-03 18:43:31.983 | [33m[1mWARNING [0m | exo.worker.runner.supervisor:<lambda>:184 ] [33m[1mRunner stderr: [ALLSUM-PROBE pid=52670]   layer= 10 n=  20 mean= 2.433ms min= 0.911ms p50= 0.998ms p99=15.859ms max=15.859ms[0m
[ 2026-09-03 18:43:31.983 | [33m[1mWARNING [0m | exo.worker.runner.supervisor:<lambda>:184 ] [33m[1mRunner stderr: [ALLSUM-PROBE pid=52670]   layer= 11 n=  20 mean= 2.360ms min= 0.831ms p50= 0.913ms p99=15.220ms max=15.220ms[0m
[ 2026-09-03 18:43:31.983 | [33m[1mWARNING [0m | exo.worker.runner.supervisor:<lambda>:184 ] [33m[1mRunner stderr: [ALLSUM-PROBE pid=52670]   layer= 12 n=  20 mean= 2.873ms min= 0.831ms p50= 0.998ms p99=22.338ms max=22.338ms[0m
[ 2026-09-03 18:43:31.983 | [33m[1mWARNING [0m | exo.worker.runner.supervisor:<lambda>:184 ] [33m[1mRunner stderr: [ALLSUM-PROBE pid=52670]   layer= 13 n=  20 mean= 2.614ms min= 0.849ms p50= 0.915ms p99=18.284ms max=18.284ms[0m
[ 2026-09-03 18:43:31.983 | [33m[1mWARNING [0m | exo.worker.runner.supervisor:<lambda>:184 ] [33m[1mRunner stderr: [ALLSUM-PROBE pid=52670]   layer= 14 n=  20 mean= 2.384ms min= 0.830ms p50= 0.998ms p99=15.308ms max=15.308ms[0m
[ 2026-09-03 18:43:31.983 | [33m[1mWARNING [0m | exo.worker.runner.supervisor:<lambda>:184 ] [33m[1mRunner stderr: [ALLSUM-PROBE pid=52670]   layer= 15 n=  20 mean= 3.250ms min= 0.830ms p50= 0.984ms p99=32.690ms max=32.690ms[0m
[ 2026-09-03 18:43:31.983 | [33m[1mWARNING [0m | exo.worker.runner.supervisor:<lambda>:184 ] [33m[1mRunner stderr: [ALLSUM-PROBE pid=52670]   layer= 16 n=  20 mean= 3.360ms min= 0.843ms p50= 0.993ms p99=31.029ms max=31.029ms[0m
[ 2026-09-03 18:43:31.983 | [33m[1mWARNING [0m | exo.worker.runner.supervisor:<lambda>:184 ] [33m[1mRunner stderr: [ALLSUM-PROBE pid=52670]   layer= 17 n=  20 mean= 2.714ms min= 0.821ms p50= 0.917ms p99=19.151ms max=19.151ms[0m
[ 2026-09-03 18:43:31.983 | [33m[1mWARNING [0m | exo.worker.runner.supervisor:<lambda>:184 ] [33m[1mRunner stderr: [ALLSUM-PROBE pid=52670]   layer= 18 n=  20 mean= 2.410ms min= 0.914ms p50= 0.989ms p99=15.547ms max=15.547ms[0m
[ 2026-09-03 18:43:31.983 | [33m[1mWARNING [0m | exo.worker.runner.supervisor:<lambda>:184 ] [33m[1mRunner stderr: [ALLSUM-PROBE pid=52670]   layer= 19 n=  20 mean=10.191ms min= 0.824ms p50= 0.915ms p99=168.376ms max=168.376ms[0m
[ 2026-09-03 18:43:31.983 | [33m[1mWARNING [0m | exo.worker.runner.supervisor:<lambda>:184 ] [33m[1mRunner stderr: [ALLSUM-PROBE pid=52670]   layer= 20 n=  20 mean=11.178ms min= 0.835ms p50= 1.050ms p99=187.440ms max=187.440ms[0m
[ 2026-09-03 18:43:31.983 | [33m[1mWARNING [0m | exo.worker.runner.supervisor:<lambda>:184 ] [33m[1mRunner stderr: [ALLSUM-PROBE pid=52670]   layer= 21 n=  20 mean=11.467ms min= 0.833ms p50= 0.923ms p99=194.043ms max=194.043ms[0m
[ 2026-09-03 18:43:31.983 | [33m[1mWARNING [0m | exo.worker.runner.supervisor:<lambda>:184 ] [33m[1mRunner stderr: [ALLSUM-PROBE pid=52670]   layer= 22 n=  20 mean=11.707ms min= 0.832ms p50= 0.994ms p99=198.067ms max=198.067ms[0m
[ 2026-09-03 18:43:31.983 | [33m[1mWARNING [0m | exo.worker.runner.supervisor:<lambda>:184 ] [33m[1mRunner stderr: [ALLSUM-PROBE pid=52670]   layer= 23 n=  20 mean=13.060ms min= 0.905ms p50= 0.984ms p99=226.352ms max=226.352ms[0m
[ 2026-09-03 18:43:31.983 | [33m[1mWARNING [0m | exo.worker.runner.supervisor:<lambda>:184 ] [33m[1mRunner stderr: [ALLSUM-PROBE pid=52670]   layer= 24 n=  20 mean=12.877ms min= 0.831ms p50= 0.992ms p99=221.846ms max=221.846ms[0m
[ 2026-09-03 18:43:31.983 | [33m[1mWARNING [0m | exo.worker.runner.supervisor:<lambda>:184 ] [33m[1mRunner stderr: [ALLSUM-PROBE pid=52670]   layer= 25 n=  20 mean=11.858ms min= 0.832ms p50= 0.910ms p99=202.780ms max=202.780ms[0m
[ 2026-09-03 18:43:31.983 | [33m[1mWARNING [0m | exo.worker.runner.supervisor:<lambda>:184 ] [33m[1mRunner stderr: [ALLSUM-PROBE pid=52670]   layer= 26 n=  20 mean=11.801ms min= 0.839ms p50= 0.987ms p99=200.138ms max=200.138ms[0m
[ 2026-09-03 18:43:31.983 | [33m[1mWARNING [0m | exo.worker.runner.supervisor:<lambda>:184 ] [33m[1mRunner stderr: [ALLSUM-PROBE pid=52670]   layer= 27 n=  20 mean=12.084ms min= 0.826ms p50= 0.916ms p99=200.856ms max=200.856ms[0m
[ 2026-09-03 18:43:31.983 | [33m[1mWARNING [0m | exo.worker.runner.supervisor:<lambda>:184 ] [33m[1mRunner stderr: [ALLSUM-PROBE pid=52670]   layer= 28 n=  20 mean=11.889ms min= 0.835ms p50= 0.991ms p99=201.678ms max=201.678ms[0m
[ 2026-09-03 18:43:31.983 | [33m[1mWARNING [0m | exo.worker.runner.supervisor:<lambda>:184 ] [33m[1mRunner stderr: [ALLSUM-PROBE pid=52670]   layer= 29 n=  20 mean=12.539ms min= 0.829ms p50= 0.986ms p99=202.903ms max=202.903ms[0m
[ 2026-09-03 18:43:31.984 | [33m[1mWARNING [0m | exo.worker.runner.supervisor:<lambda>:184 ] [33m[1mRunner stderr: [ALLSUM-PROBE pid=52670]   layer= 30 n=  20 mean=12.549ms min= 0.835ms p50= 1.006ms p99=214.534ms max=214.534ms[0m
[ 2026-09-03 18:43:31.984 | [33m[1mWARNING [0m | exo.worker.runner.supervisor:<lambda>:184 ] [33m[1mRunner stderr: [ALLSUM-PROBE pid=52670]   layer= 31 n=  20 mean=11.803ms min= 0.827ms p50= 0.987ms p99=200.742ms max=200.742ms[0m
[ 2026-09-03 18:43:31.984 | [33m[1mWARNING [0m | exo.worker.runner.supervisor:<lambda>:184 ] [33m[1mRunner stderr: [ALLSUM-PROBE pid=52670]   layer= 32 n=  20 mean=12.240ms min= 0.848ms p50= 0.995ms p99=209.244ms max=209.244ms[0m
[ 2026-09-03 18:43:31.984 | [33m[1mWARNING [0m | exo.worker.runner.supervisor:<lambda>:184 ] [33m[1mRunner stderr: [ALLSUM-PROBE pid=52670]   layer= 33 n=  20 mean=12.250ms min= 0.835ms p50= 0.987ms p99=209.679ms max=209.679ms[0m
[ 2026-09-03 18:43:31.984 | [33m[1mWARNING [0m | exo.worker.runner.supervisor:<lambda>:184 ] [33m[1mRunner stderr: [ALLSUM-PROBE pid=52670]   layer= 34 n=  20 mean=12.284ms min= 0.911ms p50= 0.990ms p99=208.925ms max=208.925ms[0m
[ 2026-09-03 18:43:31.984 | [33m[1mWARNING [0m | exo.worker.runner.supervisor:<lambda>:184 ] [33m[1mRunner stderr: [ALLSUM-PROBE pid=52670]   layer= 35 n=  20 mean=12.146ms min= 0.829ms p50= 0.911ms p99=207.094ms max=207.094ms[0m
[ 2026-09-03 18:43:31.984 | [33m[1mWARNING [0m | exo.worker.runner.supervisor:<lambda>:184 ] [33m[1mRunner stderr: [ALLSUM-PROBE pid=52670]   layer= 36 n=  20 mean=11.923ms min= 0.840ms p50= 0.995ms p99=201.669ms max=201.669ms[0m
[ 2026-09-03 18:43:31.984 | [33m[1mWARNING [0m | exo.worker.runner.supervisor:<lambda>:184 ] [33m[1mRunner stderr: [ALLSUM-PROBE pid=52670]   layer= 37 n=  20 mean=11.819ms min= 0.904ms p50= 0.924ms p99=200.549ms max=200.549ms[0m
[ 2026-09-03 18:43:31.984 | [33m[1mWARNING [0m | exo.worker.runner.supervisor:<lambda>:184 ] [33m[1mRunner stderr: [ALLSUM-PROBE pid=52670]   layer= 38 n=  20 mean=11.670ms min= 0.834ms p50= 0.995ms p99=207.492ms max=207.492ms[0m
[ 2026-09-03 18:43:31.984 | [33m[1mWARNING [0m | exo.worker.runner.supervisor:<lambda>:184 ] [33m[1mRunner stderr: [ALLSUM-PROBE pid=52670]   layer= 39 n=  20 mean=11.497ms min= 0.825ms p50= 0.910ms p99=211.599ms max=211.599ms[0m
[ 2026-09-03 18:43:31.984 | [33m[1mWARNING [0m | exo.worker.runner.supervisor:<lambda>:184 ] [33m[1mRunner stderr: [ALLSUM-PROBE pid=52670]   layer= 40 n=  20 mean= 3.193ms min= 0.857ms p50= 1.005ms p99=44.499ms max=44.499ms[0m
[ 2026-09-03 18:43:31.984 | [33m[1mWARNING [0m | exo.worker.runner.supervisor:<lambda>:184 ] [33m[1mRunner stderr: [ALLSUM-PROBE pid=52670]   layer= 41 n=  20 mean= 2.563ms min= 0.825ms p50= 0.913ms p99=33.159ms max=33.159ms[0m
[ 2026-09-03 18:43:31.984 | [33m[1mWARNING [0m | exo.worker.runner.supervisor:<lambda>:184 ] [33m[1mRunner stderr: [ALLSUM-PROBE pid=52670]   layer= 42 n=  20 mean= 2.274ms min= 0.835ms p50= 0.995ms p99=26.392ms max=26.392ms[0m
[ 2026-09-03 18:43:32.906 | [33m[1mWARNING [0m | exo.worker.runner.supervisor:<lambda>:184 ] [33m[1mRunner stderr: [ALLSUM-PROBE pid=52670] cycles=40 window=20 fence_layers=43[0m
[ 2026-09-03 18:43:32.907 | [33m[1mWARNING [0m | exo.worker.runner.supervisor:<lambda>:184 ] [33m[1mRunner stderr: [ALLSUM-PROBE pid=52670]   layer=  0 n=  20 mean= 1.974ms min= 1.799ms p50= 1.982ms p99= 2.060ms max= 2.060ms[0m
[ 2026-09-03 18:43:32.907 | [33m[1mWARNING [0m | exo.worker.runner.supervisor:<lambda>:184 ] [33m[1mRunner stderr: [ALLSUM-PROBE pid=52670]   layer=  1 n=  20 mean= 0.912ms min= 0.834ms p50= 0.911ms p99= 1.074ms max= 1.074ms[0m
[ 2026-09-03 18:43:32.907 | [33m[1mWARNING [0m | exo.worker.runner.supervisor:<lambda>:184 ] [33m[1mRunner stderr: [ALLSUM-PROBE pid=52670]   layer=  2 n=  20 mean= 0.975ms min= 0.875ms p50= 0.919ms p99= 1.165ms max= 1.165ms[0m
[ 2026-09-03 18:43:32.907 | [33m[1mWARNING [0m | exo.worker.runner.supervisor:<lambda>:184 ] [33m[1mRunner stderr: [ALLSUM-PROBE pid=52670]   layer=  3 n=  20 mean= 0.912ms min= 0.832ms p50= 0.908ms p99= 0.990ms max= 0.990ms[0m
[ 2026-09-03 18:43:32.907 | [33m[1mWARNING [0m | exo.worker.runner.supervisor:<lambda>:184 ] [33m[1mRunner stderr: [ALLSUM-PROBE pid=52670]   layer=  4 n=  20 mean= 0.984ms min= 0.846ms p50= 0.927ms p99= 1.139ms max= 1.139ms[0m
[ 2026-09-03 18:43:32.907 | [33m[1mWARNING [0m | exo.worker.runner.supervisor:<lambda>:184 ] [33m[1mRunner stderr: [ALLSUM-PROBE pid=52670]   layer=  5 n=  20 mean= 0.922ms min= 0.902ms p50= 0.911ms p99= 0.989ms max= 0.989ms[0m
[ 2026-09-03 18:43:32.907 | [33m[1mWARNING [0m | exo.worker.runner.supervisor:<lambda>:184 ] [33m[1mRunner stderr: [ALLSUM-PROBE pid=52670]   layer=  6 n=  20 mean= 0.979ms min= 0.832ms p50= 0.925ms p99= 1.142ms max= 1.142ms[0m
[ 2026-09-03 18:43:32.907 | [33m[1mWARNING [0m | exo.worker.runner.supervisor:<lambda>:184 ] [33m[1mRunner stderr: [ALLSUM-PROBE pid=52670]   layer=  7 n=  20 mean= 0.913ms min= 0.838ms p50= 0.909ms p99= 1.065ms max= 1.065ms[0m
[ 2026-09-03 18:43:32.907 | [33m[1mWARNING [0m | exo.worker.runner.supervisor:<lambda>:184 ] [33m[1mRunner stderr: [ALLSUM-PROBE pid=52670]   layer=  8 n=  20 mean= 0.980ms min= 0.854ms p50= 0.929ms p99= 1.138ms max= 1.138ms[0m
[ 2026-09-03 18:43:32.907 | [33m[1mWARNING [0m | exo.worker.runner.supervisor:<lambda>:184 ] [33m[1mRunner stderr: [ALLSUM-PROBE pid=52670]   layer=  9 n=  20 mean= 0.926ms min= 0.901ms p50= 0.912ms p99= 1.138ms max= 1.138ms[0m
[ 2026-09-03 18:43:32.907 | [33m[1mWARNING [0m | exo.worker.runner.supervisor:<lambda>:184 ] [33m[1mRunner stderr: [ALLSUM-PROBE pid=52670]   layer= 10 n=  20 mean= 0.965ms min= 0.847ms p50= 0.920ms p99= 1.136ms max= 1.136ms[0m
[ 2026-09-03 18:43:32.907 | [33m[1mWARNING [0m | exo.worker.runner.supervisor:<lambda>:184 ] [33m[1mRunner stderr: [ALLSUM-PROBE pid=52670]   layer= 11 n=  20 mean= 0.941ms min= 0.904ms p50= 0.910ms p99= 1.070ms max= 1.070ms[0m
[ 2026-09-03 18:43:32.907 | [33m[1mWARNING [0m | exo.worker.runner.supervisor:<lambda>:184 ] [33m[1mRunner stderr: [ALLSUM-PROBE pid=52670]   layer= 12 n=  20 mean= 0.995ms min= 0.913ms p50= 0.997ms p99= 1.140ms max= 1.140ms[0m
[ 2026-09-03 18:43:32.907 | [33m[1mWARNING [0m | exo.worker.runner.supervisor:<lambda>:184 ] [33m[1mRunner stderr: [ALLSUM-PROBE pid=52670]   layer= 13 n=  20 mean= 0.918ms min= 0.830ms p50= 0.906ms p99= 1.063ms max= 1.063ms[0m
[ 2026-09-03 18:43:32.907 | [33m[1mWARNING [0m | exo.worker.runner.supervisor:<lambda>:184 ] [33m[1mRunner stderr: [ALLSUM-PROBE pid=52670]   layer= 14 n=  20 mean= 0.990ms min= 0.910ms p50= 0.921ms p99= 1.214ms max= 1.214ms[0m
[ 2026-09-03 18:43:32.907 | [33m[1mWARNING [0m | exo.worker.runner.supervisor:<lambda>:184 ] [33m[1mRunner stderr: [ALLSUM-PROBE pid=52670]   layer= 15 n=  20 mean= 0.931ms min= 0.902ms p50= 0.908ms p99= 1.066ms max= 1.066ms[0m
[ 2026-09-03 18:43:32.907 | [33m[1mWARNING [0m | exo.worker.runner.supervisor:<lambda>:184 ] [33m[1mRunner stderr: [ALLSUM-PROBE pid=52670]   layer= 16 n=  20 mean= 0.987ms min= 0.840ms p50= 0.931ms p99= 1.209ms max= 1.209ms[0m
[ 2026-09-03 18:43:32.907 | [33m[1mWARNING [0m | exo.worker.runner.supervisor:<lambda>:184 ] [33m[1mRunner stderr: [ALLSUM-PROBE pid=52670]   layer= 17 n=  20 mean= 0.916ms min= 0.902ms p50= 0.908ms p99= 0.990ms max= 0.990ms[0m
[ 2026-09-03 18:43:32.907 | [33m[1mWARNING [0m | exo.worker.runner.supervisor:<lambda>:184 ] [33m[1mRunner stderr: [ALLSUM-PROBE pid=52670]   layer= 18 n=  20 mean= 0.982ms min= 0.913ms p50= 0.926ms p99= 1.137ms max= 1.137ms[0m
[ 2026-09-03 18:43:32.907 | [33m[1mWARNING [0m | exo.worker.runner.supervisor:<lambda>:184 ] [33m[1mRunner stderr: [ALLSUM-PROBE pid=52670]   layer= 19 n=  20 mean= 0.911ms min= 0.824ms p50= 0.907ms p99= 1.062ms max= 1.062ms[0m
[ 2026-09-03 18:43:32.907 | [33m[1mWARNING [0m | exo.worker.runner.supervisor:<lambda>:184 ] [33m[1mRunner stderr: [ALLSUM-PROBE pid=52670]   layer= 20 n=  20 mean= 0.976ms min= 0.865ms p50= 0.924ms p99= 1.209ms max= 1.209ms[0m
[ 2026-09-03 18:43:32.907 | [33m[1mWARNING [0m | exo.worker.runner.supervisor:<lambda>:184 ] [33m[1mRunner stderr: [ALLSUM-PROBE pid=52670]   layer= 21 n=  20 mean= 0.925ms min= 0.902ms p50= 0.908ms p99= 1.067ms max= 1.067ms[0m
[ 2026-09-03 18:43:32.907 | [33m[1mWARNING [0m | exo.worker.runner.supervisor:<lambda>:184 ] [33m[1mRunner stderr: [ALLSUM-PROBE pid=52670]   layer= 22 n=  20 mean= 0.989ms min= 0.835ms p50= 0.925ms p99= 1.133ms max= 1.133ms[0m
[ 2026-09-03 18:43:32.908 | [33m[1mWARNING [0m | exo.worker.runner.supervisor:<lambda>:184 ] [33m[1mRunner stderr: [ALLSUM-PROBE pid=52670]   layer= 23 n=  20 mean= 0.910ms min= 0.899ms p50= 0.909ms p99= 0.926ms max= 0.926ms[0m
[ 2026-09-03 18:43:32.908 | [33m[1mWARNING [0m | exo.worker.runner.supervisor:<lambda>:184 ] [33m[1mRunner stderr: [ALLSUM-PROBE pid=52670]   layer= 24 n=  20 mean= 0.988ms min= 0.836ms p50= 0.936ms p99= 1.217ms max= 1.217ms[0m
[ 2026-09-03 18:43:32.908 | [33m[1mWARNING [0m | exo.worker.runner.supervisor:<lambda>:184 ] [33m[1mRunner stderr: [ALLSUM-PROBE pid=52670]   layer= 25 n=  20 mean= 0.918ms min= 0.831ms p50= 0.910ms p99= 1.067ms max= 1.067ms[0m
[ 2026-09-03 18:43:32.908 | [33m[1mWARNING [0m | exo.worker.runner.supervisor:<lambda>:184 ] [33m[1mRunner stderr: [ALLSUM-PROBE pid=52670]   layer= 26 n=  20 mean= 0.970ms min= 0.913ms p50= 0.927ms p99= 1.138ms max= 1.138ms[0m
[ 2026-09-03 18:43:32.908 | [33m[1mWARNING [0m | exo.worker.runner.supervisor:<lambda>:184 ] [33m[1mRunner stderr: [ALLSUM-PROBE pid=52670]   layer= 27 n=  20 mean= 0.902ms min= 0.826ms p50= 0.910ms p99= 0.917ms max= 0.917ms[0m
[ 2026-09-03 18:43:32.908 | [33m[1mWARNING [0m | exo.worker.runner.supervisor:<lambda>:184 ] [33m[1mRunner stderr: [ALLSUM-PROBE pid=52670]   layer= 28 n=  20 mean= 0.982ms min= 0.845ms p50= 0.924ms p99= 1.205ms max= 1.205ms[0m
[ 2026-09-03 18:43:32.908 | [33m[1mWARNING [0m | exo.worker.runner.supervisor:<lambda>:184 ] [33m[1mRunner stderr: [ALLSUM-PROBE pid=52670]   layer= 29 n=  20 mean= 0.916ms min= 0.903ms p50= 0.908ms p99= 0.986ms max= 0.986ms[0m
[ 2026-09-03 18:43:32.908 | [33m[1mWARNING [0m | exo.worker.runner.supervisor:<lambda>:184 ] [33m[1mRunner stderr: [ALLSUM-PROBE pid=52670]   layer= 30 n=  20 mean= 1.004ms min= 0.911ms p50= 0.934ms p99= 1.221ms max= 1.221ms[0m
[ 2026-09-03 18:43:32.908 | [33m[1mWARNING [0m | exo.worker.runner.supervisor:<lambda>:184 ] [33m[1mRunner stderr: [ALLSUM-PROBE pid=52670]   layer= 31 n=  20 mean= 0.905ms min= 0.832ms p50= 0.908ms p99= 0.927ms max= 0.927ms[0m
[ 2026-09-03 18:43:32.908 | [33m[1mWARNING [0m | exo.worker.runner.supervisor:<lambda>:184 ] [33m[1mRunner stderr: [ALLSUM-PROBE pid=52670]   layer= 32 n=  20 mean= 0.992ms min= 0.912ms p50= 0.932ms p99= 1.158ms max= 1.158ms[0m
[ 2026-09-03 18:43:32.908 | [33m[1mWARNING [0m | exo.worker.runner.supervisor:<lambda>:184 ] [33m[1mRunner stderr: [ALLSUM-PROBE pid=52670]   layer= 33 n=  20 mean= 0.929ms min= 0.839ms p50= 0.909ms p99= 1.066ms max= 1.066ms[0m
[ 2026-09-03 18:43:32.908 | [33m[1mWARNING [0m | exo.worker.runner.supervisor:<lambda>:184 ] [33m[1mRunner stderr: [ALLSUM-PROBE pid=52670]   layer= 34 n=  20 mean= 0.975ms min= 0.913ms p50= 0.928ms p99= 1.136ms max= 1.136ms[0m
[ 2026-09-03 18:43:32.908 | [33m[1mWARNING [0m | exo.worker.runner.supervisor:<lambda>:184 ] [33m[1mRunner stderr: [ALLSUM-PROBE pid=52670]   layer= 35 n=  20 mean= 0.912ms min= 0.827ms p50= 0.907ms p99= 1.066ms max= 1.066ms[0m
[ 2026-09-03 18:43:32.908 | [33m[1mWARNING [0m | exo.worker.runner.supervisor:<lambda>:184 ] [33m[1mRunner stderr: [ALLSUM-PROBE pid=52670]   layer= 36 n=  20 mean= 1.014ms min= 0.912ms p50= 0.989ms p99= 1.285ms max= 1.285ms[0m
[ 2026-09-03 18:43:32.908 | [33m[1mWARNING [0m | exo.worker.runner.supervisor:<lambda>:184 ] [33m[1mRunner stderr: [ALLSUM-PROBE pid=52670]   layer= 37 n=  20 mean= 0.920ms min= 0.901ms p50= 0.909ms p99= 1.001ms max= 1.001ms[0m
[ 2026-09-03 18:43:32.908 | [33m[1mWARNING [0m | exo.worker.runner.supervisor:<lambda>:184 ] [33m[1mRunner stderr: [ALLSUM-PROBE pid=52670]   layer= 38 n=  20 mean= 0.978ms min= 0.910ms p50= 0.928ms p99= 1.142ms max= 1.142ms[0m
[ 2026-09-03 18:43:32.908 | [33m[1mWARNING [0m | exo.worker.runner.supervisor:<lambda>:184 ] [33m[1mRunner stderr: [ALLSUM-PROBE pid=52670]   layer= 39 n=  20 mean= 0.909ms min= 0.823ms p50= 0.909ms p99= 0.994ms max= 0.994ms[0m
[ 2026-09-03 18:43:32.908 | [33m[1mWARNING [0m | exo.worker.runner.supervisor:<lambda>:184 ] [33m[1mRunner stderr: [ALLSUM-PROBE pid=52670]   layer= 40 n=  20 mean= 0.989ms min= 0.853ms p50= 0.993ms p99= 1.144ms max= 1.144ms[0m
[ 2026-09-03 18:43:32.908 | [33m[1mWARNING [0m | exo.worker.runner.supervisor:<lambda>:184 ] [33m[1mRunner stderr: [ALLSUM-PROBE pid=52670]   layer= 41 n=  20 mean= 0.927ms min= 0.831ms p50= 0.910ms p99= 1.074ms max= 1.074ms[0m
[ 2026-09-03 18:43:32.908 | [33m[1mWARNING [0m | exo.worker.runner.supervisor:<lambda>:184 ] [33m[1mRunner stderr: [ALLSUM-PROBE pid=52670]   layer= 42 n=  20 mean= 0.982ms min= 0.912ms p50= 0.934ms p99= 1.276ms max= 1.276ms[0m
[ 2026-09-03 18:44:00.961 | [33m[1mWARNING [0m | exo.worker.runner.supervisor:<lambda>:184 ] [33m[1mRunner stderr: [fence-gate-diag] SETTER key=engine ok=False tid=8273263424 ctx_now={'engine': False, 'cache': False}[0m
[ 2026-09-03 18:44:24.609 | [33m[1mWARNING [0m | exo.worker.runner.supervisor:<lambda>:184 ] [33m[1mRunner stderr: [ALLSUM-PROBE pid=52670] cycles=60 window=20 fence_layers=43[0m
[ 2026-09-03 18:44:24.609 | [33m[1mWARNING [0m | exo.worker.runner.supervisor:<lambda>:184 ] [33m[1mRunner stderr: [ALLSUM-PROBE pid=52670]   layer=  0 n=  20 mean=43.558ms min= 1.820ms p50= 2.003ms p99=179.528ms max=179.528ms[0m
[ 2026-09-03 18:44:24.609 | [33m[1mWARNING [0m | exo.worker.runner.supervisor:<lambda>:184 ] [33m[1mRunner stderr: [ALLSUM-PROBE pid=52670]   layer=  1 n=  20 mean=36.436ms min= 0.828ms p50= 0.914ms p99=148.391ms max=148.391ms[0m
[ 2026-09-03 18:44:24.609 | [33m[1mWARNING [0m | exo.worker.runner.supervisor:<lambda>:184 ] [33m[1mRunner stderr: [ALLSUM-PROBE pid=52670]   layer=  2 n=  20 mean=33.551ms min= 0.910ms p50= 1.072ms p99=147.722ms max=147.722ms[0m
[ 2026-09-03 18:44:24.610 | [33m[1mWARNING [0m | exo.worker.runner.supervisor:<lambda>:184 ] [33m[1mRunner stderr: [ALLSUM-PROBE pid=52670]   layer=  3 n=  20 mean=22.096ms min= 0.832ms p50= 0.911ms p99=87.191ms max=87.191ms[0m
[ 2026-09-03 18:44:24.610 | [33m[1mWARNING [0m | exo.worker.runner.supervisor:<lambda>:184 ] [33m[1mRunner stderr: [ALLSUM-PROBE pid=52670]   layer=  4 n=  20 mean=29.361ms min= 0.837ms p50= 0.998ms p99=124.299ms max=124.299ms[0m
[ 2026-09-03 18:44:24.610 | [33m[1mWARNING [0m | exo.worker.runner.supervisor:<lambda>:184 ] [33m[1mRunner stderr: [ALLSUM-PROBE pid=52670]   layer=  5 n=  20 mean=22.753ms min= 0.897ms p50= 0.918ms p99=98.423ms max=98.423ms[0m
[ 2026-09-03 18:44:24.610 | [33m[1mWARNING [0m | exo.worker.runner.supervisor:<lambda>:184 ] [33m[1mRunner stderr: [ALLSUM-PROBE pid=52670]   layer=  6 n=  20 mean=28.614ms min= 0.837ms p50= 1.074ms p99=115.490ms max=115.490ms[0m
[ 2026-09-03 18:44:24.610 | [33m[1mWARNING [0m | exo.worker.runner.supervisor:<lambda>:184 ] [33m[1mRunner stderr: [ALLSUM-PROBE pid=52670]   layer=  7 n=  20 mean=22.185ms min= 0.836ms p50= 0.912ms p99=86.446ms max=86.446ms[0m
[ 2026-09-03 18:44:24.610 | [33m[1mWARNING [0m | exo.worker.runner.supervisor:<lambda>:184 ] [33m[1mRunner stderr: [ALLSUM-PROBE pid=52670]   layer=  8 n=  20 mean=30.281ms min= 0.836ms p50= 1.001ms p99=127.331ms max=127.331ms[0m
[ 2026-09-03 18:44:24.610 | [33m[1mWARNING [0m | exo.worker.runner.supervisor:<lambda>:184 ] [33m[1mRunner stderr: [ALLSUM-PROBE pid=52670]   layer=  9 n=  20 mean=23.517ms min= 0.826ms p50= 0.913ms p99=94.902ms max=94.902ms[0m
[ 2026-09-03 18:44:24.610 | [33m[1mWARNING [0m | exo.worker.runner.supervisor:<lambda>:184 ] [33m[1mRunner stderr: [ALLSUM-PROBE pid=52670]   layer= 10 n=  20 mean=29.601ms min= 0.834ms p50= 1.062ms p99=123.408ms max=123.408ms[0m
[ 2026-09-03 18:44:24.610 | [33m[1mWARNING [0m | exo.worker.runner.supervisor:<lambda>:184 ] [33m[1mRunner stderr: [ALLSUM-PROBE pid=52670]   layer= 11 n=  20 mean=22.844ms min= 0.829ms p50= 0.912ms p99=91.112ms max=91.112ms[0m
[ 2026-09-03 18:44:24.610 | [33m[1mWARNING [0m | exo.worker.runner.supervisor:<lambda>:184 ] [33m[1mRunner stderr: [ALLSUM-PROBE pid=52670]   layer= 12 n=  20 mean=29.429ms min= 0.842ms p50= 1.084ms p99=116.294ms max=116.294ms[0m
[ 2026-09-03 18:44:24.610 | [33m[1mWARNING [0m | exo.worker.runner.supervisor:<lambda>:184 ] [33m[1mRunner stderr: [ALLSUM-PROBE pid=52670]   layer= 13 n=  20 mean=22.765ms min= 0.839ms p50= 0.918ms p99=90.253ms max=90.253ms[0m
[ 2026-09-03 18:44:24.610 | [33m[1mWARNING [0m | exo.worker.runner.supervisor:<lambda>:184 ] [33m[1mRunner stderr: [ALLSUM-PROBE pid=52670]   layer= 14 n=  20 mean=29.576ms min= 0.837ms p50= 1.046ms p99=126.750ms max=126.750ms[0m
[ 2026-09-03 18:44:24.610 | [33m[1mWARNING [0m | exo.worker.runner.supervisor:<lambda>:184 ] [33m[1mRunner stderr: [ALLSUM-PROBE pid=52670]   layer= 15 n=  20 mean=24.756ms min= 0.833ms p50= 0.912ms p99=116.441ms max=116.441ms[0m
[ 2026-09-03 18:44:24.610 | [33m[1mWARNING [0m | exo.worker.runner.supervisor:<lambda>:184 ] [33m[1mRunner stderr: [ALLSUM-PROBE pid=52670]   layer= 16 n=  20 mean=28.839ms min= 0.836ms p50= 0.924ms p99=114.236ms max=114.236ms[0m
[ 2026-09-03 18:44:24.610 | [33m[1mWARNING [0m | exo.worker.runner.supervisor:<lambda>:184 ] [33m[1mRunner stderr: [ALLSUM-PROBE pid=52670]   layer= 17 n=  20 mean=22.588ms min= 0.831ms p50= 0.913ms p99=89.030ms max=89.030ms[0m
[ 2026-09-03 18:44:24.610 | [33m[1mWARNING [0m | exo.worker.runner.supervisor:<lambda>:184 ] [33m[1mRunner stderr: [ALLSUM-PROBE pid=52670]   layer= 18 n=  20 mean=29.224ms min= 0.843ms p50= 1.053ms p99=117.033ms max=117.033ms[0m
[ 2026-09-03 18:44:24.610 | [33m[1mWARNING [0m | exo.worker.runner.supervisor:<lambda>:184 ] [33m[1mRunner stderr: [ALLSUM-PROBE pid=52670]   layer= 19 n=  20 mean=23.656ms min= 0.832ms p50= 0.912ms p99=107.956ms max=107.956ms[0m
[ 2026-09-03 18:44:24.610 | [33m[1mWARNING [0m | exo.worker.runner.supervisor:<lambda>:184 ] [33m[1mRunner stderr: [ALLSUM-PROBE pid=52670]   layer= 20 n=  20 mean=29.326ms min= 0.838ms p50= 0.920ms p99=118.361ms max=118.361ms[0m
[ 2026-09-03 18:44:24.610 | [33m[1mWARNING [0m | exo.worker.runner.supervisor:<lambda>:184 ] [33m[1mRunner stderr: [ALLSUM-PROBE pid=52670]   layer= 21 n=  20 mean=22.638ms min= 0.900ms p50= 0.914ms p99=89.124ms max=89.124ms[0m
[ 2026-09-03 18:44:24.610 | [33m[1mWARNING [0m | exo.worker.runner.supervisor:<lambda>:184 ] [33m[1mRunner stderr: [ALLSUM-PROBE pid=52670]   layer= 22 n=  20 mean=29.224ms min= 0.837ms p50= 1.061ms p99=116.451ms max=116.451ms[0m
[ 2026-09-03 18:44:24.610 | [33m[1mWARNING [0m | exo.worker.runner.supervisor:<lambda>:184 ] [33m[1mRunner stderr: [ALLSUM-PROBE pid=52670]   layer= 23 n=  20 mean=23.505ms min= 0.832ms p50= 0.914ms p99=97.392ms max=97.392ms[0m
[ 2026-09-03 18:44:24.610 | [33m[1mWARNING [0m | exo.worker.runner.supervisor:<lambda>:184 ] [33m[1mRunner stderr: [ALLSUM-PROBE pid=52670]   layer= 24 n=  20 mean=30.913ms min= 0.834ms p50= 1.050ms p99=138.201ms max=138.201ms[0m
[ 2026-09-03 18:44:24.610 | [33m[1mWARNING [0m | exo.worker.runner.supervisor:<lambda>:184 ] [33m[1mRunner stderr: [ALLSUM-PROBE pid=52670]   layer= 25 n=  20 mean=23.892ms min= 0.828ms p50= 0.911ms p99=103.325ms max=103.325ms[0m
[ 2026-09-03 18:44:24.610 | [33m[1mWARNING [0m | exo.worker.runner.supervisor:<lambda>:184 ] [33m[1mRunner stderr: [ALLSUM-PROBE pid=52670]   layer= 26 n=  20 mean=29.285ms min= 0.910ms p50= 1.072ms p99=116.352ms max=116.352ms[0m
[ 2026-09-03 18:44:24.610 | [33m[1mWARNING [0m | exo.worker.runner.supervisor:<lambda>:184 ] [33m[1mRunner stderr: [ALLSUM-PROBE pid=52670]   layer= 27 n=  20 mean=23.795ms min= 0.832ms p50= 0.910ms p99=107.339ms max=107.339ms[0m
[ 2026-09-03 18:44:24.610 | [33m[1mWARNING [0m | exo.worker.runner.supervisor:<lambda>:184 ] [33m[1mRunner stderr: [ALLSUM-PROBE pid=52670]   layer= 28 n=  20 mean=29.310ms min= 0.838ms p50= 1.005ms p99=116.509ms max=116.509ms[0m
[ 2026-09-03 18:44:24.610 | [33m[1mWARNING [0m | exo.worker.runner.supervisor:<lambda>:184 ] [33m[1mRunner stderr: [ALLSUM-PROBE pid=52670]   layer= 29 n=  20 mean=22.723ms min= 0.831ms p50= 0.912ms p99=89.890ms max=89.890ms[0m
[ 2026-09-03 18:44:24.611 | [33m[1mWARNING [0m | exo.worker.runner.supervisor:<lambda>:184 ] [33m[1mRunner stderr: [ALLSUM-PROBE pid=52670]   layer= 30 n=  20 mean=31.312ms min= 0.853ms p50= 1.051ms p99=136.563ms max=136.563ms[0m
[ 2026-09-03 18:44:24.611 | [33m[1mWARNING [0m | exo.worker.runner.supervisor:<lambda>:184 ] [33m[1mRunner stderr: [ALLSUM-PROBE pid=52670]   layer= 31 n=  20 mean=26.117ms min= 0.826ms p50= 0.914ms p99=121.165ms max=121.165ms[0m
[ 2026-09-03 18:44:24.611 | [33m[1mWARNING [0m | exo.worker.runner.supervisor:<lambda>:184 ] [33m[1mRunner stderr: [ALLSUM-PROBE pid=52670]   layer= 32 n=  20 mean=30.171ms min= 0.835ms p50= 1.050ms p99=126.482ms max=126.482ms[0m
[ 2026-09-03 18:44:24.611 | [33m[1mWARNING [0m | exo.worker.runner.supervisor:<lambda>:184 ] [33m[1mRunner stderr: [ALLSUM-PROBE pid=52670]   layer= 33 n=  20 mean=24.274ms min= 0.827ms p50= 0.910ms p99=118.567ms max=118.567ms[0m
[ 2026-09-03 18:44:24.611 | [33m[1mWARNING [0m | exo.worker.runner.supervisor:<lambda>:184 ] [33m[1mRunner stderr: [ALLSUM-PROBE pid=52670]   layer= 34 n=  20 mean=29.089ms min= 0.838ms p50= 0.992ms p99=114.896ms max=114.896ms[0m
[ 2026-09-03 18:44:24.611 | [33m[1mWARNING [0m | exo.worker.runner.supervisor:<lambda>:184 ] [33m[1mRunner stderr: [ALLSUM-PROBE pid=52670]   layer= 35 n=  20 mean=24.656ms min= 0.830ms p50= 0.911ms p99=119.740ms max=119.740ms[0m
[ 2026-09-03 18:44:24.611 | [33m[1mWARNING [0m | exo.worker.runner.supervisor:<lambda>:184 ] [33m[1mRunner stderr: [ALLSUM-PROBE pid=52670]   layer= 36 n=  20 mean=30.919ms min= 0.835ms p50= 1.073ms p99=136.016ms max=136.016ms[0m
[ 2026-09-03 18:44:24.611 | [33m[1mWARNING [0m | exo.worker.runner.supervisor:<lambda>:184 ] [33m[1mRunner stderr: [ALLSUM-PROBE pid=52670]   layer= 37 n=  20 mean=24.331ms min= 0.831ms p50= 0.912ms p99=110.488ms max=110.488ms[0m
[ 2026-09-03 18:44:24.611 | [33m[1mWARNING [0m | exo.worker.runner.supervisor:<lambda>:184 ] [33m[1mRunner stderr: [ALLSUM-PROBE pid=52670]   layer= 38 n=  20 mean=29.234ms min= 0.867ms p50= 1.040ms p99=115.485ms max=115.485ms[0m
[ 2026-09-03 18:44:24.611 | [33m[1mWARNING [0m | exo.worker.runner.supervisor:<lambda>:184 ] [33m[1mRunner stderr: [ALLSUM-PROBE pid=52670]   layer= 39 n=  20 mean=22.819ms min= 0.864ms p50= 0.913ms p99=89.824ms max=89.824ms[0m
[ 2026-09-03 18:44:24.611 | [33m[1mWARNING [0m | exo.worker.runner.supervisor:<lambda>:184 ] [33m[1mRunner stderr: [ALLSUM-PROBE pid=52670]   layer= 40 n=  20 mean=30.638ms min= 0.847ms p50= 1.045ms p99=141.552ms max=141.552ms[0m
[ 2026-09-03 18:44:24.611 | [33m[1mWARNING [0m | exo.worker.runner.supervisor:<lambda>:184 ] [33m[1mRunner stderr: [ALLSUM-PROBE pid=52670]   layer= 41 n=  20 mean=23.912ms min= 0.901ms p50= 0.914ms p99=113.441ms max=113.441ms[0m
[ 2026-09-03 18:44:24.611 | [33m[1mWARNING [0m | exo.worker.runner.supervisor:<lambda>:184 ] [33m[1mRunner stderr: [ALLSUM-PROBE pid=52670]   layer= 42 n=  20 mean=30.239ms min= 0.842ms p50= 0.947ms p99=132.191ms max=132.191ms[0m
[ 2026-09-03 18:46:01.130 | [33m[1mWARNING [0m | exo.worker.runner.supervisor:<lambda>:184 ] [33m[1mRunner stderr: [ALLSUM-PROBE pid=52670] cycles=80 window=20 fence_layers=43[0m
[ 2026-09-03 18:46:01.130 | [33m[1mWARNING [0m | exo.worker.runner.supervisor:<lambda>:184 ] [33m[1mRunner stderr: [ALLSUM-PROBE pid=52670]   layer=  0 n=  20 mean=173.595ms min=159.769ms p50=166.441ms p99=197.642ms max=197.642ms[0m
[ 2026-09-03 18:46:01.130 | [33m[1mWARNING [0m | exo.worker.runner.supervisor:<lambda>:184 ] [33m[1mRunner stderr: [ALLSUM-PROBE pid=52670]   layer=  1 n=  20 mean=148.536ms min=134.634ms p50=145.658ms p99=169.902ms max=169.902ms[0m
[ 2026-09-03 18:46:01.130 | [33m[1mWARNING [0m | exo.worker.runner.supervisor:<lambda>:184 ] [33m[1mRunner stderr: [ALLSUM-PROBE pid=52670]   layer=  2 n=  20 mean=125.295ms min=113.775ms p50=121.430ms p99=145.019ms max=145.019ms[0m
[ 2026-09-03 18:46:01.130 | [33m[1mWARNING [0m | exo.worker.runner.supervisor:<lambda>:184 ] [33m[1mRunner stderr: [ALLSUM-PROBE pid=52670]   layer=  3 n=  20 mean=89.165ms min=83.379ms p50=86.290ms p99=108.357ms max=108.357ms[0m
[ 2026-09-03 18:46:01.130 | [33m[1mWARNING [0m | exo.worker.runner.supervisor:<lambda>:184 ] [33m[1mRunner stderr: [ALLSUM-PROBE pid=52670]   layer=  4 n=  20 mean=115.755ms min=108.598ms p50=112.789ms p99=137.324ms max=137.324ms[0m
[ 2026-09-03 18:46:01.130 | [33m[1mWARNING [0m | exo.worker.runner.supervisor:<lambda>:184 ] [33m[1mRunner stderr: [ALLSUM-PROBE pid=52670]   layer=  5 n=  20 mean=89.842ms min=83.254ms p50=87.493ms p99=116.225ms max=116.225ms[0m
[ 2026-09-03 18:46:01.130 | [33m[1mWARNING [0m | exo.worker.runner.supervisor:<lambda>:184 ] [33m[1mRunner stderr: [ALLSUM-PROBE pid=52670]   layer=  6 n=  20 mean=116.330ms min=108.203ms p50=115.025ms p99=141.100ms max=141.100ms[0m
[ 2026-09-03 18:46:01.130 | [33m[1mWARNING [0m | exo.worker.runner.supervisor:<lambda>:184 ] [33m[1mRunner stderr: [ALLSUM-PROBE pid=52670]   layer=  7 n=  20 mean=90.984ms min=86.467ms p50=89.510ms p99=105.116ms max=105.116ms[0m
[ 2026-09-03 18:46:01.130 | [33m[1mWARNING [0m | exo.worker.runner.supervisor:<lambda>:184 ] [33m[1mRunner stderr: [ALLSUM-PROBE pid=52670]   layer=  8 n=  20 mean=123.347ms min=112.848ms p50=122.914ms p99=145.989ms max=145.989ms[0m
[ 2026-09-03 18:46:01.130 | [33m[1mWARNING [0m | exo.worker.runner.supervisor:<lambda>:184 ] [33m[1mRunner stderr: [ALLSUM-PROBE pid=52670]   layer=  9 n=  20 mean=95.691ms min=90.599ms p50=92.995ms p99=113.138ms max=113.138ms[0m
[ 2026-09-03 18:46:01.131 | [33m[1mWARNING [0m | exo.worker.runner.supervisor:<lambda>:184 ] [33m[1mRunner stderr: [ALLSUM-PROBE pid=52670]   layer= 10 n=  20 mean=117.582ms min=114.792ms p50=116.905ms p99=133.423ms max=133.423ms[0m
[ 2026-09-03 18:46:01.131 | [33m[1mWARNING [0m | exo.worker.runner.supervisor:<lambda>:184 ] [33m[1mRunner stderr: [ALLSUM-PROBE pid=52670]   layer= 11 n=  20 mean=91.832ms min=89.443ms p50=91.808ms p99=93.760ms max=93.760ms[0m
[ 2026-09-03 18:46:01.131 | [33m[1mWARNING [0m | exo.worker.runner.supervisor:<lambda>:184 ] [33m[1mRunner stderr: [ALLSUM-PROBE pid=52670]   layer= 12 n=  20 mean=117.622ms min=116.189ms p50=116.942ms p99=123.373ms max=123.373ms[0m
[ 2026-09-03 18:46:01.131 | [33m[1mWARNING [0m | exo.worker.runner.supervisor:<lambda>:184 ] [33m[1mRunner stderr: [ALLSUM-PROBE pid=52670]   layer= 13 n=  20 mean=92.796ms min=89.544ms p50=93.086ms p99=95.052ms max=95.052ms[0m
[ 2026-09-03 18:46:01.131 | [33m[1mWARNING [0m | exo.worker.runner.supervisor:<lambda>:184 ] [33m[1mRunner stderr: [ALLSUM-PROBE pid=52670]   layer= 14 n=  20 mean=117.993ms min=114.441ms p50=116.896ms p99=139.574ms max=139.574ms[0m
[ 2026-09-03 18:46:01.131 | [33m[1mWARNING [0m | exo.worker.runner.supervisor:<lambda>:184 ] [33m[1mRunner stderr: [ALLSUM-PROBE pid=52670]   layer= 15 n=  20 mean=95.718ms min=89.309ms p50=94.264ms p99=111.823ms max=111.823ms[0m
[ 2026-09-03 18:46:01.131 | [33m[1mWARNING [0m | exo.worker.runner.supervisor:<lambda>:184 ] [33m[1mRunner stderr: [ALLSUM-PROBE pid=52670]   layer= 16 n=  20 mean=115.359ms min=112.905ms p50=115.445ms p99=117.474ms max=117.474ms[0m
[ 2026-09-03 18:46:01.131 | [33m[1mWARNING [0m | exo.worker.runner.supervisor:<lambda>:184 ] [33m[1mRunner stderr: [ALLSUM-PROBE pid=52670]   layer= 17 n=  20 mean=93.130ms min=88.563ms p50=92.072ms p99=106.255ms max=106.255ms[0m
[ 2026-09-03 18:46:01.131 | [33m[1mWARNING [0m | exo.worker.runner.supervisor:<lambda>:184 ] [33m[1mRunner stderr: [ALLSUM-PROBE pid=52670]   layer= 18 n=  20 mean=115.906ms min=112.832ms p50=115.472ms p99=122.960ms max=122.960ms[0m
[ 2026-09-03 18:46:01.131 | [33m[1mWARNING [0m | exo.worker.runner.supervisor:<lambda>:184 ] [33m[1mRunner stderr: [ALLSUM-PROBE pid=52670]   layer= 19 n=  20 mean=93.488ms min=87.852ms p50=92.281ms p99=106.138ms max=106.138ms[0m
[ 2026-09-03 18:46:01.131 | [33m[1mWARNING [0m | exo.worker.runner.supervisor:<lambda>:184 ] [33m[1mRunner stderr: [ALLSUM-PROBE pid=52670]   layer= 20 n=  20 mean=116.299ms min=111.780ms p50=115.281ms p99=123.362ms max=123.362ms[0m
[ 2026-09-03 18:46:01.131 | [33m[1mWARNING [0m | exo.worker.runner.supervisor:<lambda>:184 ] [33m[1mRunner stderr: [ALLSUM-PROBE pid=52670]   layer= 21 n=  20 mean=94.005ms min=86.113ms p50=91.731ms p99=107.768ms max=107.768ms[0m
[ 2026-09-03 18:46:01.131 | [33m[1mWARNING [0m | exo.worker.runner.supervisor:<lambda>:184 ] [33m[1mRunner stderr: [ALLSUM-PROBE pid=52670]   layer= 22 n=  20 mean=116.928ms min=111.437ms p50=115.710ms p99=126.113ms max=126.113ms[0m
[ 2026-09-03 18:46:01.131 | [33m[1mWARNING [0m | exo.worker.runner.supervisor:<lambda>:184 ] [33m[1mRunner stderr: [ALLSUM-PROBE pid=52670]   layer= 23 n=  20 mean=91.626ms min=86.084ms p50=92.245ms p99=94.732ms max=94.732ms[0m
[ 2026-09-03 18:46:01.131 | [33m[1mWARNING [0m | exo.worker.runner.supervisor:<lambda>:184 ] [33m[1mRunner stderr: [ALLSUM-PROBE pid=52670]   layer= 24 n=  20 mean=117.185ms min=114.418ms p50=116.561ms p99=128.637ms max=128.637ms[0m
[ 2026-09-03 18:46:01.131 | [33m[1mWARNING [0m | exo.worker.runner.supervisor:<lambda>:184 ] [33m[1mRunner stderr: [ALLSUM-PROBE pid=52670]   layer= 25 n=  20 mean=93.457ms min=88.619ms p50=92.235ms p99=111.475ms max=111.475ms[0m
[ 2026-09-03 18:46:01.131 | [33m[1mWARNING [0m | exo.worker.runner.supervisor:<lambda>:184 ] [33m[1mRunner stderr: [ALLSUM-PROBE pid=52670]   layer= 26 n=  20 mean=116.527ms min=112.353ms p50=115.326ms p99=134.306ms max=134.306ms[0m
[ 2026-09-03 18:46:01.131 | [33m[1mWARNING [0m | exo.worker.runner.supervisor:<lambda>:184 ] [33m[1mRunner stderr: [ALLSUM-PROBE pid=52670]   layer= 27 n=  20 mean=95.925ms min=88.371ms p50=92.500ms p99=118.188ms max=118.188ms[0m
[ 2026-09-03 18:46:01.131 | [33m[1mWARNING [0m | exo.worker.runner.supervisor:<lambda>:184 ] [33m[1mRunner stderr: [ALLSUM-PROBE pid=52670]   layer= 28 n=  20 mean=115.562ms min=113.176ms p50=115.641ms p99=118.842ms max=118.842ms[0m
[ 2026-09-03 18:46:01.131 | [33m[1mWARNING [0m | exo.worker.runner.supervisor:<lambda>:184 ] [33m[1mRunner stderr: [ALLSUM-PROBE pid=52670]   layer= 29 n=  20 mean=93.764ms min=87.668ms p50=91.347ms p99=110.549ms max=110.549ms[0m
[ 2026-09-03 18:46:01.131 | [33m[1mWARNING [0m | exo.worker.runner.supervisor:<lambda>:184 ] [33m[1mRunner stderr: [ALLSUM-PROBE pid=52670]   layer= 30 n=  20 mean=118.048ms min=111.188ms p50=115.796ms p99=131.871ms max=131.871ms[0m
[ 2026-09-03 18:46:01.131 | [33m[1mWARNING [0m | exo.worker.runner.supervisor:<lambda>:184 ] [33m[1mRunner stderr: [ALLSUM-PROBE pid=52670]   layer= 31 n=  20 mean=94.855ms min=89.485ms p50=92.598ms p99=109.620ms max=109.620ms[0m
[ 2026-09-03 18:46:01.131 | [33m[1mWARNING [0m | exo.worker.runner.supervisor:<lambda>:184 ] [33m[1mRunner stderr: [ALLSUM-PROBE pid=52670]   layer= 32 n=  20 mean=120.358ms min=112.392ms p50=117.423ms p99=135.997ms max=135.997ms[0m
[ 2026-09-03 18:46:01.131 | [33m[1mWARNING [0m | exo.worker.runner.supervisor:<lambda>:184 ] [33m[1mRunner stderr: [ALLSUM-PROBE pid=52670]   layer= 33 n=  20 mean=95.613ms min=87.212ms p50=91.754ms p99=115.494ms max=115.494ms[0m
[ 2026-09-03 18:46:01.131 | [33m[1mWARNING [0m | exo.worker.runner.supervisor:<lambda>:184 ] [33m[1mRunner stderr: [ALLSUM-PROBE pid=52670]   layer= 34 n=  20 mean=118.763ms min=112.072ms p50=115.459ms p99=133.170ms max=133.170ms[0m
[ 2026-09-03 18:46:01.131 | [33m[1mWARNING [0m | exo.worker.runner.supervisor:<lambda>:184 ] [33m[1mRunner stderr: [ALLSUM-PROBE pid=52670]   layer= 35 n=  20 mean=93.914ms min=86.304ms p50=91.285ms p99=124.506ms max=124.506ms[0m
[ 2026-09-03 18:46:01.132 | [33m[1mWARNING [0m | exo.worker.runner.supervisor:<lambda>:184 ] [33m[1mRunner stderr: [ALLSUM-PROBE pid=52670]   layer= 36 n=  20 mean=115.417ms min=112.936ms p50=115.025ms p99=124.354ms max=124.354ms[0m
[ 2026-09-03 18:46:01.132 | [33m[1mWARNING [0m | exo.worker.runner.supervisor:<lambda>:184 ] [33m[1mRunner stderr: [ALLSUM-PROBE pid=52670]   layer= 37 n=  20 mean=93.015ms min=88.555ms p50=91.350ms p99=114.904ms max=114.904ms[0m
[ 2026-09-03 18:46:01.132 | [33m[1mWARNING [0m | exo.worker.runner.supervisor:<lambda>:184 ] [33m[1mRunner stderr: [ALLSUM-PROBE pid=52670]   layer= 38 n=  20 mean=120.438ms min=113.473ms p50=116.450ms p99=139.073ms max=139.073ms[0m
[ 2026-09-03 18:46:01.132 | [33m[1mWARNING [0m | exo.worker.runner.supervisor:<lambda>:184 ] [33m[1mRunner stderr: [ALLSUM-PROBE pid=52670]   layer= 39 n=  20 mean=96.045ms min=89.027ms p50=91.574ms p99=113.060ms max=113.060ms[0m
[ 2026-09-03 18:46:01.132 | [33m[1mWARNING [0m | exo.worker.runner.supervisor:<lambda>:184 ] [33m[1mRunner stderr: [ALLSUM-PROBE pid=52670]   layer= 40 n=  20 mean=115.646ms min=112.715ms p50=114.304ms p99=128.814ms max=128.814ms[0m
[ 2026-09-03 18:46:01.132 | [33m[1mWARNING [0m | exo.worker.runner.supervisor:<lambda>:184 ] [33m[1mRunner stderr: [ALLSUM-PROBE pid=52670]   layer= 41 n=  20 mean=97.102ms min=88.960ms p50=91.820ms p99=115.530ms max=115.530ms[0m
[ 2026-09-03 18:46:01.132 | [33m[1mWARNING [0m | exo.worker.runner.supervisor:<lambda>:184 ] [33m[1mRunner stderr: [ALLSUM-PROBE pid=52670]   layer= 42 n=  20 mean=117.835ms min=113.590ms p50=115.685ms p99=132.858ms max=132.858ms[0m
[ 2026-09-03 18:46:29.106 | [33m[1mWARNING [0m | exo.worker.runner.supervisor:<lambda>:184 ] [33m[1mRunner stderr: [fence-gate-diag] SETTER key=cache ok=False tid=8273263424 ctx_now={'engine': False, 'cache': False}[0m
[ 2026-09-03 18:46:29.187 | [33m[1mWARNING [0m | exo.worker.runner.supervisor:<lambda>:184 ] [33m[1mRunner stderr: [fence-gate-diag] SETTER key=cache ok=False tid=8273263424 ctx_now={'engine': False, 'cache': False}[0m
[ 2026-09-03 18:46:29.187 | [33m[1mWARNING [0m | exo.worker.runner.supervisor:<lambda>:184 ] [33m[1mRunner stderr: [fence-gate-diag] SETTER key=cache ok=True tid=8273263424 ctx_now={'engine': False, 'cache': True}[0m
[ 2026-09-03 18:46:29.224 | [33m[1mWARNING [0m | exo.worker.runner.supervisor:<lambda>:184 ] [33m[1mRunner stderr: [fence-gate-diag] SETTER key=engine ok=True tid=8273263424 ctx_now={'engine': True, 'cache': True}[0m
[ 2026-09-03 18:46:29.419 | [33m[1mWARNING [0m | exo.worker.runner.supervisor:<lambda>:184 ] [33m[1mRunner stderr: [fence-gate-diag] SETTER key=cache ok=True tid=8273263424 ctx_now={'engine': True, 'cache': True}[0m
[ 2026-09-03 18:46:29.579 | [33m[1mWARNING [0m | exo.worker.runner.supervisor:<lambda>:184 ] [33m[1mRunner stderr: [fence-gate-diag] SETTER key=cache ok=True tid=8273263424 ctx_now={'engine': True, 'cache': True}[0m
[ 2026-09-03 18:46:29.671 | [33m[1mWARNING [0m | exo.worker.runner.supervisor:<lambda>:184 ] [33m[1mRunner stderr: [fence-gate-diag] SETTER key=cache ok=False tid=8273263424 ctx_now={'engine': True, 'cache': False}[0m
[ 2026-09-03 18:46:29.672 | [33m[1mWARNING [0m | exo.worker.runner.supervisor:<lambda>:184 ] [33m[1mRunner stderr: [fence-gate-diag] SETTER key=cache ok=True tid=8273263424 ctx_now={'engine': True, 'cache': True}[0m
[ 2026-09-03 18:46:29.675 | [33m[1mWARNING [0m | exo.worker.runner.supervisor:<lambda>:184 ] [33m[1mRunner stderr: [fence-gate-diag] SETTER key=cache ok=True tid=8273263424 ctx_now={'engine': True, 'cache': True}[0m
[ 2026-09-03 18:46:29.764 | [33m[1mWARNING [0m | exo.worker.runner.supervisor:<lambda>:184 ] [33m[1mRunner stderr: [fence-gate-diag] SETTER key=cache ok=False tid=8273263424 ctx_now={'engine': True, 'cache': False}[0m
[ 2026-09-03 18:46:29.765 | [33m[1mWARNING [0m | exo.worker.runner.supervisor:<lambda>:184 ] [33m[1mRunner stderr: [fence-gate-diag] SETTER key=cache ok=True tid=8273263424 ctx_now={'engine': True, 'cache': True}[0m
[ 2026-09-03 18:46:29.768 | [33m[1mWARNING [0m | exo.worker.runner.supervisor:<lambda>:184 ] [33m[1mRunner stderr: [fence-gate-diag] SETTER key=cache ok=True tid=8273263424 ctx_now={'engine': True, 'cache': True}[0m
[ 2026-09-03 18:46:29.849 | [33m[1mWARNING [0m | exo.worker.runner.supervisor:<lambda>:184 ] [33m[1mRunner stderr: [fence-gate-diag] SETTER key=cache ok=False tid=8273263424 ctx_now={'engine': True, 'cache': False}[0m
[ 2026-09-03 18:46:29.850 | [33m[1mWARNING [0m | exo.worker.runner.supervisor:<lambda>:184 ] [33m[1mRunner stderr: [fence-gate-diag] SETTER key=cache ok=True tid=8273263424 ctx_now={'engine': True, 'cache': True}[0m
[ 2026-09-03 18:46:29.853 | [33m[1mWARNING [0m | exo.worker.runner.supervisor:<lambda>:184 ] [33m[1mRunner stderr: [fence-gate-diag] SETTER key=cache ok=True tid=8273263424 ctx_now={'engine': True, 'cache': True}[0m
[ 2026-09-03 18:46:29.954 | [33m[1mWARNING [0m | exo.worker.runner.supervisor:<lambda>:184 ] [33m[1mRunner stderr: [fence-gate-diag] SETTER key=cache ok=False tid=8273263424 ctx_now={'engine': True, 'cache': False}[0m
[ 2026-09-03 18:46:29.955 | [33m[1mWARNING [0m | exo.worker.runner.supervisor:<lambda>:184 ] [33m[1mRunner stderr: [fence-gate-diag] SETTER key=cache ok=True tid=8273263424 ctx_now={'engine': True, 'cache': True}[0m
[ 2026-09-03 18:46:29.959 | [33m[1mWARNING [0m | exo.worker.runner.supervisor:<lambda>:184 ] [33m[1mRunner stderr: [fence-gate-diag] SETTER key=cache ok=True tid=8273263424 ctx_now={'engine': True, 'cache': True}[0m
[ 2026-09-03 18:46:30.042 | [33m[1mWARNING [0m | exo.worker.runner.supervisor:<lambda>:184 ] [33m[1mRunner stderr: [fence-gate-diag] SETTER key=cache ok=True tid=8273263424 ctx_now={'engine': True, 'cache': True}[0m
[ 2026-09-03 18:46:30.129 | [33m[1mWARNING [0m | exo.worker.runner.supervisor:<lambda>:184 ] [33m[1mRunner stderr: [fence-gate-diag] SETTER key=cache ok=False tid=8273263424 ctx_now={'engine': True, 'cache': False}[0m
[ 2026-09-03 18:46:30.130 | [33m[1mWARNING [0m | exo.worker.runner.supervisor:<lambda>:184 ] [33m[1mRunner stderr: [fence-gate-diag] SETTER key=cache ok=True tid=8273263424 ctx_now={'engine': True, 'cache': True}[0m
[ 2026-09-03 18:46:30.134 | [33m[1mWARNING [0m | exo.worker.runner.supervisor:<lambda>:184 ] [33m[1mRunner stderr: [fence-gate-diag] SETTER key=cache ok=True tid=8273263424 ctx_now={'engine': True, 'cache': True}[0m
[ 2026-09-03 18:46:30.222 | [33m[1mWARNING [0m | exo.worker.runner.supervisor:<lambda>:184 ] [33m[1mRunner stderr: [fence-gate-diag] SETTER key=cache ok=False tid=8273263424 ctx_now={'engine': True, 'cache': False}[0m
[ 2026-09-03 18:46:30.223 | [33m[1mWARNING [0m | exo.worker.runner.supervisor:<lambda>:184 ] [33m[1mRunner stderr: [fence-gate-diag] SETTER key=cache ok=True tid=8273263424 ctx_now={'engine': True, 'cache': True}[0m
[ 2026-09-03 18:46:30.226 | [33m[1mWARNING [0m | exo.worker.runner.supervisor:<lambda>:184 ] [33m[1mRunner stderr: [fence-gate-diag] SETTER key=cache ok=True tid=8273263424 ctx_now={'engine': True, 'cache': True}[0m
[ 2026-09-03 18:46:30.294 | [33m[1mWARNING [0m | exo.worker.runner.supervisor:<lambda>:184 ] [33m[1mRunner stderr: [ALLSUM-PROBE pid=52670] cycles=100 window=20 fence_layers=44[0m
[ 2026-09-03 18:46:30.294 | [33m[1mWARNING [0m | exo.worker.runner.supervisor:<lambda>:184 ] [33m[1mRunner stderr: [ALLSUM-PROBE pid=52670]   layer=  0 n=  20 mean=49.961ms min= 0.826ms p50= 2.139ms p99=165.770ms max=165.770ms[0m
[ 2026-09-03 18:46:30.294 | [33m[1mWARNING [0m | exo.worker.runner.supervisor:<lambda>:184 ] [33m[1mRunner stderr: [ALLSUM-PROBE pid=52670]   layer=  1 n=  20 mean=37.918ms min= 0.759ms p50= 1.278ms p99=140.264ms max=140.264ms[0m
[ 2026-09-03 18:46:30.294 | [33m[1mWARNING [0m | exo.worker.runner.supervisor:<lambda>:184 ] [33m[1mRunner stderr: [ALLSUM-PROBE pid=52670]   layer=  2 n=  20 mean=41.289ms min= 0.965ms p50= 2.509ms p99=140.909ms max=140.909ms[0m
[ 2026-09-03 18:46:30.294 | [33m[1mWARNING [0m | exo.worker.runner.supervisor:<lambda>:184 ] [33m[1mRunner stderr: [ALLSUM-PROBE pid=52670]   layer=  3 n=  20 mean=26.072ms min= 0.849ms p50= 1.476ms p99=91.419ms max=91.419ms[0m
[ 2026-09-03 18:46:30.294 | [33m[1mWARNING [0m | exo.worker.runner.supervisor:<lambda>:184 ] [33m[1mRunner stderr: [ALLSUM-PROBE pid=52670]   layer=  4 n=  20 mean=33.340ms min= 0.960ms p50= 1.869ms p99=126.223ms max=126.223ms[0m
[ 2026-09-03 18:46:30.294 | [33m[1mWARNING [0m | exo.worker.runner.supervisor:<lambda>:184 ] [33m[1mRunner stderr: [ALLSUM-PROBE pid=52670]   layer=  5 n=  20 mean=31.359ms min= 0.840ms p50= 1.434ms p99=123.349ms max=123.349ms[0m
[ 2026-09-03 18:46:30.294 | [33m[1mWARNING [0m | exo.worker.runner.supervisor:<lambda>:184 ] [33m[1mRunner stderr: [ALLSUM-PROBE pid=52670]   layer=  6 n=  20 mean=33.628ms min= 0.878ms p50= 1.927ms p99=113.348ms max=113.348ms[0m
[ 2026-09-03 18:46:30.294 | [33m[1mWARNING [0m | exo.worker.runner.supervisor:<lambda>:184 ] [33m[1mRunner stderr: [ALLSUM-PROBE pid=52670]   layer=  7 n=  20 mean=26.624ms min= 0.849ms p50= 1.405ms p99=91.231ms max=91.231ms[0m
[ 2026-09-03 18:46:30.294 | [33m[1mWARNING [0m | exo.worker.runner.supervisor:<lambda>:184 ] [33m[1mRunner stderr: [ALLSUM-PROBE pid=52670]   layer=  8 n=  20 mean=33.528ms min= 0.955ms p50= 1.885ms p99=125.913ms max=125.913ms[0m
[ 2026-09-03 18:46:30.294 | [33m[1mWARNING [0m | exo.worker.runner.supervisor:<lambda>:184 ] [33m[1mRunner stderr: [ALLSUM-PROBE pid=52670]   layer=  9 n=  20 mean=28.079ms min= 0.847ms p50= 1.471ms p99=99.020ms max=99.020ms[0m
[ 2026-09-03 18:46:30.294 | [33m[1mWARNING [0m | exo.worker.runner.supervisor:<lambda>:184 ] [33m[1mRunner stderr: [ALLSUM-PROBE pid=52670]   layer= 10 n=  20 mean=37.687ms min= 0.961ms p50= 1.955ms p99=129.065ms max=129.065ms[0m
[ 2026-09-03 18:46:30.294 | [33m[1mWARNING [0m | exo.worker.runner.supervisor:<lambda>:184 ] [33m[1mRunner stderr: [ALLSUM-PROBE pid=52670]   layer= 11 n=  20 mean=27.839ms min= 0.859ms p50= 1.395ms p99=114.566ms max=114.566ms[0m
[ 2026-09-03 18:46:30.294 | [33m[1mWARNING [0m | exo.worker.runner.supervisor:<lambda>:184 ] [33m[1mRunner stderr: [ALLSUM-PROBE pid=52670]   layer= 12 n=  20 mean=33.214ms min= 0.969ms p50= 1.883ms p99=117.733ms max=117.733ms[0m
[ 2026-09-03 18:46:30.294 | [33m[1mWARNING [0m | exo.worker.runner.supervisor:<lambda>:184 ] [33m[1mRunner stderr: [ALLSUM-PROBE pid=52670]   layer= 13 n=  20 mean=26.846ms min= 0.851ms p50= 1.445ms p99=94.800ms max=94.800ms[0m
[ 2026-09-03 18:46:30.294 | [33m[1mWARNING [0m | exo.worker.runner.supervisor:<lambda>:184 ] [33m[1mRunner stderr: [ALLSUM-PROBE pid=52670]   layer= 14 n=  20 mean=33.508ms min= 0.961ms p50= 1.881ms p99=116.387ms max=116.387ms[0m
[ 2026-09-03 18:46:30.294 | [33m[1mWARNING [0m | exo.worker.runner.supervisor:<lambda>:184 ] [33m[1mRunner stderr: [ALLSUM-PROBE pid=52670]   layer= 15 n=  20 mean=27.953ms min= 0.847ms p50= 1.387ms p99=110.114ms max=110.114ms[0m
[ 2026-09-03 18:46:30.294 | [33m[1mWARNING [0m | exo.worker.runner.supervisor:<lambda>:184 ] [33m[1mRunner stderr: [ALLSUM-PROBE pid=52670]   layer= 16 n=  20 mean=35.473ms min= 0.959ms p50= 1.943ms p99=120.590ms max=120.590ms[0m
[ 2026-09-03 18:46:30.294 | [33m[1mWARNING [0m | exo.worker.runner.supervisor:<lambda>:184 ] [33m[1mRunner stderr: [ALLSUM-PROBE pid=52670]   layer= 17 n=  20 mean=28.405ms min= 0.847ms p50= 1.406ms p99=104.242ms max=104.242ms[0m
[ 2026-09-03 18:46:30.294 | [33m[1mWARNING [0m | exo.worker.runner.supervisor:<lambda>:184 ] [33m[1mRunner stderr: [ALLSUM-PROBE pid=52670]   layer= 18 n=  20 mean=32.067ms min= 0.965ms p50= 1.867ms p99=116.366ms max=116.366ms[0m
[ 2026-09-03 18:46:30.295 | [33m[1mWARNING [0m | exo.worker.runner.supervisor:<lambda>:184 ] [33m[1mRunner stderr: [ALLSUM-PROBE pid=52670]   layer= 19 n=  20 mean=26.502ms min= 0.854ms p50= 1.401ms p99=95.007ms max=95.007ms[0m
[ 2026-09-03 18:46:30.295 | [33m[1mWARNING [0m | exo.worker.runner.supervisor:<lambda>:184 ] [33m[1mRunner stderr: [ALLSUM-PROBE pid=52670]   layer= 20 n=  20 mean=31.946ms min= 0.953ms p50= 1.860ms p99=115.601ms max=115.601ms[0m
[ 2026-09-03 18:46:30.295 | [33m[1mWARNING [0m | exo.worker.runner.supervisor:<lambda>:184 ] [33m[1mRunner stderr: [ALLSUM-PROBE pid=52670]   layer= 21 n=  20 mean=31.120ms min= 0.850ms p50= 1.394ms p99=115.238ms max=115.238ms[0m
[ 2026-09-03 18:46:30.295 | [33m[1mWARNING [0m | exo.worker.runner.supervisor:<lambda>:184 ] [33m[1mRunner stderr: [ALLSUM-PROBE pid=52670]   layer= 22 n=  20 mean=33.918ms min= 0.956ms p50= 1.862ms p99=123.823ms max=123.823ms[0m
[ 2026-09-03 18:46:30.295 | [33m[1mWARNING [0m | exo.worker.runner.supervisor:<lambda>:184 ] [33m[1mRunner stderr: [ALLSUM-PROBE pid=52670]   layer= 23 n=  20 mean=26.477ms min= 0.851ms p50= 1.419ms p99=94.883ms max=94.883ms[0m
[ 2026-09-03 18:46:30.295 | [33m[1mWARNING [0m | exo.worker.runner.supervisor:<lambda>:184 ] [33m[1mRunner stderr: [ALLSUM-PROBE pid=52670]   layer= 24 n=  20 mean=37.163ms min= 0.958ms p50= 1.814ms p99=117.982ms max=117.982ms[0m
[ 2026-09-03 18:46:30.295 | [33m[1mWARNING [0m | exo.worker.runner.supervisor:<lambda>:184 ] [33m[1mRunner stderr: [ALLSUM-PROBE pid=52670]   layer= 25 n=  20 mean=26.225ms min= 0.845ms p50= 1.396ms p99=94.028ms max=94.028ms[0m
[ 2026-09-03 18:46:30.295 | [33m[1mWARNING [0m | exo.worker.runner.supervisor:<lambda>:184 ] [33m[1mRunner stderr: [ALLSUM-PROBE pid=52670]   layer= 26 n=  20 mean=32.408ms min= 1.060ms p50= 1.898ms p99=119.666ms max=119.666ms[0m
[ 2026-09-03 18:46:30.295 | [33m[1mWARNING [0m | exo.worker.runner.supervisor:<lambda>:184 ] [33m[1mRunner stderr: [ALLSUM-PROBE pid=52670]   layer= 27 n=  20 mean=28.216ms min= 0.854ms p50= 1.394ms p99=122.377ms max=122.377ms[0m
[ 2026-09-03 18:46:30.295 | [33m[1mWARNING [0m | exo.worker.runner.supervisor:<lambda>:184 ] [33m[1mRunner stderr: [ALLSUM-PROBE pid=52670]   layer= 28 n=  20 mean=35.244ms min= 0.954ms p50= 1.803ms p99=118.725ms max=118.725ms[0m
[ 2026-09-03 18:46:30.295 | [33m[1mWARNING [0m | exo.worker.runner.supervisor:<lambda>:184 ] [33m[1mRunner stderr: [ALLSUM-PROBE pid=52670]   layer= 29 n=  20 mean=28.419ms min= 0.849ms p50= 1.444ms p99=109.383ms max=109.383ms[0m
[ 2026-09-03 18:46:30.295 | [33m[1mWARNING [0m | exo.worker.runner.supervisor:<lambda>:184 ] [33m[1mRunner stderr: [ALLSUM-PROBE pid=52670]   layer= 30 n=  20 mean=36.019ms min= 0.953ms p50= 1.851ms p99=116.666ms max=116.666ms[0m
[ 2026-09-03 18:46:30.295 | [33m[1mWARNING [0m | exo.worker.runner.supervisor:<lambda>:184 ] [33m[1mRunner stderr: [ALLSUM-PROBE pid=52670]   layer= 31 n=  20 mean=27.625ms min= 0.847ms p50= 1.399ms p99=112.078ms max=112.078ms[0m
[ 2026-09-03 18:46:30.295 | [33m[1mWARNING [0m | exo.worker.runner.supervisor:<lambda>:184 ] [33m[1mRunner stderr: [ALLSUM-PROBE pid=52670]   layer= 32 n=  20 mean=33.157ms min= 1.013ms p50= 1.863ms p99=118.117ms max=118.117ms[0m
[ 2026-09-03 18:46:30.295 | [33m[1mWARNING [0m | exo.worker.runner.supervisor:<lambda>:184 ] [33m[1mRunner stderr: [ALLSUM-PROBE pid=52670]   layer= 33 n=  20 mean=26.120ms min= 0.853ms p50= 1.396ms p99=93.087ms max=93.087ms[0m
[ 2026-09-03 18:46:30.295 | [33m[1mWARNING [0m | exo.worker.runner.supervisor:<lambda>:184 ] [33m[1mRunner stderr: [ALLSUM-PROBE pid=52670]   layer= 34 n=  20 mean=34.928ms min= 1.024ms p50= 1.848ms p99=146.343ms max=146.343ms[0m
[ 2026-09-03 18:46:30.295 | [33m[1mWARNING [0m | exo.worker.runner.supervisor:<lambda>:184 ] [33m[1mRunner stderr: [ALLSUM-PROBE pid=52670]   layer= 35 n=  20 mean=28.734ms min= 0.848ms p50= 1.387ms p99=108.568ms max=108.568ms[0m
[ 2026-09-03 18:46:30.295 | [33m[1mWARNING [0m | exo.worker.runner.supervisor:<lambda>:184 ] [33m[1mRunner stderr: [ALLSUM-PROBE pid=52670]   layer= 36 n=  20 mean=32.543ms min= 1.031ms p50= 1.859ms p99=122.424ms max=122.424ms[0m
[ 2026-09-03 18:46:30.295 | [33m[1mWARNING [0m | exo.worker.runner.supervisor:<lambda>:184 ] [33m[1mRunner stderr: [ALLSUM-PROBE pid=52670]   layer= 37 n=  20 mean=27.456ms min= 0.845ms p50= 1.416ms p99=92.243ms max=92.243ms[0m
[ 2026-09-03 18:46:30.295 | [33m[1mWARNING [0m | exo.worker.runner.supervisor:<lambda>:184 ] [33m[1mRunner stderr: [ALLSUM-PROBE pid=52670]   layer= 38 n=  20 mean=33.764ms min= 0.957ms p50= 1.788ms p99=142.797ms max=142.797ms[0m
[ 2026-09-03 18:46:30.295 | [33m[1mWARNING [0m | exo.worker.runner.supervisor:<lambda>:184 ] [33m[1mRunner stderr: [ALLSUM-PROBE pid=52670]   layer= 39 n=  20 mean=27.259ms min= 0.845ms p50= 1.391ms p99=94.591ms max=94.591ms[0m
[ 2026-09-03 18:46:30.295 | [33m[1mWARNING [0m | exo.worker.runner.supervisor:<lambda>:184 ] [33m[1mRunner stderr: [ALLSUM-PROBE pid=52670]   layer= 40 n=  20 mean=35.515ms min= 1.058ms p50= 1.857ms p99=118.946ms max=118.946ms[0m
[ 2026-09-03 18:46:30.295 | [33m[1mWARNING [0m | exo.worker.runner.supervisor:<lambda>:184 ] [33m[1mRunner stderr: [ALLSUM-PROBE pid=52670]   layer= 41 n=  20 mean=28.002ms min= 0.848ms p50= 1.459ms p99=115.464ms max=115.464ms[0m
[ 2026-09-03 18:46:30.295 | [33m[1mWARNING [0m | exo.worker.runner.supervisor:<lambda>:184 ] [33m[1mRunner stderr: [ALLSUM-PROBE pid=52670]   layer= 42 n=  20 mean=32.277ms min= 0.887ms p50= 1.873ms p99=116.010ms max=116.010ms[0m
[ 2026-09-03 18:46:30.295 | [33m[1mWARNING [0m | exo.worker.runner.supervisor:<lambda>:184 ] [33m[1mRunner stderr: [ALLSUM-PROBE pid=52670]   layer= 43 n=   1 mean=53.084ms min=53.084ms p50=53.084ms p99=53.084ms max=53.084ms[0m
[ 2026-09-03 18:46:30.297 | [33m[1mWARNING [0m | exo.worker.runner.supervisor:<lambda>:184 ] [33m[1mRunner stderr: [fence-gate-diag] SETTER key=cache ok=False tid=8273263424 ctx_now={'engine': True, 'cache': False}[0m
[ 2026-09-03 18:46:30.299 | [33m[1mWARNING [0m | exo.worker.runner.supervisor:<lambda>:184 ] [33m[1mRunner stderr: [fence-gate-diag] SETTER key=cache ok=True tid=8273263424 ctx_now={'engine': True, 'cache': True}[0m
[ 2026-09-03 18:46:30.301 | [33m[1mWARNING [0m | exo.worker.runner.supervisor:<lambda>:184 ] [33m[1mRunner stderr: [fence-gate-diag] SETTER key=cache ok=True tid=8273263424 ctx_now={'engine': True, 'cache': True}[0m
[ 2026-09-03 18:46:30.390 | [33m[1mWARNING [0m | exo.worker.runner.supervisor:<lambda>:184 ] [33m[1mRunner stderr: [fence-gate-diag] SETTER key=cache ok=False tid=8273263424 ctx_now={'engine': True, 'cache': False}[0m
[ 2026-09-03 18:46:30.391 | [33m[1mWARNING [0m | exo.worker.runner.supervisor:<lambda>:184 ] [33m[1mRunner stderr: [fence-gate-diag] SETTER key=cache ok=True tid=8273263424 ctx_now={'engine': True, 'cache': True}[0m
[ 2026-09-03 18:46:30.395 | [33m[1mWARNING [0m | exo.worker.runner.supervisor:<lambda>:184 ] [33m[1mRunner stderr: [fence-gate-diag] SETTER key=cache ok=True tid=8273263424 ctx_now={'engine': True, 'cache': True}[0m
[ 2026-09-03 18:46:30.468 | [33m[1mWARNING [0m | exo.worker.runner.supervisor:<lambda>:184 ] [33m[1mRunner stderr: [fence-gate-diag] SETTER key=cache ok=True tid=8273263424 ctx_now={'engine': True, 'cache': True}[0m
[ 2026-09-03 18:46:30.556 | [33m[1mWARNING [0m | exo.worker.runner.supervisor:<lambda>:184 ] [33m[1mRunner stderr: [fence-gate-diag] SETTER key=cache ok=False tid=8273263424 ctx_now={'engine': True, 'cache': False}[0m
[ 2026-09-03 18:46:30.557 | [33m[1mWARNING [0m | exo.worker.runner.supervisor:<lambda>:184 ] [33m[1mRunner stderr: [fence-gate-diag] SETTER key=cache ok=True tid=8273263424 ctx_now={'engine': True, 'cache': True}[0m
[ 2026-09-03 18:46:30.559 | [33m[1mWARNING [0m | exo.worker.runner.supervisor:<lambda>:184 ] [33m[1mRunner stderr: [BG_DECODE_PROBE pid=52670] step=16 wall_ms=82.23 gpu_ms=46.96 gpu_pct=57.1[0m
[ 2026-09-03 18:46:30.560 | [33m[1mWARNING [0m | exo.worker.runner.supervisor:<lambda>:184 ] [33m[1mRunner stderr: [fence-gate-diag] SETTER key=cache ok=True tid=8273263424 ctx_now={'engine': True, 'cache': True}[0m
[ 2026-09-03 18:46:30.653 | [33m[1mWARNING [0m | exo.worker.runner.supervisor:<lambda>:184 ] [33m[1mRunner stderr: [fence-gate-diag] SETTER key=cache ok=True tid=8273263424 ctx_now={'engine': True, 'cache': True}[0m
[ 2026-09-03 18:46:30.745 | [33m[1mWARNING [0m | exo.worker.runner.supervisor:<lambda>:184 ] [33m[1mRunner stderr: [fence-gate-diag] SETTER key=cache ok=True tid=8273263424 ctx_now={'engine': True, 'cache': True}[0m
[ 2026-09-03 18:46:30.837 | [33m[1mWARNING [0m | exo.worker.runner.supervisor:<lambda>:184 ] [33m[1mRunner stderr: [fence-gate-diag] SETTER key=cache ok=True tid=8273263424 ctx_now={'engine': True, 'cache': True}[0m
[ 2026-09-03 18:46:30.929 | [33m[1mWARNING [0m | exo.worker.runner.supervisor:<lambda>:184 ] [33m[1mRunner stderr: [fence-gate-diag] SETTER key=cache ok=True tid=8273263424 ctx_now={'engine': True, 'cache': True}[0m
[ 2026-09-03 18:46:31.021 | [33m[1mWARNING [0m | exo.worker.runner.supervisor:<lambda>:184 ] [33m[1mRunner stderr: [fence-gate-diag] SETTER key=cache ok=True tid=8273263424 ctx_now={'engine': True, 'cache': True}[0m
[ 2026-09-03 18:46:31.113 | [33m[1mWARNING [0m | exo.worker.runner.supervisor:<lambda>:184 ] [33m[1mRunner stderr: [fence-gate-diag] SETTER key=cache ok=True tid=8273263424 ctx_now={'engine': True, 'cache': True}[0m
[ 2026-09-03 18:46:31.190 | [33m[1mWARNING [0m | exo.worker.runner.supervisor:<lambda>:184 ] [33m[1mRunner stderr: [fence-gate-diag] SETTER key=cache ok=False tid=8273263424 ctx_now={'engine': True, 'cache': False}[0m
[ 2026-09-03 18:46:31.191 | [33m[1mWARNING [0m | exo.worker.runner.supervisor:<lambda>:184 ] [33m[1mRunner stderr: [fence-gate-diag] SETTER key=cache ok=True tid=8273263424 ctx_now={'engine': True, 'cache': True}[0m
[ 2026-09-03 18:46:31.194 | [33m[1mWARNING [0m | exo.worker.runner.supervisor:<lambda>:184 ] [33m[1mRunner stderr: [fence-gate-diag] SETTER key=cache ok=True tid=8273263424 ctx_now={'engine': True, 'cache': True}[0m
[ 2026-09-03 18:46:31.275 | [33m[1mWARNING [0m | exo.worker.runner.supervisor:<lambda>:184 ] [33m[1mRunner stderr: [fence-gate-diag] SETTER key=cache ok=True tid=8273263424 ctx_now={'engine': True, 'cache': True}[0m
[ 2026-09-03 18:46:31.363 | [33m[1mWARNING [0m | exo.worker.runner.supervisor:<lambda>:184 ] [33m[1mRunner stderr: [fence-gate-diag] SETTER key=cache ok=False tid=8273263424 ctx_now={'engine': True, 'cache': False}[0m
[ 2026-09-03 18:46:31.364 | [33m[1mWARNING [0m | exo.worker.runner.supervisor:<lambda>:184 ] [33m[1mRunner stderr: [fence-gate-diag] SETTER key=cache ok=True tid=8273263424 ctx_now={'engine': True, 'cache': True}[0m
[ 2026-09-03 18:46:31.368 | [33m[1mWARNING [0m | exo.worker.runner.supervisor:<lambda>:184 ] [33m[1mRunner stderr: [fence-gate-diag] SETTER key=cache ok=True tid=8273263424 ctx_now={'engine': True, 'cache': True}[0m
[ 2026-09-03 18:46:31.456 | [33m[1mWARNING [0m | exo.worker.runner.supervisor:<lambda>:184 ] [33m[1mRunner stderr: [fence-gate-diag] SETTER key=cache ok=False tid=8273263424 ctx_now={'engine': True, 'cache': False}[0m
[ 2026-09-03 18:46:31.457 | [33m[1mWARNING [0m | exo.worker.runner.supervisor:<lambda>:184 ] [33m[1mRunner stderr: [fence-gate-diag] SETTER key=cache ok=True tid=8273263424 ctx_now={'engine': True, 'cache': True}[0m
[ 2026-09-03 18:46:31.460 | [33m[1mWARNING [0m | exo.worker.runner.supervisor:<lambda>:184 ] [33m[1mRunner stderr: [fence-gate-diag] SETTER key=cache ok=True tid=8273263424 ctx_now={'engine': True, 'cache': True}[0m
[ 2026-09-03 18:46:31.522 | [33m[1mWARNING [0m | exo.worker.runner.supervisor:<lambda>:184 ] [33m[1mRunner stderr: [fence-gate-diag] SETTER key=cache ok=False tid=8273263424 ctx_now={'engine': True, 'cache': False}[0m
[ 2026-09-03 18:46:31.523 | [33m[1mWARNING [0m | exo.worker.runner.supervisor:<lambda>:184 ] [33m[1mRunner stderr: [fence-gate-diag] SETTER key=cache ok=True tid=8273263424 ctx_now={'engine': True, 'cache': True}[0m
[ 2026-09-03 18:46:31.526 | [33m[1mWARNING [0m | exo.worker.runner.supervisor:<lambda>:184 ] [33m[1mRunner stderr: [fence-gate-diag] SETTER key=cache ok=True tid=8273263424 ctx_now={'engine': True, 'cache': True}[0m
[ 2026-09-03 18:46:31.620 | [33m[1mWARNING [0m | exo.worker.runner.supervisor:<lambda>:184 ] [33m[1mRunner stderr: [fence-gate-diag] SETTER key=cache ok=True tid=8273263424 ctx_now={'engine': True, 'cache': True}[0m
[ 2026-09-03 18:46:31.710 | [33m[1mWARNING [0m | exo.worker.runner.supervisor:<lambda>:184 ] [33m[1mRunner stderr: [fence-gate-diag] SETTER key=cache ok=True tid=8273263424 ctx_now={'engine': True, 'cache': True}[0m
[ 2026-09-03 18:46:31.810 | [33m[1mWARNING [0m | exo.worker.runner.supervisor:<lambda>:184 ] [33m[1mRunner stderr: [fence-gate-diag] SETTER key=cache ok=True tid=8273263424 ctx_now={'engine': True, 'cache': True}[0m
[ 2026-09-03 18:46:31.895 | [33m[1mWARNING [0m | exo.worker.runner.supervisor:<lambda>:184 ] [33m[1mRunner stderr: [fence-gate-diag] SETTER key=engine ok=False tid=8273263424 ctx_now={'engine': False, 'cache': True}[0m
