EXL3 routed-expert bytes per layer (all 40 layers present)
  layer      GB  tensors   bar
      0   5.113     4608   ###################################################
      1   5.113     4608   ###################################################
      2   5.113     4608   ###################################################
      3   5.113     4608   ###################################################
      4   5.113     4608   ###################################################
      5   5.113     4608   ###################################################
      6   5.113     4608   ###################################################
      7   5.113     4608   ###################################################
      8   5.113     4608   ###################################################
      9   5.113     4608   ###################################################
     10   5.113     4608   ###################################################
     11   5.113     4608   ###################################################
     12   5.113     4608   ###################################################
     13   5.113     4608   ###################################################
     14   5.113     4608   ###################################################
     15   5.113     4608   ###################################################
     16   5.113     4608   ###################################################
     17   5.113     4608   ###################################################
     18   3.414     4608   ##################################
     19   3.414     4608   ##################################
     20   3.414     4608   ##################################
     21   3.414     4608   ##################################
     22   3.414     4608   ##################################
     23   5.113     4608   ###################################################
     24   5.113     4608   ###################################################
     25   5.113     4608   ###################################################
     26   5.113     4608   ###################################################
     27   5.113     4608   ###################################################
     28   5.113     4608   ###################################################
     29   5.113     4608   ###################################################
     30   5.113     4608   ###################################################
     31   5.113     4608   ###################################################
     32   5.113     4608   ###################################################
     33   5.113     4608   ###################################################
     34   5.113     4608   ###################################################
     35   5.113     4608   ###################################################
     36   5.113     4608   ###################################################
     37   5.113     4608   ###################################################
     38   5.113     4608   ###################################################
     39   5.113     4608   ###################################################

  min 3.414 GB   max 5.113 GB   spread 1.699 GB (33.2%)

  size buckets (layer ids at each per-layer size):
      5.11 GB : 35 layers  [0, 1, 2, 3, 4, 5, 6, 7, 8, 9, 10, 11, 12, 13, 14, 15, 16, 17, 23, 24, 25, 26, 27, 28, 29, 30, 31, 32, 33, 34, 35, 36, 37, 38, 39]
      3.41 GB :  5 layers  [18, 19, 20, 21, 22]

  RESULT: layers are NOT uniform — there ARE distinct size tiers.
  => a flat x40 extrapolation OVERSTATES smaller-tier layers;
     use the actual per-layer sum instead.

  exact total routed-expert bytes (all 40 layers): 196.03 GB
  vs 40 x layer-0 (5.113 GB) extrapolation        : 204.53 GB
  difference                                     : +8.49 GB
DONE
