[jaccl-v2] rank=1 standing pool armed (8 recvs, sz=2)
[p22 r1] env {"tag": "run", "base_chunk": 2048, "chunks": [], "lens": [2048, 8192, 16384], "reps": 2, "arms": ["base", "notaps", "pf_fenced", "msl16384"], "attr": false, "oracle": true, "session_py": "/Users/adam.durham/repos/exo/src/exo/worker/engines/mlx/dsv41/session.py", "session_md5": "bcfb09f661315b5783661875232db690", "ops_per_buffer": "200", "max_mb_per_buffer": "200"}
[p22 r1] imports {"mlx_lm": "/Users/adam.durham/dsv41-test/mlx_lm/__init__.py", "deepseek_v41_model": "/Users/adam.durham/dsv41-test/mlx_lm/models/deepseek_v41/model.py", "sys_path0": "/Users/adam.durham/dsv41-test", "mlx": "/Users/adam.durham/repos/exo/.venv/lib/python3.13/site-packages/mlx/core.cpython-313-darwin.so"}
[jaccl-v2] ENTER rank=1 call_id=1 total_bytes=4 sz=2 num_chunks=1 small=1
[jaccl-v2] EXIT rank=1 call_id=1 rounds=0
[p22 r1] head_attached {"stages": 3, "block": 5}
[jaccl-v2] ENTER rank=1 call_id=2 total_bytes=5242880 sz=2 num_chunks=321 small=0
[jaccl-v2] EXIT rank=1 call_id=2 rounds=1
[jaccl-v2] ENTER rank=1 call_id=3 total_bytes=10485760 sz=2 num_chunks=641 small=0
[jaccl-v2] EXIT rank=1 call_id=3 rounds=1
[jaccl-v2] ENTER rank=1 call_id=4 total_bytes=5242880 sz=2 num_chunks=321 small=0
[jaccl-v2] EXIT rank=1 call_id=4 rounds=1
[jaccl-v2] ENTER rank=1 call_id=5 total_bytes=10485760 sz=2 num_chunks=641 small=0
[jaccl-v2] EXIT rank=1 call_id=5 rounds=1
[jaccl-v2] ENTER rank=1 call_id=6 total_bytes=5242880 sz=2 num_chunks=321 small=0
[jaccl-v2] EXIT rank=1 call_id=6 rounds=1
[jaccl-v2] ENTER rank=1 call_id=7 total_bytes=10485760 sz=2 num_chunks=641 small=0
[jaccl-v2] EXIT rank=1 call_id=7 rounds=1
[jaccl-v2] ENTER rank=1 call_id=8 total_bytes=5242880 sz=2 num_chunks=321 small=0
[jaccl-v2] EXIT rank=1 call_id=8 rounds=1
[jaccl-v2] ENTER rank=1 call_id=9 total_bytes=10485760 sz=2 num_chunks=641 small=0
[jaccl-v2] EXIT rank=1 call_id=9 rounds=1
[jaccl-v2] ENTER rank=1 call_id=10 total_bytes=5242880 sz=2 num_chunks=321 small=0
[jaccl-v2] EXIT rank=1 call_id=10 rounds=1
[jaccl-v2] ENTER rank=1 call_id=11 total_bytes=10485760 sz=2 num_chunks=641 small=0
[jaccl-v2] EXIT rank=1 call_id=11 rounds=1
[jaccl-v2] ENTER rank=1 call_id=12 total_bytes=5242880 sz=2 num_chunks=321 small=0
[jaccl-v2] EXIT rank=1 call_id=12 rounds=1
[jaccl-v2] ENTER rank=1 call_id=13 total_bytes=10485760 sz=2 num_chunks=641 small=0
[jaccl-v2] EXIT rank=1 call_id=13 rounds=1
[jaccl-v2] ENTER rank=1 call_id=14 total_bytes=5242880 sz=2 num_chunks=321 small=0
[jaccl-v2] EXIT rank=1 call_id=14 rounds=1
[jaccl-v2] ENTER rank=1 call_id=15 total_bytes=10485760 sz=2 num_chunks=641 small=0
[jaccl-v2] EXIT rank=1 call_id=15 rounds=1
[jaccl-v2] ENTER rank=1 call_id=16 total_bytes=5242880 sz=2 num_chunks=321 small=0
[jaccl-v2] EXIT rank=1 call_id=16 rounds=1
[Event::wait] slow wait: elapsed=3.0s signaled=0 target=1 (polling; self-abort at 20000ms)
[Event::wait] slow wait: elapsed=3.0s signaled=0 target=1 (polling; self-abort at 20000ms)
[Event::wait] slow wait: elapsed=3.0s signaled=0 target=1 (polling; self-abort at 20000ms)
[Event::wait] slow wait: elapsed=3.0s signaled=0 target=1 (polling; self-abort at 20000ms)
[Event::wait] slow wait: elapsed=3.0s signaled=0 target=1 (polling; self-abort at 20000ms)
[Event::wait] slow wait: elapsed=3.0s signaled=0 target=1 (polling; self-abort at 20000ms)
[Event::wait] slow wait: elapsed=3.0s signaled=0 target=1 (polling; self-abort at 20000ms)
[Event::wait] slow wait: elapsed=3.0s signaled=0 target=1 (polling; self-abort at 20000ms)
[Event::wait] slow wait: elapsed=3.0s signaled=0 target=1 (polling; self-abort at 20000ms)
[Event::wait] slow wait: elapsed=3.0s signaled=0 target=1 (polling; self-abort at 20000ms)
[Event::wait] slow wait: elapsed=3.0s signaled=0 target=1 (polling; self-abort at 20000ms)
[Event::wait] slow wait: elapsed=3.0s signaled=0 target=1 (polling; self-abort at 20000ms)
[Event::wait] slow wait: elapsed=3.0s signaled=0 target=1 (polling; self-abort at 20000ms)
[Event::wait] slow wait: elapsed=3.0s signaled=0 target=1 (polling; self-abort at 20000ms)
[Event::wait] slow wait: elapsed=3.0s signaled=0 target=1 (polling; self-abort at 20000ms)
[Event::wait] slow wait: elapsed=3.0s signaled=0 target=1 (polling; self-abort at 20000ms)
[Event::wait] slow wait: elapsed=3.0s signaled=0 target=1 (polling; self-abort at 20000ms)
[Event::wait] slow wait: elapsed=3.0s signaled=0 target=1 (polling; self-abort at 20000ms)
[Event::wait] slow wait: elapsed=3.0s signaled=0 target=1 (polling; self-abort at 20000ms)
[Event::wait] slow wait: elapsed=3.0s signaled=0 target=1 (polling; self-abort at 20000ms)
[Event::wait] slow wait: elapsed=3.0s signaled=0 target=1 (polling; self-abort at 20000ms)
[Event::wait] slow wait: elapsed=3.0s signaled=0 target=1 (polling; self-abort at 20000ms)
[Event::wait] slow wait: elapsed=3.0s signaled=0 target=1 (polling; self-abort at 20000ms)
mx.metal.get_cache_memory is deprecated and will be removed in a future version. Use mx.get_cache_memory instead.
[p22 r1] built {"build_s": 58.6, "warmup_s": 90.9, "warmup": {"chunk512_a": 88.1716416249983, "chunk512_b": 1.7612138340482488, "chunk128": 0.5610826670890674, "decode1": 0.10166304104495794, "total": 90.86434750002809}, "active_gb": 107.59, "peak_gb": 110.53, "cache_gb": 0.0}
[p22 r1] arm {"label": "rep0_L2048_base", "driver": "engine", "taps": true, "rows": 2048, "chunk": 2048, "n_chunks": 1, "max_seq_len": 3072, "total_s": 8.85, "tok_s": 231.4, "peak_gb": 111.19, "gpu_ms_total": 0.0, "dispatches_total": 0, "tokens_per_expert_at_chunk": 64.0, "oracle_sha256": "b1774115a7c782109460b490dcbfce729df23fbcc5b64f25ca7404fdc47b5190", "decode_ms_median": 59.5, "decode_tok_s": 16.8, "rep": 0, "L": 2048}
[p22 r1] per_chunk {"label": "rep0_L2048_base", "v": [[0, 2048, 8812.5, 0.0, 111.19, 5848.4]]}
[p22 r1] oracle {"label": "rep0_L2048_base", "sha": "b1774115a7c782109460b490dcbfce729df23fbcc5b64f25ca7404fdc47b5190", "dec_ms": 59.5, "tok_s": 16.8, "toks": [31541, 3663, 66, 343, 5936, 14850, 36, 11, 377, 1952, 14485, 16]}
[p22 r1] arm {"label": "rep0_L8192_base", "driver": "engine", "taps": true, "rows": 8192, "chunk": 2048, "n_chunks": 4, "max_seq_len": 9216, "total_s": 34.26, "tok_s": 239.1, "peak_gb": 112.58, "gpu_ms_total": 0.0, "dispatches_total": 0, "tokens_per_expert_at_chunk": 64.0, "oracle_sha256": "fde9cc3797cfd24548ed0e8b65e21cc53547e5a11807f00b8b37ecfa5d09bd12", "decode_ms_median": 61.7, "decode_tok_s": 16.2, "rep": 0, "L": 8192}
[p22 r1] per_chunk {"label": "rep0_L8192_base", "v": [[0, 2048, 8155.6, 0.0, 111.21, 5848.5], [1, 4096, 16868.9, 0.0, 111.66, 6482.4], [2, 6144, 25506.7, 0.0, 112.15, 6243.4], [3, 8192, 34137.1, 0.0, 112.58, 5295.6]]}
[p22 r1] oracle {"label": "rep0_L8192_base", "sha": "fde9cc3797cfd24548ed0e8b65e21cc53547e5a11807f00b8b37ecfa5d09bd12", "dec_ms": 61.7, "tok_s": 16.2, "toks": [10624, 3608, 476, 54975, 412, 270, 2883, 4271, 16, 4147, 2619, 2869]}
[p22 r1] arm {"label": "rep0_L8192_notaps", "driver": "engine", "taps": false, "rows": 8192, "chunk": 2048, "n_chunks": 4, "max_seq_len": 9216, "total_s": 33.02, "tok_s": 248.1, "peak_gb": 112.4, "gpu_ms_total": 0.0, "dispatches_total": 0, "tokens_per_expert_at_chunk": 64.0, "oracle_sha256": "fde9cc3797cfd24548ed0e8b65e21cc53547e5a11807f00b8b37ecfa5d09bd12", "decode_ms_median": 61.4, "decode_tok_s": 16.3, "rep": 0, "L": 8192}
[p22 r1] per_chunk {"label": "rep0_L8192_notaps", "v": [[0, 2048, 8058.6, 0.0, 111.3, 5743.6], [1, 4096, 16345.7, 0.0, 111.68, 6692.0], [2, 6144, 24663.5, 0.0, 112.08, 6583.8], [3, 8192, 33020.7, 0.0, 112.4, 6641.0]]}
[p22 r1] oracle {"label": "rep0_L8192_notaps", "sha": "fde9cc3797cfd24548ed0e8b65e21cc53547e5a11807f00b8b37ecfa5d09bd12", "dec_ms": 61.4, "tok_s": 16.3, "toks": [10624, 3608, 476, 54975, 412, 270, 2883, 4271, 16, 4147, 2619, 2869]}
[p22 r1] arm {"label": "rep0_L8192_pf_fenced", "driver": "pf", "taps": false, "rows": 8192, "chunk": 2048, "n_chunks": 4, "max_seq_len": 9216, "total_s": 33.08, "tok_s": 247.7, "peak_gb": 112.4, "gpu_ms_total": 0.0, "dispatches_total": 0, "tokens_per_expert_at_chunk": 64.0, "oracle_sha256": "fde9cc3797cfd24548ed0e8b65e21cc53547e5a11807f00b8b37ecfa5d09bd12", "decode_ms_median": 61.3, "decode_tok_s": 16.3, "rep": 0, "L": 8192}
[p22 r1] per_chunk {"label": "rep0_L8192_pf_fenced", "v": [[0, 8192, 33077.5, 0.0, 112.4, 0.1]]}
[p22 r1] oracle {"label": "rep0_L8192_pf_fenced", "sha": "fde9cc3797cfd24548ed0e8b65e21cc53547e5a11807f00b8b37ecfa5d09bd12", "dec_ms": 61.3, "tok_s": 16.3, "toks": [10624, 3608, 476, 54975, 412, 270, 2883, 4271, 16, 4147, 2619, 2869]}
[p22 r1] arm {"label": "rep0_L8192_msl16384", "driver": "engine", "taps": true, "rows": 8192, "chunk": 2048, "n_chunks": 4, "max_seq_len": 16384, "total_s": 33.31, "tok_s": 245.9, "peak_gb": 112.64, "gpu_ms_total": 0.0, "dispatches_total": 0, "tokens_per_expert_at_chunk": 64.0, "oracle_sha256": "fde9cc3797cfd24548ed0e8b65e21cc53547e5a11807f00b8b37ecfa5d09bd12", "decode_ms_median": 61.5, "decode_tok_s": 16.3, "rep": 0, "L": 8192}
[p22 r1] per_chunk {"label": "rep0_L8192_msl16384", "v": [[0, 2048, 8219.3, 0.0, 111.33, 5672.3], [1, 4096, 16421.0, 0.0, 111.79, 6230.8], [2, 6144, 24836.0, 0.0, 112.25, 6369.0], [3, 8192, 33190.7, 0.0, 112.64, 5156.2]]}
[p22 r1] oracle {"label": "rep0_L8192_msl16384", "sha": "fde9cc3797cfd24548ed0e8b65e21cc53547e5a11807f00b8b37ecfa5d09bd12", "dec_ms": 61.5, "tok_s": 16.3, "toks": [10624, 3608, 476, 54975, 412, 270, 2883, 4271, 16, 4147, 2619, 2869]}
[p22 r1] arm {"label": "rep0_L16384_base", "driver": "engine", "taps": true, "rows": 16384, "chunk": 2048, "n_chunks": 8, "max_seq_len": 17408, "total_s": 68.37, "tok_s": 239.6, "peak_gb": 113.76, "gpu_ms_total": 0.0, "dispatches_total": 0, "tokens_per_expert_at_chunk": 64.0, "oracle_sha256": "b270128bdeb26ef88f9fe1c1b7161a8b4bae34b6e369ef9310bb57c0435c1ce5", "decode_ms_median": 64.0, "decode_tok_s": 15.6, "rep": 0, "L": 16384}
[p22 r1] per_chunk {"label": "rep0_L16384_base", "v": [[0, 2048, 8036.7, 0.0, 111.34, 5596.8], [1, 4096, 16323.3, 0.0, 111.8, 6482.4], [2, 6144, 24685.0, 0.0, 112.26, 6117.3], [3, 8192, 33121.2, 0.0, 112.64, 5542.0], [4, 10240, 41867.2, 0.0, 113.02, 5264.0], [5, 12288, 50575.4, 0.0, 113.31, 5564.9], [6, 14336, 59318.4, 0.0, 113.76, 5624.3], [7, 16384, 68133.8, 0.0, 113.76, 5712.9]]}
[p22 r1] oracle {"label": "rep0_L16384_base", "sha": "b270128bdeb26ef88f9fe1c1b7161a8b4bae34b6e369ef9310bb57c0435c1ce5", "dec_ms": 64.0, "tok_s": 15.6, "toks": [366, 25126, 81451, 117715, 223, 436, 4086, 270, 2041, 12275, 22343, 603]}
[p22 r1] arm {"label": "rep1_L2048_base", "driver": "engine", "taps": true, "rows": 2048, "chunk": 2048, "n_chunks": 1, "max_seq_len": 3072, "total_s": 8.52, "tok_s": 240.3, "peak_gb": 111.46, "gpu_ms_total": 0.0, "dispatches_total": 0, "tokens_per_expert_at_chunk": 64.0, "oracle_sha256": "b1774115a7c782109460b490dcbfce729df23fbcc5b64f25ca7404fdc47b5190", "decode_ms_median": 58.9, "decode_tok_s": 17.0, "rep": 1, "L": 2048}
[p22 r1] per_chunk {"label": "rep1_L2048_base", "v": [[0, 2048, 8491.8, 0.0, 111.46, 5596.7]]}
[p22 r1] oracle {"label": "rep1_L2048_base", "sha": "b1774115a7c782109460b490dcbfce729df23fbcc5b64f25ca7404fdc47b5190", "dec_ms": 58.9, "tok_s": 17.0, "toks": [31541, 3663, 66, 343, 5936, 14850, 36, 11, 377, 1952, 14485, 16]}
[p22 r1] arm {"label": "rep1_L8192_base", "driver": "engine", "taps": true, "rows": 8192, "chunk": 2048, "n_chunks": 4, "max_seq_len": 9216, "total_s": 33.36, "tok_s": 245.6, "peak_gb": 112.77, "gpu_ms_total": 0.0, "dispatches_total": 0, "tokens_per_expert_at_chunk": 64.0, "oracle_sha256": "fde9cc3797cfd24548ed0e8b65e21cc53547e5a11807f00b8b37ecfa5d09bd12", "decode_ms_median": 61.3, "decode_tok_s": 16.3, "rep": 1, "L": 8192}
[p22 r1] per_chunk {"label": "rep1_L8192_base", "v": [[0, 2048, 8329.5, 0.0, 111.48, 5848.5], [1, 4096, 16632.6, 0.0, 111.93, 6100.7], [2, 6144, 24933.8, 0.0, 112.38, 5930.4], [3, 8192, 33238.2, 0.0, 112.77, 5267.3]]}
[p22 r1] oracle {"label": "rep1_L8192_base", "sha": "fde9cc3797cfd24548ed0e8b65e21cc53547e5a11807f00b8b37ecfa5d09bd12", "dec_ms": 61.3, "tok_s": 16.3, "toks": [10624, 3608, 476, 54975, 412, 270, 2883, 4271, 16, 4147, 2619, 2869]}
[p22 r1] arm {"label": "rep1_L8192_notaps", "driver": "engine", "taps": false, "rows": 8192, "chunk": 2048, "n_chunks": 4, "max_seq_len": 9216, "total_s": 34.39, "tok_s": 238.2, "peak_gb": 112.58, "gpu_ms_total": 0.0, "dispatches_total": 0, "tokens_per_expert_at_chunk": 64.0, "oracle_sha256": "fde9cc3797cfd24548ed0e8b65e21cc53547e5a11807f00b8b37ecfa5d09bd12", "decode_ms_median": 61.7, "decode_tok_s": 16.2, "rep": 1, "L": 8192}
[p22 r1] per_chunk {"label": "rep1_L8192_notaps", "v": [[0, 2048, 8607.3, 0.0, 111.48, 5743.6], [1, 4096, 17118.4, 0.0, 111.86, 6377.6], [2, 6144, 25850.0, 0.0, 112.26, 6508.3], [3, 8192, 34389.0, 0.0, 112.58, 6510.9]]}
[p22 r1] oracle {"label": "rep1_L8192_notaps", "sha": "fde9cc3797cfd24548ed0e8b65e21cc53547e5a11807f00b8b37ecfa5d09bd12", "dec_ms": 61.7, "tok_s": 16.2, "toks": [10624, 3608, 476, 54975, 412, 270, 2883, 4271, 16, 4147, 2619, 2869]}
[p22 r1] arm {"label": "rep1_L8192_pf_fenced", "driver": "pf", "taps": false, "rows": 8192, "chunk": 2048, "n_chunks": 4, "max_seq_len": 9216, "total_s": 33.31, "tok_s": 245.9, "peak_gb": 112.58, "gpu_ms_total": 0.0, "dispatches_total": 0, "tokens_per_expert_at_chunk": 64.0, "oracle_sha256": "fde9cc3797cfd24548ed0e8b65e21cc53547e5a11807f00b8b37ecfa5d09bd12", "decode_ms_median": 61.3, "decode_tok_s": 16.3, "rep": 1, "L": 8192}
[p22 r1] per_chunk {"label": "rep1_L8192_pf_fenced", "v": [[0, 8192, 33312.1, 0.0, 112.58, 0.1]]}
[p22 r1] oracle {"label": "rep1_L8192_pf_fenced", "sha": "fde9cc3797cfd24548ed0e8b65e21cc53547e5a11807f00b8b37ecfa5d09bd12", "dec_ms": 61.3, "tok_s": 16.3, "toks": [10624, 3608, 476, 54975, 412, 270, 2883, 4271, 16, 4147, 2619, 2869]}
[p22 r1] arm {"label": "rep1_L8192_msl16384", "driver": "engine", "taps": true, "rows": 8192, "chunk": 2048, "n_chunks": 4, "max_seq_len": 16384, "total_s": 33.58, "tok_s": 244.0, "peak_gb": 112.82, "gpu_ms_total": 0.0, "dispatches_total": 0, "tokens_per_expert_at_chunk": 64.0, "oracle_sha256": "fde9cc3797cfd24548ed0e8b65e21cc53547e5a11807f00b8b37ecfa5d09bd12", "decode_ms_median": 61.2, "decode_tok_s": 16.3, "rep": 1, "L": 8192}
[p22 r1] per_chunk {"label": "rep1_L8192_msl16384", "v": [[0, 2048, 8188.5, 0.0, 111.51, 5588.4], [1, 4096, 16615.9, 0.0, 111.97, 5563.7], [2, 6144, 25052.8, 0.0, 112.43, 5949.5], [3, 8192, 33456.6, 0.0, 112.82, 5428.6]]}
[p22 r1] oracle {"label": "rep1_L8192_msl16384", "sha": "fde9cc3797cfd24548ed0e8b65e21cc53547e5a11807f00b8b37ecfa5d09bd12", "dec_ms": 61.2, "tok_s": 16.3, "toks": [10624, 3608, 476, 54975, 412, 270, 2883, 4271, 16, 4147, 2619, 2869]}
[p22 r1] arm {"label": "rep1_L16384_base", "driver": "engine", "taps": true, "rows": 16384, "chunk": 2048, "n_chunks": 8, "max_seq_len": 17408, "total_s": 68.72, "tok_s": 238.4, "peak_gb": 113.88, "gpu_ms_total": 0.0, "dispatches_total": 0, "tokens_per_expert_at_chunk": 64.0, "oracle_sha256": "b270128bdeb26ef88f9fe1c1b7161a8b4bae34b6e369ef9310bb57c0435c1ce5", "decode_ms_median": 64.0, "decode_tok_s": 15.6, "rep": 1, "L": 16384}
[p22 r1] per_chunk {"label": "rep1_L16384_base", "v": [[0, 2048, 8255.0, 0.0, 111.52, 5596.8], [1, 4096, 16650.3, 0.0, 111.98, 5563.7], [2, 6144, 25145.1, 0.0, 112.44, 5949.5], [3, 8192, 33593.6, 0.0, 112.82, 5244.2], [4, 10240, 42310.0, 0.0, 113.2, 5264.0], [5, 12288, 51041.7, 0.0, 113.49, 5573.3], [6, 14336, 59695.9, 0.0, 113.88, 5636.7], [7, 16384, 68478.1, 0.0, 113.88, 5578.7]]}
[p22 r1] oracle {"label": "rep1_L16384_base", "sha": "b270128bdeb26ef88f9fe1c1b7161a8b4bae34b6e369ef9310bb57c0435c1ce5", "dec_ms": 64.0, "tok_s": 15.6, "toks": [366, 25126, 81451, 117715, 223, 436, 4086, 270, 2041, 12275, 22343, 603]}
[p22 r1] WROTE {"dir": "/Users/adam.durham/p22_out/run"}
IOConnectUnmapMemory failed: kr=0xe00002c2
IOConnectUnmapMemory failed: kr=0xe00002c2
IOConnectUnmapMemory failed: kr=0xe00002c2
IOConnectUnmapMemory failed: kr=0xe00002c2
