[exl3] built k=3 E=384 _v2_ok()=True
[build] mxfp4 4/32 (PRODUCTION) ...
[build] affine 4/64 ...
[build] affine 4/32 ...
[bytes] EXL3 E=384: 4876.3 MiB (3.01 bpw effective)

====================================================================================================
EXL3 vs PRODUCTION mxfp4 4-bit/gs32  (mx.eval per rep; MLX is lazy)
====================================================================================================
  rows    EXL3 ms   mxfp4 ms   a4/64 ms   a4/32 ms   ex/PROD  ex/a4/64  EXL3 tok/s
     1      1.033      0.387      0.396      0.408     2.666     2.605        24.2
     4      3.168      1.023      1.082      1.188     3.096     2.928         7.9
     8      6.049      1.933      2.042      2.259     3.129     2.962         4.1
   256    147.649     39.109     42.112     42.661     3.775     3.506         0.2
   512    153.048     48.838     52.707     53.551     3.134     2.904         0.2
  1024    156.862     64.830     69.729     70.877     2.420     2.250         0.2
  2048    163.891     98.408    106.669    107.315     1.665     1.536         0.2

VERDICT vs plan gates, against the PRODUCTION baseline:
  decode R=1             exl3/prod =  2.666  gate 1.25  MISS
  verify R=4 (DSpark)    exl3/prod =  3.096  gate 1.25  MISS
  verify R=8             exl3/prod =  3.129  gate 1.25  MISS
  prefill R=512          exl3/prod =  3.134  gate 1.7  MISS
  prefill R=2048         exl3/prod =  1.665  gate 1.7  PASS

If EXL3 replaced ALL 40 MoE layers (upper bound on the speed cost):
  decode: 1.033 ms/layer x 40 = 41.3 ms/token -> 24.2 tok/s (EXL3-only, MoE only)
  prod  : 0.387 ms/layer x 40 = 15.5 ms/token -> 64.6 tok/s (mxfp4, MoE only)

wrote ~/p2_final_results.json
