SWEEP_GONE  2026-09-27 22:17:42
=== fork mlx identity ===
mlx 0.32.3.dev20260918+603f16eb7
None
--- arm flagsOFF  22:17:42 ---
ARM flagsOFF rc=0 22:17:54
   tail:
   |   DIFF chunks=[4, 4, 4, 4]                     first=  93293  next4=[93293, 63915, 28179, 129275, 25057]
   |   OK  chunks=[1, 4, 4, 4, 3]                  first=  73364  next4=[73364, 124703, 123670, 424, 31724]
   |   DIFF chunks=[6, 6, 4]                        first=  93293  next4=[93293, 63915, 28179, 129275, 25057]
   |   OK  chunks=[1, 6, 6, 3]                     first=  73364  next4=[73364, 124703, 123670, 424, 31724]
   |   DIFF chunks=[8, 8]                           first=  93293  next4=[93293, 63915, 28179, 129275, 25057]
   |   OK  chunks=[1, 8, 7]                        first=  73364  next4=[73364, 124703, 123670, 424, 31724]
   | 
   | === VERDICT ===
   |   chunked prefill DIVERGES from one-shot  --> this is a PRE-EXISTING
   |   port bug that the speculative verify forward is the first to hit.
   |   Fix this before any acceptance-rate work; speculative decode cannot
   |   match greedy until a multi-token chunk computes the same thing.
   | 
   | CHUNK-EQUIV-DONE
--- arm flagsGEMV  22:17:54 ---
ARM flagsGEMV rc=0 22:18:04
   tail:
   |   DIFF chunks=[4, 4, 4, 4]                     first=  73364  next4=[73364, 124703, 123670, 74648, 125761]
   |   DIFF chunks=[1, 4, 4, 4, 3]                  first=  73364  next4=[73364, 124703, 123670, 31732, 112848]
   |   DIFF chunks=[6, 6, 4]                        first=  73364  next4=[73364, 124703, 123670, 74648, 125761]
   |   DIFF chunks=[1, 6, 6, 3]                     first=  73364  next4=[73364, 124703, 123670, 31732, 112848]
   |   DIFF chunks=[8, 8]                           first=  73364  next4=[73364, 124703, 123670, 74648, 125761]
   |   DIFF chunks=[1, 8, 7]                        first=  73364  next4=[73364, 124703, 123670, 31732, 112848]
   | 
   | === VERDICT ===
   |   chunked prefill DIVERGES from one-shot  --> this is a PRE-EXISTING
   |   port bug that the speculative verify forward is the first to hit.
   |   Fix this before any acceptance-rate work; speculative decode cannot
   |   match greedy until a multi-token chunk computes the same thing.
   | 
   | CHUNK-EQUIV-DONE
--- arm flagsBOTH  22:18:04 ---
ARM flagsBOTH rc=0 22:18:12
   tail:
   |   DIFF chunks=[4, 4, 4, 4]                     first=  73364  next4=[73364, 124703, 123670, 74648, 125761]
   |   DIFF chunks=[1, 4, 4, 4, 3]                  first=  73364  next4=[73364, 124703, 123670, 94913, 92918]
   |   DIFF chunks=[6, 6, 4]                        first=  73364  next4=[73364, 124703, 123670, 74648, 125761]
   |   DIFF chunks=[1, 6, 6, 3]                     first=  73364  next4=[73364, 124703, 123670, 94913, 92918]
   |   DIFF chunks=[8, 8]                           first=  73364  next4=[73364, 124703, 123670, 74648, 125761]
   |   DIFF chunks=[1, 8, 7]                        first=  73364  next4=[73364, 124703, 123670, 94913, 92918]
   | 
   | === VERDICT ===
   |   chunked prefill DIVERGES from one-shot  --> this is a PRE-EXISTING
   |   port bug that the speculative verify forward is the first to hit.
   |   Fix this before any acceptance-rate work; speculative decode cannot
   |   match greedy until a multi-token chunk computes the same thing.
   | 
   | CHUNK-EQUIV-DONE
CHUNK_EQUIV_DONE 2026-09-27 22:18:12
