Unknown host IPs: 192.168.86.214
100.66.19.20. Running as remote controller.
Starting cluster setup...
-----------------------------------------------------
Discovering active Thunderbolt IPs...
Fetching active Thunderbolt IPs from all nodes...
macstudio-m4-1 routes: -> M4-2 (192.168.200.1)
macstudio-m4-2 routes: -> M4-1 (192.168.200.2)
Verifying direct Thunderbolt links...
  macstudio-m4-1: 1 active TB interfaces ✓
  macstudio-m4-2: 1 active TB interfaces ✓
Testing direct-link connectivity (clearing stale routes first)...
All direct Thunderbolt links verified ✓
Checking per-device RDMA port states (active TB interfaces only)...
  macstudio-m4-1: rdma_en3(en3=192.168.200.1)=PORT_ACTIVE 
  macstudio-m4-2: rdma_en4(en4=192.168.200.2)=PORT_ACTIVE 
  All active-link RDMA ports active \u2713
Skipping IP forwarding (not needed for 2-node direct Thunderbolt link)...
Cross-subnet routes skipped (2-node direct link).
Verifying local commits are pushed to origin/main...
  Local HEAD (ea7e2586cbb73e6450f58a812aad3855d4169684) is on origin/main ✓
Preparing macstudio-m4-1...
Setting Metal memory limit on macstudio-m4-1...
iogpu.wired_limit_mb: 115000 -> 115000
Killing existing Exo processes on macstudio-m4-1...
No Sockets found in /var/folders/w6/9crwsl1n217bq0y62qk2d2h00000gn/T/.screen.

Ensuring Xcode developer directory on macstudio-m4-1...
Syncing repo to macstudio-m4-1 via rsync (canonical source: adams-macbook-pro-m4)...
