[exl3] built k=3 E=384 _v2_ok()=False
[build] mxfp4 4/32 (PRODUCTION) ...
[build] affine 4/64 ...
[build] affine 4/32 ...
[bytes] EXL3 E=384: 4876.3 MiB (3.01 bpw effective)

====================================================================================================
EXL3 vs PRODUCTION mxfp4 4-bit/gs32  (mx.eval per rep; MLX is lazy)
====================================================================================================
  rows    EXL3 ms   mxfp4 ms   a4/64 ms   a4/32 ms   ex/PROD  ex/a4/64  EXL3 tok/s
     1      1.299      0.387      0.397      0.421     3.359     3.268        19.3
     4     12.820      1.057      1.105      1.207    12.133    11.600         2.0
     8     19.983      1.957      2.049      2.266    10.213     9.754         1.3
   256    151.284     39.960     42.850     43.496     3.786     3.531         0.2
   512    153.083     48.460     52.325     53.198     3.159     2.926         0.2
  1024    156.909     65.221     70.159     71.392     2.406     2.236         0.2
  2048    163.820     97.852    104.495    105.809     1.674     1.568         0.2

VERDICT vs plan gates, against the PRODUCTION baseline:
  decode R=1             exl3/prod =  3.359  gate 1.25  MISS
  verify R=4 (DSpark)    exl3/prod = 12.133  gate 1.25  MISS
  verify R=8             exl3/prod = 10.213  gate 1.25  MISS
  prefill R=512          exl3/prod =  3.159  gate 1.7  MISS
  prefill R=2048         exl3/prod =  1.674  gate 1.7  PASS

If EXL3 replaced ALL 40 MoE layers (upper bound on the speed cost):
  decode: 1.299 ms/layer x 40 = 51.9 ms/token -> 19.3 tok/s (EXL3-only, MoE only)
  prod  : 0.387 ms/layer x 40 = 15.5 ms/token -> 64.7 tok/s (mxfp4, MoE only)

wrote ~/p2_final_results.json
