[exl3] built k=3 E=128 _v2_ok()=False
[build] mxfp4 4/32 (PRODUCTION) ...
[build] affine 4/64 ...
[build] affine 4/32 ...
[bytes] EXL3 E=128: 1625.4 MiB (3.01 bpw effective)

====================================================================================================
EXL3 vs PRODUCTION mxfp4 4-bit/gs32  (mx.eval per rep; MLX is lazy)
====================================================================================================
  rows    EXL3 ms   mxfp4 ms   a4/64 ms   a4/32 ms   ex/PROD  ex/a4/64  EXL3 tok/s
     1      1.305      0.386      0.397      0.423     3.379     3.288        19.2
     4     12.251      1.025      1.070      1.173    11.948    11.449         2.0
     8     19.079      1.951      2.039      2.269     9.780     9.358         1.3
   256     52.539     19.374     20.803     21.084     2.712     2.526         0.5
   512     54.140     27.356     29.297     29.609     1.979     1.848         0.5
  1024     59.358     43.965     46.841     47.268     1.350     1.267         0.4
  2048    112.348     76.915     81.541     82.322     1.461     1.378         0.2

VERDICT vs plan gates, against the PRODUCTION baseline:
  decode R=1             exl3/prod =  3.379  gate 1.25  MISS
  verify R=4 (DSpark)    exl3/prod = 11.948  gate 1.25  MISS
  verify R=8             exl3/prod =  9.780  gate 1.25  MISS
  prefill R=512          exl3/prod =  1.979  gate 1.7  MISS
  prefill R=2048         exl3/prod =  1.461  gate 1.7  PASS

If EXL3 replaced ALL 40 MoE layers (upper bound on the speed cost):
  decode: 1.305 ms/layer x 40 = 52.2 ms/token -> 19.2 tok/s (EXL3-only, MoE only)
  prod  : 0.386 ms/layer x 40 = 15.4 ms/token -> 64.7 tok/s (mxfp4, MoE only)

wrote ~/p2_final_results.json
