[exl3] built k=3 E=384 _v2_ok()=True
[build] mxfp4 4/32 (PRODUCTION) ...
[build] affine 4/64 ...
[build] affine 4/32 ...
[bytes] EXL3 E=384: 4876.3 MiB (3.01 bpw effective)

====================================================================================================
EXL3 vs PRODUCTION mxfp4 4-bit/gs32  (mx.eval per rep; MLX is lazy)
====================================================================================================
  rows    EXL3 ms   mxfp4 ms   a4/64 ms   a4/32 ms   ex/PROD  ex/a4/64  EXL3 tok/s
     1      1.029      0.388      0.400      0.414     2.649     2.573        24.3
     4      3.171      1.045      1.104      1.210     3.035     2.871         7.9
     8      6.050      1.943      2.066      2.277     3.114     2.929         4.1
   256    149.588     39.647     42.724     43.359     3.773     3.501         0.2
   512    153.044     49.431     53.356     54.186     3.096     2.868         0.2
  1024    156.872     64.772     69.592     70.802     2.422     2.254         0.2
  2048    163.704     97.226    104.962    106.226     1.684     1.560         0.2

VERDICT vs plan gates, against the PRODUCTION baseline:
  decode R=1             exl3/prod =  2.649  gate 1.25  MISS
  verify R=4 (DSpark)    exl3/prod =  3.035  gate 1.25  MISS
  verify R=8             exl3/prod =  3.114  gate 1.25  MISS
  prefill R=512          exl3/prod =  3.096  gate 1.7  MISS
  prefill R=2048         exl3/prod =  1.684  gate 1.7  PASS

If EXL3 replaced ALL 40 MoE layers (upper bound on the speed cost):
  decode: 1.029 ms/layer x 40 = 41.2 ms/token -> 24.3 tok/s (EXL3-only, MoE only)
  prod  : 0.388 ms/layer x 40 = 15.5 ms/token -> 64.4 tok/s (mxfp4, MoE only)

wrote ~/p2_final_results.json
